2026-07-21 00:06:23.654 +07:00 [INF] Processing 1 due reminder(s).
2026-07-21 00:06:24.625 +07:00 [WRN] [EMAIL] Chưa cấu hình SMTP (appsettings:Email), bỏ qua gửi email tới benhnhan.
2026-07-21 14:38:33.430 +07:00 [INF] HTTP OPTIONS /api/auth/login responded 204 in 25.1529 ms
2026-07-21 14:38:34.587 +07:00 [INF] HTTP POST /api/auth/login responded 200 in 1111.9792 ms
2026-07-21 14:38:34.636 +07:00 [INF] HTTP OPTIONS /api/appointments/doctor responded 204 in 3.9036 ms
2026-07-21 14:38:34.637 +07:00 [INF] HTTP OPTIONS /api/doctor/patients responded 204 in 0.9285 ms
2026-07-21 14:38:34.777 +07:00 [INF] HTTP GET /api/doctor/patients responded 200 in 109.3225 ms
2026-07-21 14:38:34.878 +07:00 [INF] HTTP GET /api/appointments/doctor responded 200 in 210.3541 ms
2026-07-21 14:38:36.876 +07:00 [INF] HTTP GET /api/doctor/patients responded 200 in 64.3567 ms
2026-07-21 14:38:37.279 +07:00 [INF] HTTP GET /api/appointments/doctor responded 200 in 41.7743 ms
2026-07-21 14:38:39.715 +07:00 [INF] HTTP OPTIONS /api/auth/logout responded 204 in 1.0338 ms
2026-07-21 14:38:39.818 +07:00 [INF] HTTP POST /api/auth/logout responded 200 in 96.7213 ms
2026-07-21 14:38:46.393 +07:00 [INF] HTTP OPTIONS /api/auth/login responded 204 in 0.2107 ms
2026-07-21 14:38:46.910 +07:00 [INF] HTTP POST /api/auth/login responded 200 in 512.4588 ms
2026-07-21 14:38:46.938 +07:00 [INF] HTTP OPTIONS /api/doctor/patients responded 204 in 0.4486 ms
2026-07-21 14:38:46.940 +07:00 [INF] HTTP OPTIONS /api/appointments/doctor responded 204 in 1.7635 ms
2026-07-21 14:38:46.976 +07:00 [INF] HTTP GET /api/doctor/patients responded 200 in 32.9054 ms
2026-07-21 14:38:46.978 +07:00 [INF] HTTP GET /api/appointments/doctor responded 200 in 35.6210 ms
2026-07-21 14:40:18.465 +07:00 [INF] HTTP OPTIONS /api/doctor/patients responded 204 in 2.3105 ms
2026-07-21 14:40:18.467 +07:00 [INF] HTTP OPTIONS /api/appointments/doctor responded 204 in 0.8701 ms
2026-07-21 14:40:18.551 +07:00 [INF] HTTP GET /api/doctor/patients responded 200 in 76.8860 ms
2026-07-21 14:40:18.553 +07:00 [INF] HTTP GET /api/appointments/doctor responded 200 in 78.3301 ms
2026-07-21 14:40:23.537 +07:00 [INF] HTTP OPTIONS /api/appointments/doctor responded 204 in 0.7976 ms
2026-07-21 14:40:23.538 +07:00 [INF] HTTP OPTIONS /api/doctor/patients responded 204 in 0.8440 ms
2026-07-21 14:40:23.629 +07:00 [INF] HTTP GET /api/appointments/doctor responded 200 in 84.1098 ms
2026-07-21 14:40:23.629 +07:00 [INF] HTTP GET /api/doctor/patients responded 200 in 84.0925 ms
2026-07-21 14:40:35.557 +07:00 [INF] HTTP OPTIONS /api/appointments/doctor responded 204 in 1.2289 ms
2026-07-21 14:40:35.557 +07:00 [INF] HTTP OPTIONS /api/doctor/patients responded 204 in 0.3874 ms
2026-07-21 14:40:35.678 +07:00 [INF] HTTP GET /api/appointments/doctor responded 200 in 113.5880 ms
2026-07-21 14:40:35.689 +07:00 [INF] HTTP GET /api/doctor/patients responded 200 in 125.9991 ms
2026-07-21 14:40:49.651 +07:00 [INF] HTTP OPTIONS /api/doctor/patients responded 204 in 2.6195 ms
2026-07-21 14:40:49.651 +07:00 [INF] HTTP OPTIONS /api/appointments/doctor responded 204 in 2.5858 ms
2026-07-21 14:40:49.718 +07:00 [INF] HTTP GET /api/doctor/patients responded 200 in 60.9820 ms
2026-07-21 14:40:49.719 +07:00 [INF] HTTP GET /api/appointments/doctor responded 200 in 60.9469 ms
2026-07-21 14:41:09.113 +07:00 [INF] HTTP OPTIONS /api/appointments/doctor responded 204 in 0.9628 ms
2026-07-21 14:41:09.113 +07:00 [INF] HTTP OPTIONS /api/doctor/patients responded 204 in 1.0169 ms
2026-07-21 14:41:09.182 +07:00 [INF] HTTP GET /api/doctor/patients responded 200 in 62.6663 ms
2026-07-21 14:41:09.182 +07:00 [INF] HTTP GET /api/appointments/doctor responded 200 in 62.8724 ms
2026-07-21 14:57:25.458 +07:00 [INF] HTTP OPTIONS /api/doctor/patients responded 204 in 11.7331 ms
2026-07-21 14:57:25.545 +07:00 [INF] HTTP GET /api/doctor/patients responded 401 in 68.4725 ms
2026-07-21 14:57:25.555 +07:00 [INF] HTTP OPTIONS /api/auth/refresh responded 204 in 0.9205 ms
2026-07-21 14:57:25.686 +07:00 [INF] HTTP OPTIONS /api/appointments/doctor responded 204 in 0.9583 ms
2026-07-21 14:57:25.698 +07:00 [INF] HTTP GET /api/doctor/patients responded 401 in 9.2655 ms
2026-07-21 14:57:25.704 +07:00 [INF] HTTP GET /api/appointments/doctor responded 401 in 9.7253 ms
2026-07-21 14:57:26.032 +07:00 [INF] HTTP POST /api/auth/refresh responded 200 in 321.6634 ms
2026-07-21 14:57:26.032 +07:00 [INF] HTTP POST /api/auth/refresh responded 200 in 320.1947 ms
2026-07-21 14:57:26.036 +07:00 [INF] HTTP POST /api/auth/refresh responded 200 in 473.8083 ms
2026-07-21 14:57:26.082 +07:00 [INF] HTTP GET /api/doctor/patients responded 200 in 41.6339 ms
2026-07-21 14:57:26.082 +07:00 [INF] HTTP GET /api/appointments/doctor responded 200 in 40.3648 ms
2026-07-21 14:57:26.094 +07:00 [INF] HTTP GET /api/doctor/patients responded 200 in 8.9800 ms
2026-07-21 14:57:27.219 +07:00 [INF] HTTP GET /api/doctor/patients responded 200 in 31.3906 ms
2026-07-21 14:57:27.711 +07:00 [INF] HTTP GET /api/doctor/patients responded 200 in 12.7403 ms
2026-07-21 14:57:27.711 +07:00 [INF] HTTP GET /api/appointments/doctor responded 200 in 13.3662 ms
2026-07-21 14:57:29.628 +07:00 [INF] HTTP GET /api/appointments/doctor responded 200 in 20.1582 ms
2026-07-21 14:57:30.087 +07:00 [INF] HTTP GET /api/doctor/patients responded 200 in 11.4437 ms
2026-07-21 14:57:30.636 +07:00 [INF] HTTP OPTIONS /api/doctor/patients responded 204 in 0.2403 ms
2026-07-21 14:57:30.655 +07:00 [INF] HTTP GET /api/doctor/patients responded 200 in 15.3709 ms
2026-07-21 14:57:30.655 +07:00 [INF] HTTP GET /api/appointments/doctor responded 200 in 18.3569 ms
2026-07-21 14:57:37.052 +07:00 [INF] HTTP OPTIONS /api/doctor/patients responded 204 in 0.6123 ms
2026-07-21 14:57:37.079 +07:00 [INF] HTTP GET /api/doctor/patients responded 200 in 19.5958 ms
2026-07-21 14:57:37.570 +07:00 [INF] HTTP OPTIONS /api/appointments/doctor responded 204 in 0.1962 ms
2026-07-21 14:57:37.584 +07:00 [INF] HTTP GET /api/doctor/patients responded 200 in 10.8375 ms
2026-07-21 14:57:37.587 +07:00 [INF] HTTP GET /api/appointments/doctor responded 200 in 11.2432 ms
2026-07-21 14:57:39.583 +07:00 [INF] HTTP GET /api/doctor/patients responded 200 in 14.6619 ms
2026-07-21 14:57:40.054 +07:00 [INF] HTTP GET /api/appointments/doctor responded 200 in 12.6843 ms
2026-07-21 14:57:40.054 +07:00 [INF] HTTP GET /api/doctor/patients responded 200 in 12.7387 ms
2026-07-21 14:57:59.536 +07:00 [INF] HTTP OPTIONS /api/doctor/patients responded 204 in 1.2946 ms
2026-07-21 14:57:59.594 +07:00 [INF] HTTP GET /api/doctor/patients responded 200 in 52.7063 ms
2026-07-21 14:58:00.091 +07:00 [INF] HTTP OPTIONS /api/appointments/doctor responded 204 in 0.2264 ms
2026-07-21 14:58:00.132 +07:00 [INF] HTTP GET /api/appointments/doctor responded 200 in 35.2256 ms
2026-07-21 14:58:00.138 +07:00 [INF] HTTP GET /api/doctor/patients responded 200 in 43.8210 ms
2026-07-21 14:58:00.699 +07:00 [INF] HTTP GET /api/doctor/patients responded 200 in 35.7232 ms
2026-07-21 14:58:01.173 +07:00 [INF] HTTP GET /api/appointments/doctor responded 200 in 30.2398 ms
2026-07-21 14:58:01.173 +07:00 [INF] HTTP GET /api/doctor/patients responded 200 in 29.7955 ms
2026-07-21 14:58:15.936 +07:00 [INF] HTTP OPTIONS /api/doctor/patients responded 204 in 0.2852 ms
2026-07-21 14:58:15.951 +07:00 [INF] HTTP GET /api/doctor/patients responded 200 in 11.3740 ms
2026-07-21 14:58:16.294 +07:00 [INF] HTTP OPTIONS /api/appointments/doctor responded 204 in 0.1032 ms
2026-07-21 14:58:16.313 +07:00 [INF] HTTP GET /api/appointments/doctor responded 200 in 15.7925 ms
2026-07-21 14:58:17.099 +07:00 [INF] HTTP GET /api/doctor/patients responded 200 in 11.6702 ms
2026-07-21 14:58:17.102 +07:00 [INF] HTTP GET /api/appointments/doctor responded 200 in 14.5870 ms
2026-07-21 14:58:17.495 +07:00 [INF] HTTP GET /api/doctor/patients responded 200 in 14.0040 ms
2026-07-21 14:59:02.984 +07:00 [INF] HTTP OPTIONS /api/doctor/patients responded 204 in 1.7520 ms
2026-07-21 14:59:03.088 +07:00 [INF] HTTP GET /api/doctor/patients responded 200 in 94.1093 ms
2026-07-21 14:59:54.052 +07:00 [INF] HTTP OPTIONS /api/doctor/patients responded 204 in 3.5633 ms
2026-07-21 14:59:54.140 +07:00 [INF] HTTP GET /api/doctor/patients responded 200 in 74.8282 ms
2026-07-21 15:05:09.222 +07:00 [INF] HTTP OPTIONS /api/appointments/doctor responded 204 in 1.0738 ms
2026-07-21 15:05:09.222 +07:00 [INF] HTTP OPTIONS /api/doctor/patients responded 204 in 1.0739 ms
2026-07-21 15:05:09.310 +07:00 [INF] HTTP GET /api/doctor/patients responded 200 in 77.1069 ms
2026-07-21 15:05:09.331 +07:00 [INF] HTTP GET /api/appointments/doctor responded 200 in 97.9038 ms
2026-07-21 15:05:10.683 +07:00 [INF] HTTP GET /api/appointments/doctor responded 200 in 18.7575 ms
2026-07-21 15:05:11.054 +07:00 [INF] HTTP GET /api/doctor/patients responded 200 in 10.5322 ms
2026-07-21 15:05:11.494 +07:00 [INF] HTTP GET /api/doctor/patients responded 200 in 9.8985 ms
2026-07-21 15:05:11.494 +07:00 [INF] HTTP GET /api/appointments/doctor responded 200 in 10.1196 ms
2026-07-21 15:05:12.828 +07:00 [INF] HTTP GET /api/appointments/doctor responded 200 in 8.3605 ms
2026-07-21 15:05:14.405 +07:00 [INF] HTTP OPTIONS /api/doctor/patients responded 204 in 0.2222 ms
2026-07-21 15:05:14.405 +07:00 [INF] HTTP OPTIONS /api/appointments/doctor responded 204 in 0.1801 ms
2026-07-21 15:05:14.423 +07:00 [INF] HTTP GET /api/appointments/doctor responded 200 in 12.2577 ms
2026-07-21 15:05:14.424 +07:00 [INF] HTTP GET /api/doctor/patients responded 200 in 13.0614 ms
2026-07-21 15:05:20.168 +07:00 [INF] HTTP OPTIONS /api/auth/logout responded 204 in 1.9544 ms
2026-07-21 15:05:20.338 +07:00 [INF] HTTP POST /api/auth/logout responded 200 in 166.8348 ms
2026-07-21 15:05:23.185 +07:00 [INF] HTTP OPTIONS /api/auth/login responded 204 in 0.2315 ms
2026-07-21 15:05:23.801 +07:00 [INF] HTTP POST /api/auth/login responded 200 in 607.6293 ms
2026-07-21 15:05:23.872 +07:00 [INF] HTTP OPTIONS /api/reminders/upcoming responded 204 in 4.1609 ms
2026-07-21 15:05:23.876 +07:00 [INF] HTTP OPTIONS /api/medical-history/follow-ups responded 204 in 0.2466 ms
2026-07-21 15:05:23.876 +07:00 [INF] HTTP OPTIONS /api/health-records responded 204 in 0.0875 ms
2026-07-21 15:05:23.881 +07:00 [INF] HTTP OPTIONS /api/vaccines/overdue responded 204 in 0.1756 ms
2026-07-21 15:05:23.961 +07:00 [INF] HTTP GET /api/reminders/upcoming responded 200 in 80.8873 ms
2026-07-21 15:05:23.968 +07:00 [INF] HTTP GET /api/medical-history/follow-ups responded 200 in 86.0432 ms
2026-07-21 15:05:24.305 +07:00 [INF] HTTP GET /api/vaccines/overdue responded 200 in 416.0448 ms
2026-07-21 15:05:24.356 +07:00 [INF] HTTP GET /api/health-records responded 200 in 470.8280 ms
2026-07-21 15:05:25.088 +07:00 [INF] HTTP GET /api/health-records responded 200 in 14.4475 ms
2026-07-21 15:05:25.722 +07:00 [INF] HTTP GET /api/reminders/upcoming responded 200 in 11.9913 ms
2026-07-21 15:05:25.722 +07:00 [INF] HTTP GET /api/medical-history/follow-ups responded 200 in 12.0692 ms
2026-07-21 15:05:25.737 +07:00 [INF] HTTP GET /api/vaccines/overdue responded 200 in 24.7755 ms
2026-07-21 15:05:25.741 +07:00 [INF] HTTP GET /api/health-records responded 200 in 31.3018 ms
2026-07-21 15:13:15.257 +07:00 [INF] HTTP OPTIONS /api/health-records responded 204 in 0.7377 ms
2026-07-21 15:13:15.257 +07:00 [INF] HTTP OPTIONS /api/vaccines/overdue responded 204 in 0.1148 ms
2026-07-21 15:13:15.257 +07:00 [INF] HTTP OPTIONS /api/reminders/upcoming responded 204 in 2.4162 ms
2026-07-21 15:13:15.257 +07:00 [INF] HTTP OPTIONS /api/medical-history/follow-ups responded 204 in 2.0792 ms
2026-07-21 15:13:15.345 +07:00 [INF] HTTP GET /api/medical-history/follow-ups responded 200 in 76.7139 ms
2026-07-21 15:13:15.349 +07:00 [INF] HTTP GET /api/reminders/upcoming responded 200 in 80.5103 ms
2026-07-21 15:13:15.360 +07:00 [INF] HTTP GET /api/health-records responded 200 in 91.4495 ms
2026-07-21 15:13:15.361 +07:00 [INF] HTTP GET /api/vaccines/overdue responded 200 in 91.8415 ms
2026-07-21 15:13:28.478 +07:00 [INF] HTTP OPTIONS /api/health-records responded 204 in 0.8249 ms
2026-07-21 15:13:28.478 +07:00 [INF] HTTP OPTIONS /api/vaccines/overdue responded 204 in 1.1119 ms
2026-07-21 15:13:28.480 +07:00 [INF] HTTP OPTIONS /api/medical-history/follow-ups responded 204 in 0.1150 ms
2026-07-21 15:13:28.492 +07:00 [INF] HTTP OPTIONS /api/reminders/upcoming responded 204 in 0.5207 ms
2026-07-21 15:13:28.533 +07:00 [INF] HTTP GET /api/medical-history/follow-ups responded 200 in 36.9093 ms
2026-07-21 15:13:28.534 +07:00 [INF] HTTP GET /api/reminders/upcoming responded 200 in 36.9832 ms
2026-07-21 15:13:28.536 +07:00 [INF] HTTP GET /api/vaccines/overdue responded 200 in 42.5892 ms
2026-07-21 15:13:28.546 +07:00 [INF] HTTP GET /api/health-records responded 200 in 51.7334 ms
2026-07-21 15:13:56.553 +07:00 [INF] HTTP OPTIONS /api/medical-history/follow-ups responded 204 in 2.5502 ms
2026-07-21 15:13:56.552 +07:00 [INF] HTTP OPTIONS /api/health-records responded 204 in 1.8331 ms
2026-07-21 15:13:56.555 +07:00 [INF] HTTP OPTIONS /api/vaccines/overdue responded 204 in 0.3111 ms
2026-07-21 15:13:56.563 +07:00 [INF] HTTP OPTIONS /api/reminders/upcoming responded 204 in 0.3845 ms
2026-07-21 15:13:56.581 +07:00 [INF] HTTP GET /api/reminders/upcoming responded 200 in 15.0412 ms
2026-07-21 15:13:56.581 +07:00 [INF] HTTP GET /api/vaccines/overdue responded 200 in 20.0541 ms
2026-07-21 15:13:56.581 +07:00 [INF] HTTP GET /api/medical-history/follow-ups responded 200 in 19.0135 ms
2026-07-21 15:13:56.584 +07:00 [INF] HTTP GET /api/health-records responded 200 in 23.6209 ms
2026-07-21 15:15:23.749 +07:00 [INF] HTTP OPTIONS /api/health-records responded 204 in 7.2580 ms
2026-07-21 15:15:23.806 +07:00 [INF] HTTP GET /api/health-records responded 200 in 47.9231 ms
2026-07-21 15:15:24.212 +07:00 [INF] HTTP OPTIONS /api/vaccines/overdue responded 204 in 0.2037 ms
2026-07-21 15:15:24.212 +07:00 [INF] HTTP OPTIONS /api/medical-history/follow-ups responded 204 in 0.2964 ms
2026-07-21 15:15:24.212 +07:00 [INF] HTTP OPTIONS /api/reminders/upcoming responded 204 in 0.1913 ms
2026-07-21 15:15:24.242 +07:00 [INF] HTTP GET /api/health-records responded 200 in 29.0678 ms
2026-07-21 15:15:24.250 +07:00 [INF] HTTP GET /api/medical-history/follow-ups responded 200 in 31.7289 ms
2026-07-21 15:15:24.253 +07:00 [INF] HTTP GET /api/vaccines/overdue responded 200 in 35.2137 ms
2026-07-21 15:15:24.253 +07:00 [INF] HTTP GET /api/reminders/upcoming responded 200 in 35.2185 ms
2026-07-21 15:15:25.573 +07:00 [INF] HTTP GET /api/health-records responded 200 in 12.1899 ms
2026-07-21 15:15:25.986 +07:00 [INF] HTTP OPTIONS /api/appointments responded 204 in 0.1880 ms
2026-07-21 15:15:26.133 +07:00 [INF] HTTP GET /api/appointments responded 200 in 140.9263 ms
2026-07-21 15:15:26.839 +07:00 [INF] HTTP GET /api/reminders/upcoming responded 200 in 16.9746 ms
2026-07-21 15:15:26.839 +07:00 [INF] HTTP GET /api/medical-history/follow-ups responded 200 in 22.5131 ms
2026-07-21 15:15:26.842 +07:00 [INF] HTTP GET /api/vaccines/overdue responded 200 in 20.7327 ms
2026-07-21 15:15:26.846 +07:00 [INF] HTTP GET /api/health-records responded 200 in 29.0048 ms
2026-07-21 15:16:20.233 +07:00 [INF] HTTP OPTIONS /api/health-records responded 204 in 0.3910 ms
2026-07-21 15:16:20.265 +07:00 [INF] HTTP GET /api/health-records responded 200 in 26.9233 ms
2026-07-21 15:16:20.700 +07:00 [INF] HTTP OPTIONS /api/vaccines/overdue responded 204 in 0.1410 ms
2026-07-21 15:16:20.700 +07:00 [INF] HTTP OPTIONS /api/medical-history/follow-ups responded 204 in 0.1080 ms
2026-07-21 15:16:20.700 +07:00 [INF] HTTP OPTIONS /api/reminders/upcoming responded 204 in 0.0372 ms
2026-07-21 15:16:20.725 +07:00 [INF] HTTP GET /api/reminders/upcoming responded 200 in 21.5736 ms
2026-07-21 15:16:20.726 +07:00 [INF] HTTP GET /api/health-records responded 200 in 24.0038 ms
2026-07-21 15:16:20.726 +07:00 [INF] HTTP GET /api/medical-history/follow-ups responded 200 in 22.3765 ms
2026-07-21 15:16:20.730 +07:00 [INF] HTTP GET /api/vaccines/overdue responded 200 in 26.3912 ms
2026-07-21 15:16:21.425 +07:00 [INF] HTTP OPTIONS /api/medical-history responded 204 in 0.1723 ms
2026-07-21 15:16:21.443 +07:00 [INF] HTTP GET /api/medical-history/follow-ups responded 200 in 17.4184 ms
2026-07-21 15:16:21.449 +07:00 [INF] HTTP GET /api/health-records responded 200 in 24.4549 ms
2026-07-21 15:16:21.567 +07:00 [INF] HTTP GET /api/medical-history responded 200 in 127.9673 ms
2026-07-21 15:16:22.348 +07:00 [INF] HTTP OPTIONS /api/vaccines responded 204 in 0.1952 ms
2026-07-21 15:16:22.375 +07:00 [INF] HTTP GET /api/vaccines/overdue responded 200 in 26.7868 ms
2026-07-21 15:16:22.400 +07:00 [INF] HTTP GET /api/health-records responded 200 in 51.9939 ms
2026-07-21 15:16:22.458 +07:00 [INF] HTTP GET /api/vaccines responded 200 in 101.8473 ms
2026-07-21 15:16:22.862 +07:00 [INF] HTTP OPTIONS /api/prescriptions responded 204 in 0.2033 ms
2026-07-21 15:16:23.023 +07:00 [INF] HTTP GET /api/prescriptions responded 200 in 157.7426 ms
2026-07-21 15:16:23.755 +07:00 [INF] HTTP OPTIONS /api/reminders responded 204 in 2.0423 ms
2026-07-21 15:16:23.758 +07:00 [INF] HTTP OPTIONS /api/reminders/upcoming responded 204 in 0.7119 ms
2026-07-21 15:16:23.773 +07:00 [INF] HTTP GET /api/reminders/upcoming responded 200 in 9.3826 ms
2026-07-21 15:16:23.809 +07:00 [INF] HTTP GET /api/reminders responded 200 in 45.6680 ms
2026-07-21 15:16:24.212 +07:00 [INF] HTTP GET /api/prescriptions responded 200 in 15.6983 ms
2026-07-21 15:16:25.020 +07:00 [INF] HTTP GET /api/vaccines/overdue responded 200 in 10.8042 ms
2026-07-21 15:16:25.020 +07:00 [INF] HTTP GET /api/vaccines responded 200 in 17.1514 ms
2026-07-21 15:16:25.021 +07:00 [INF] HTTP GET /api/health-records responded 200 in 20.1986 ms
2026-07-21 15:16:25.663 +07:00 [INF] HTTP GET /api/prescriptions responded 200 in 16.2790 ms
2026-07-21 15:16:26.105 +07:00 [INF] HTTP GET /api/reminders/upcoming responded 200 in 8.3898 ms
2026-07-21 15:16:26.106 +07:00 [INF] HTTP GET /api/reminders responded 200 in 8.6611 ms
2026-07-21 15:21:53.593 +07:00 [INF] HTTP OPTIONS /api/health-records responded 204 in 2.7185 ms
2026-07-21 15:21:53.618 +07:00 [INF] HTTP GET /api/health-records responded 401 in 13.5590 ms
2026-07-21 15:21:53.626 +07:00 [INF] HTTP OPTIONS /api/auth/refresh responded 204 in 0.3941 ms
2026-07-21 15:21:53.796 +07:00 [INF] HTTP POST /api/auth/refresh responded 200 in 167.4290 ms
2026-07-21 15:21:53.834 +07:00 [INF] HTTP GET /api/health-records responded 200 in 30.6912 ms
2026-07-21 15:21:54.036 +07:00 [INF] HTTP OPTIONS /api/reminders/upcoming responded 204 in 0.0835 ms
2026-07-21 15:21:54.036 +07:00 [INF] HTTP OPTIONS /api/medical-history/follow-ups responded 204 in 0.1911 ms
2026-07-21 15:21:54.037 +07:00 [INF] HTTP OPTIONS /api/vaccines/overdue responded 204 in 0.1235 ms
2026-07-21 15:21:54.069 +07:00 [INF] HTTP GET /api/vaccines/overdue responded 200 in 25.2885 ms
2026-07-21 15:21:54.088 +07:00 [INF] HTTP GET /api/health-records responded 200 in 51.6978 ms
2026-07-21 15:21:54.089 +07:00 [INF] HTTP GET /api/medical-history/follow-ups responded 200 in 47.8020 ms
2026-07-21 15:21:54.100 +07:00 [INF] HTTP GET /api/reminders/upcoming responded 200 in 58.8568 ms
2026-07-21 15:21:55.176 +07:00 [INF] HTTP GET /api/health-records responded 200 in 12.5016 ms
2026-07-21 15:21:55.575 +07:00 [INF] HTTP OPTIONS /api/appointments responded 204 in 0.2073 ms
2026-07-21 15:21:55.611 +07:00 [INF] HTTP GET /api/appointments responded 200 in 26.5768 ms
2026-07-21 15:21:56.047 +07:00 [INF] HTTP GET /api/health-records responded 200 in 13.4218 ms
2026-07-21 15:21:56.500 +07:00 [INF] HTTP GET /api/medical-history/follow-ups responded 200 in 15.7510 ms
2026-07-21 15:21:56.500 +07:00 [INF] HTTP GET /api/vaccines/overdue responded 200 in 15.8169 ms
2026-07-21 15:21:56.505 +07:00 [INF] HTTP GET /api/health-records responded 200 in 20.7517 ms
2026-07-21 15:21:56.506 +07:00 [INF] HTTP GET /api/reminders/upcoming responded 200 in 16.3366 ms
2026-07-21 15:21:57.203 +07:00 [INF] HTTP GET /api/appointments responded 200 in 10.9313 ms
2026-07-21 15:21:57.593 +07:00 [INF] HTTP OPTIONS /api/medical-history responded 204 in 0.2636 ms
2026-07-21 15:21:57.619 +07:00 [INF] HTTP GET /api/medical-history/follow-ups responded 200 in 24.0915 ms
2026-07-21 15:21:57.626 +07:00 [INF] HTTP GET /api/health-records responded 200 in 33.3863 ms
2026-07-21 15:21:57.629 +07:00 [INF] HTTP GET /api/medical-history responded 200 in 33.7050 ms
2026-07-21 15:21:58.402 +07:00 [INF] HTTP OPTIONS /api/vaccines responded 204 in 0.2648 ms
2026-07-21 15:21:58.413 +07:00 [INF] HTTP GET /api/vaccines/overdue responded 200 in 9.7699 ms
2026-07-21 15:21:58.421 +07:00 [INF] HTTP GET /api/health-records responded 200 in 18.6213 ms
2026-07-21 15:21:58.429 +07:00 [INF] HTTP GET /api/vaccines responded 200 in 24.5961 ms
2026-07-21 15:21:58.971 +07:00 [INF] HTTP OPTIONS /api/health-records responded 204 in 0.1983 ms
2026-07-21 15:21:58.982 +07:00 [INF] HTTP GET /api/reminders/upcoming responded 200 in 10.3515 ms
2026-07-21 15:21:58.985 +07:00 [INF] HTTP GET /api/medical-history/follow-ups responded 200 in 13.1527 ms
2026-07-21 15:21:58.986 +07:00 [INF] HTTP GET /api/vaccines/overdue responded 200 in 14.5768 ms
2026-07-21 15:21:58.993 +07:00 [INF] HTTP GET /api/health-records responded 200 in 13.8885 ms
2026-07-21 15:22:52.039 +07:00 [INF] HTTP OPTIONS /api/medical-history/follow-ups responded 204 in 7.7050 ms
2026-07-21 15:22:52.039 +07:00 [INF] HTTP OPTIONS /api/health-records responded 204 in 8.0845 ms
2026-07-21 15:22:52.043 +07:00 [INF] HTTP OPTIONS /api/reminders/upcoming responded 204 in 0.2910 ms
2026-07-21 15:22:52.054 +07:00 [INF] HTTP OPTIONS /api/vaccines/overdue responded 204 in 0.3609 ms
2026-07-21 15:22:52.136 +07:00 [INF] HTTP GET /api/medical-history/follow-ups responded 200 in 83.7056 ms
2026-07-21 15:22:52.136 +07:00 [INF] HTTP GET /api/reminders/upcoming responded 200 in 73.4017 ms
2026-07-21 15:22:52.136 +07:00 [INF] HTTP GET /api/vaccines/overdue responded 200 in 76.1792 ms
2026-07-21 15:22:52.141 +07:00 [INF] HTTP GET /api/health-records responded 200 in 87.1011 ms
2026-07-21 15:29:44.744 +07:00 [INF] HTTP OPTIONS /api/health-records responded 204 in 1.4415 ms
2026-07-21 15:29:44.812 +07:00 [INF] HTTP GET /api/health-records responded 200 in 60.9846 ms
2026-07-21 15:29:45.622 +07:00 [INF] HTTP OPTIONS /api/reminders/upcoming responded 204 in 0.3057 ms
2026-07-21 15:29:45.622 +07:00 [INF] HTTP OPTIONS /api/vaccines/overdue responded 204 in 0.7816 ms
2026-07-21 15:29:45.622 +07:00 [INF] HTTP OPTIONS /api/medical-history/follow-ups responded 204 in 0.1973 ms
2026-07-21 15:29:45.676 +07:00 [INF] HTTP GET /api/vaccines/overdue responded 200 in 48.8006 ms
2026-07-21 15:29:45.717 +07:00 [INF] HTTP GET /api/medical-history/follow-ups responded 200 in 89.3705 ms
2026-07-21 15:29:45.717 +07:00 [INF] HTTP GET /api/reminders/upcoming responded 200 in 89.8060 ms
2026-07-21 15:29:45.724 +07:00 [INF] HTTP GET /api/health-records responded 200 in 101.3502 ms
2026-07-21 18:31:57.961 +07:00 [INF] ReminderBackgroundService started.
2026-07-21 18:31:58.451 +07:00 [WRN] The WebRootPath was not found: C:\HealthPlus\HealthPlus\HealthPlus\wwwroot. Static files may be unavailable.
2026-07-21 18:31:58.930 +07:00 [INF] HTTP GET /api/health responded 404 in 57.7440 ms
2026-07-21 18:32:06.628 +07:00 [INF] HTTP POST /api/auth/login responded 200 in 2320.1999 ms
2026-07-21 18:32:37.250 +07:00 [INF] HTTP OPTIONS /api/auth/login responded 204 in 8.8864 ms
2026-07-21 18:32:37.956 +07:00 [INF] HTTP POST /api/auth/login responded 200 in 681.7800 ms
2026-07-21 18:32:38.036 +07:00 [INF] HTTP OPTIONS /api/vaccines/overdue responded 204 in 5.0599 ms
2026-07-21 18:32:38.035 +07:00 [INF] HTTP OPTIONS /api/health-records responded 204 in 3.4315 ms
2026-07-21 18:32:38.036 +07:00 [INF] HTTP OPTIONS /api/medical-history/follow-ups responded 204 in 0.4380 ms
2026-07-21 18:32:38.036 +07:00 [INF] HTTP OPTIONS /api/reminders/upcoming responded 204 in 0.6962 ms
2026-07-21 18:32:38.723 +07:00 [INF] HTTP GET /api/reminders/upcoming responded 200 in 670.0471 ms
2026-07-21 18:32:38.734 +07:00 [INF] HTTP GET /api/medical-history/follow-ups responded 200 in 681.3089 ms
2026-07-21 18:32:38.774 +07:00 [INF] HTTP GET /api/vaccines/overdue responded 200 in 720.9364 ms
2026-07-21 18:32:39.075 +07:00 [INF] HTTP GET /api/health-records responded 200 in 1021.5628 ms
2026-07-21 18:32:41.659 +07:00 [INF] HTTP GET /api/health-records responded 200 in 125.3330 ms
2026-07-21 18:32:42.534 +07:00 [INF] HTTP OPTIONS /api/appointments responded 204 in 1.5522 ms
2026-07-21 18:32:42.783 +07:00 [INF] HTTP GET /api/appointments responded 200 in 239.4691 ms
2026-07-21 18:32:43.359 +07:00 [INF] HTTP OPTIONS /api/health-records responded 204 in 0.7417 ms
2026-07-21 18:32:43.437 +07:00 [INF] HTTP GET /api/health-records responded 200 in 67.1055 ms
2026-07-21 18:32:43.991 +07:00 [INF] HTTP GET /api/appointments responded 200 in 59.8267 ms
2026-07-21 18:32:45.120 +07:00 [INF] HTTP GET /api/health-records responded 200 in 46.5056 ms
2026-07-21 18:32:48.176 +07:00 [INF] HTTP OPTIONS /api/medical-history responded 204 in 0.9323 ms
2026-07-21 18:32:48.176 +07:00 [INF] HTTP OPTIONS /api/medical-history/follow-ups responded 204 in 0.2839 ms
2026-07-21 18:32:48.260 +07:00 [INF] HTTP GET /api/medical-history/follow-ups responded 200 in 72.9365 ms
2026-07-21 18:32:48.261 +07:00 [INF] HTTP GET /api/health-records responded 200 in 83.8148 ms
2026-07-21 18:32:48.332 +07:00 [INF] HTTP GET /api/medical-history responded 200 in 136.4871 ms
2026-07-21 18:32:49.283 +07:00 [INF] HTTP OPTIONS /api/vaccines responded 204 in 6.1191 ms
2026-07-21 18:32:49.283 +07:00 [INF] HTTP OPTIONS /api/health-records responded 204 in 5.1985 ms
2026-07-21 18:32:49.283 +07:00 [INF] HTTP OPTIONS /api/vaccines/overdue responded 204 in 4.9779 ms
2026-07-21 18:32:49.505 +07:00 [INF] HTTP GET /api/vaccines/overdue responded 200 in 187.7395 ms
2026-07-21 18:32:49.525 +07:00 [INF] HTTP GET /api/health-records responded 200 in 208.9149 ms
2026-07-21 18:32:49.569 +07:00 [INF] HTTP GET /api/vaccines responded 200 in 251.1007 ms
2026-07-21 18:32:51.327 +07:00 [INF] HTTP OPTIONS /api/prescriptions responded 204 in 1.6323 ms
2026-07-21 18:32:51.490 +07:00 [INF] HTTP GET /api/prescriptions responded 200 in 146.2750 ms
2026-07-21 18:32:53.290 +07:00 [INF] HTTP OPTIONS /api/reminders/upcoming responded 204 in 1.2394 ms
2026-07-21 18:32:53.290 +07:00 [INF] HTTP OPTIONS /api/reminders responded 204 in 1.1122 ms
2026-07-21 18:32:53.376 +07:00 [INF] HTTP GET /api/reminders/upcoming responded 200 in 65.1601 ms
2026-07-21 18:32:53.428 +07:00 [INF] HTTP GET /api/reminders responded 200 in 118.5979 ms
2026-07-21 18:42:56.826 +07:00 [INF] HTTP OPTIONS /api/reminders responded 204 in 8.0611 ms
2026-07-21 18:42:56.825 +07:00 [INF] HTTP OPTIONS /api/reminders/upcoming responded 204 in 8.0488 ms
2026-07-21 18:42:57.173 +07:00 [INF] HTTP GET /api/reminders responded 200 in 325.6337 ms
2026-07-21 18:42:57.265 +07:00 [INF] HTTP GET /api/reminders/upcoming responded 200 in 417.9624 ms
2026-07-21 18:43:13.503 +07:00 [INF] HTTP GET /api/health responded 404 in 2.0438 ms
2026-07-21 18:43:22.232 +07:00 [INF] HTTP POST /api/auth/login responded 200 in 601.9649 ms
2026-07-21 23:41:15.953 +07:00 [INF] ReminderBackgroundService started.
2026-07-21 23:41:16.501 +07:00 [WRN] The WebRootPath was not found: C:\HealthPlus\HealthPlus\HealthPlus\wwwroot. Static files may be unavailable.
2026-07-21 23:41:24.522 +07:00 [INF] HTTP GET /api/auth/login responded 405 in 72.5618 ms
2026-07-21 23:41:25.787 +07:00 [INF] HTTP GET /api/auth/login responded 405 in 7.3101 ms
2026-07-21 23:41:26.952 +07:00 [INF] HTTP GET /api/auth/login responded 405 in 5.2517 ms
2026-07-21 23:41:28.121 +07:00 [INF] HTTP GET /api/auth/login responded 405 in 0.3216 ms
2026-07-21 23:41:29.321 +07:00 [INF] HTTP GET /api/auth/login responded 405 in 1.0729 ms
2026-07-21 23:41:30.513 +07:00 [INF] HTTP GET /api/auth/login responded 405 in 0.8692 ms
2026-07-21 23:41:31.681 +07:00 [INF] HTTP GET /api/auth/login responded 405 in 0.6338 ms
2026-07-21 23:41:32.905 +07:00 [INF] HTTP GET /api/auth/login responded 405 in 1.2813 ms
2026-07-21 23:42:57.870 +07:00 [INF] HTTP GET /api/auth/login responded 405 in 1.1217 ms
2026-07-21 23:42:59.151 +07:00 [INF] HTTP GET /api/auth/login responded 405 in 0.7624 ms
2026-07-21 23:43:00.354 +07:00 [INF] HTTP GET /api/auth/login responded 405 in 1.6291 ms
2026-07-21 23:43:01.551 +07:00 [INF] HTTP GET /api/auth/login responded 405 in 0.7876 ms
2026-07-21 23:43:02.759 +07:00 [INF] HTTP GET /api/auth/login responded 405 in 0.5770 ms
2026-07-21 23:43:03.976 +07:00 [INF] HTTP GET /api/auth/login responded 405 in 0.2681 ms
2026-07-21 23:43:05.192 +07:00 [INF] HTTP GET /api/auth/login responded 405 in 0.4621 ms
2026-07-21 23:43:06.394 +07:00 [INF] HTTP GET /api/auth/login responded 405 in 0.9417 ms
2026-07-21 23:43:07.594 +07:00 [INF] HTTP GET /api/auth/login responded 405 in 0.6125 ms
2026-07-21 23:43:08.782 +07:00 [INF] HTTP GET /api/auth/login responded 405 in 0.7177 ms
2026-07-21 23:43:10.001 +07:00 [INF] HTTP GET /api/auth/login responded 405 in 0.2583 ms
2026-07-21 23:43:11.187 +07:00 [INF] HTTP GET /api/auth/login responded 405 in 0.2102 ms
2026-07-21 23:43:12.361 +07:00 [INF] HTTP GET /api/auth/login responded 405 in 0.5753 ms
2026-07-21 23:43:13.572 +07:00 [INF] HTTP GET /api/auth/login responded 405 in 0.5185 ms
2026-07-21 23:43:14.735 +07:00 [INF] HTTP GET /api/auth/login responded 405 in 0.3930 ms
2026-07-21 23:43:15.941 +07:00 [INF] HTTP GET /api/auth/login responded 405 in 0.7167 ms
2026-07-21 23:43:17.103 +07:00 [INF] HTTP GET /api/auth/login responded 405 in 0.2702 ms
2026-07-21 23:43:36.655 +07:00 [INF] HTTP POST /api/auth/login responded 200 in 2494.1365 ms
2026-07-21 23:43:58.751 +07:00 [INF] HTTP OPTIONS /api/reminders responded 204 in 15.9759 ms
2026-07-21 23:43:58.751 +07:00 [INF] HTTP OPTIONS /api/reminders/upcoming responded 204 in 15.1593 ms
2026-07-21 23:43:59.053 +07:00 [INF] HTTP GET /api/reminders/upcoming responded 401 in 264.4699 ms
2026-07-21 23:43:59.053 +07:00 [INF] HTTP GET /api/reminders responded 401 in 263.6959 ms
2026-07-21 23:43:59.071 +07:00 [INF] HTTP OPTIONS /api/auth/refresh responded 204 in 0.7195 ms
2026-07-21 23:43:59.072 +07:00 [INF] HTTP OPTIONS /api/auth/refresh responded 204 in 0.2098 ms
2026-07-21 23:43:59.791 +07:00 [INF] HTTP POST /api/auth/refresh responded 200 in 713.2386 ms
2026-07-21 23:43:59.802 +07:00 [INF] HTTP POST /api/auth/refresh responded 200 in 724.1820 ms
2026-07-21 23:44:00.052 +07:00 [INF] HTTP GET /api/reminders/upcoming responded 200 in 241.6652 ms
2026-07-21 23:44:00.142 +07:00 [INF] HTTP GET /api/reminders responded 200 in 337.0747 ms
2026-07-21 23:44:03.185 +07:00 [INF] HTTP OPTIONS /api/auth/logout responded 204 in 5.6513 ms
2026-07-21 23:44:03.571 +07:00 [INF] HTTP POST /api/auth/logout responded 200 in 341.8480 ms
