2026-07-19 21:44:55.537 +07:00 [INF] Đã seed tài khoản demo: admin/123 (Admin), bacsi/123 (Bác sĩ), benhnhan/123 (Bệnh nhân)
2026-07-19 21:44:55.870 +07:00 [INF] ReminderBackgroundService started.
2026-07-19 21:44:56.228 +07:00 [WRN] The WebRootPath was not found: C:\HealthPlus\HealthPlus\HealthPlus\wwwroot. Static files may be unavailable.
2026-07-19 21:45:39.122 +07:00 [INF] HTTP POST /api/auth/login responded 400 in 431.3135 ms
2026-07-19 21:46:17.467 +07:00 [INF] ReminderBackgroundService started.
2026-07-19 21:46:17.769 +07:00 [WRN] The WebRootPath was not found: C:\HealthPlus\HealthPlus\HealthPlus\wwwroot. Static files may be unavailable.
2026-07-19 21:46:32.813 +07:00 [INF] HTTP POST /api/auth/login responded 200 in 2148.9848 ms
2026-07-19 21:46:33.405 +07:00 [INF] HTTP POST /api/auth/login responded 200 in 483.6815 ms
2026-07-19 21:46:33.922 +07:00 [INF] HTTP POST /api/auth/login responded 200 in 436.9733 ms
2026-07-19 21:46:48.159 +07:00 [INF] HTTP POST /api/auth/login responded 200 in 519.4169 ms
2026-07-19 21:46:48.283 +07:00 [INF] HTTP GET /api/admin/dashboard responded 401 in 18.8233 ms
2026-07-19 21:46:48.376 +07:00 [INF] HTTP GET /api/admin/users responded 401 in 7.6950 ms
2026-07-19 21:46:48.461 +07:00 [INF] HTTP GET /api/admin/doctor-patients responded 401 in 2.8286 ms
2026-07-19 21:46:48.539 +07:00 [INF] HTTP GET /api/admin/roles responded 401 in 0.6579 ms
2026-07-19 21:46:48.622 +07:00 [INF] HTTP GET /api/admin/settings responded 401 in 2.0702 ms
2026-07-19 21:46:57.869 +07:00 [INF] HTTP POST /api/auth/login responded 200 in 447.9430 ms
2026-07-19 21:46:58.243 +07:00 [INF] HTTP GET /api/admin/dashboard responded 200 in 285.8539 ms
2026-07-19 21:46:58.400 +07:00 [INF] HTTP GET /api/admin/users responded 200 in 84.5868 ms
2026-07-19 21:46:58.562 +07:00 [INF] HTTP GET /api/admin/doctor-patients responded 200 in 80.6702 ms
2026-07-19 21:46:58.653 +07:00 [INF] HTTP GET /api/admin/roles responded 200 in 18.1581 ms
2026-07-19 21:46:58.765 +07:00 [INF] HTTP GET /api/admin/settings responded 200 in 38.4676 ms
2026-07-19 21:47:09.013 +07:00 [INF] HTTP POST /api/auth/login responded 200 in 525.5410 ms
2026-07-19 21:47:09.226 +07:00 [INF] HTTP GET /api/doctor/patients responded 200 in 113.8238 ms
2026-07-19 21:47:09.573 +07:00 [INF] HTTP GET /api/doctor/patients/adcd8313-d3da-49dc-98d2-08dc1d7e74f5 responded 200 in 275.2523 ms
2026-07-19 21:47:18.015 +07:00 [INF] HTTP POST /api/doctor/patients//medical-history responded 404 in 1.1197 ms
2026-07-19 21:47:18.093 +07:00 [INF] HTTP POST /api/doctor/patients//prescriptions responded 404 in 0.2864 ms
2026-07-19 21:47:36.395 +07:00 [INF] HTTP POST /api/auth/login responded 200 in 444.0310 ms
2026-07-19 21:47:36.584 +07:00 [INF] HTTP POST /api/doctor/patients/adcd8313-d3da-49dc-98d2-08dc1d7e74f5/medical-history responded 400 in 89.1834 ms
2026-07-19 21:47:36.816 +07:00 [INF] HTTP POST /api/doctor/patients/adcd8313-d3da-49dc-98d2-08dc1d7e74f5/prescriptions responded 200 in 153.0004 ms
2026-07-19 21:47:37.266 +07:00 [INF] HTTP POST /api/doctor/patients/adcd8313-d3da-49dc-98d2-08dc1d7e74f5/prescriptions/b549e993-c161-4792-9020-a45bb8c6eb00/items responded 200 in 145.4429 ms
2026-07-19 21:47:37.379 +07:00 [INF] HTTP GET /api/doctor/patients/adcd8313-d3da-49dc-98d2-08dc1d7e74f5 responded 200 in 39.4554 ms
2026-07-19 21:47:49.778 +07:00 [INF] HTTP POST /api/auth/login responded 200 in 449.4760 ms
2026-07-19 21:47:50.117 +07:00 [INF] HTTP POST /api/doctor/patients/adcd8313-d3da-49dc-98d2-08dc1d7e74f5/medical-history responded 200 in 179.6238 ms
2026-07-19 21:48:07.695 +07:00 [INF] HTTP POST /api/auth/login responded 200 in 438.4104 ms
2026-07-19 21:48:08.396 +07:00 [INF] HTTP POST /api/admin/doctors responded 200 in 606.0850 ms
2026-07-19 21:48:08.755 +07:00 [INF] HTTP PUT /api/admin/users/7b7ca2c1-a852-4b8f-a907-b5f91434beb4/status responded 200 in 50.4050 ms
2026-07-19 21:48:08.847 +07:00 [INF] HTTP PUT /api/admin/users/7b7ca2c1-a852-4b8f-a907-b5f91434beb4/status responded 200 in 17.6429 ms
2026-07-19 21:48:08.958 +07:00 [INF] HTTP GET /api/admin/roles/2/permissions responded 200 in 35.6182 ms
2026-07-19 21:48:09.118 +07:00 [INF] HTTP PUT /api/admin/roles/2/permissions responded 200 in 87.6128 ms
2026-07-19 21:48:09.198 +07:00 [INF] HTTP GET /api/admin/roles/2/permissions responded 200 in 7.9803 ms
2026-07-19 21:48:09.296 +07:00 [INF] HTTP PUT /api/admin/roles/2/permissions responded 200 in 23.0711 ms
2026-07-19 21:48:09.375 +07:00 [INF] HTTP GET /api/admin/roles/2/permissions responded 200 in 5.6061 ms
2026-07-19 21:48:09.535 +07:00 [INF] HTTP PUT /api/admin/settings/reminder.advance_days responded 200 in 81.4391 ms
2026-07-19 21:48:09.622 +07:00 [INF] HTTP PUT /api/admin/settings/reminder.advance_days responded 200 in 11.3001 ms
2026-07-19 21:48:20.093 +07:00 [INF] HTTP POST /api/auth/login responded 200 in 460.1545 ms
2026-07-19 21:48:20.249 +07:00 [INF] HTTP GET /api/medical-history responded 200 in 38.3583 ms
2026-07-19 21:48:20.351 +07:00 [INF] HTTP GET /api/prescriptions responded 200 in 18.1992 ms
2026-07-19 21:51:08.722 +07:00 [INF] HTTP OPTIONS /api/auth/login responded 204 in 29.6092 ms
2026-07-19 21:51:09.472 +07:00 [INF] HTTP POST /api/auth/login responded 200 in 714.5225 ms
2026-07-19 21:51:09.616 +07:00 [INF] HTTP OPTIONS /api/admin/dashboard responded 204 in 1.2870 ms
2026-07-19 21:51:09.727 +07:00 [INF] HTTP GET /api/admin/dashboard responded 200 in 101.0547 ms
2026-07-19 21:51:12.481 +07:00 [INF] HTTP OPTIONS /api/admin/users responded 204 in 1.1086 ms
2026-07-19 21:51:12.573 +07:00 [INF] HTTP GET /api/admin/users responded 200 in 77.3999 ms
2026-07-19 21:51:16.943 +07:00 [INF] HTTP OPTIONS /api/admin/doctor-patients responded 204 in 1.8389 ms
2026-07-19 21:51:17.000 +07:00 [INF] HTTP GET /api/admin/doctor-patients responded 200 in 50.3763 ms
2026-07-19 21:51:19.030 +07:00 [INF] HTTP OPTIONS /api/admin/permissions responded 204 in 1.4956 ms
2026-07-19 21:51:19.030 +07:00 [INF] HTTP OPTIONS /api/admin/roles responded 204 in 1.4397 ms
2026-07-19 21:51:19.057 +07:00 [INF] HTTP GET /api/admin/roles responded 200 in 19.9148 ms
2026-07-19 21:51:19.140 +07:00 [INF] HTTP GET /api/admin/permissions responded 200 in 103.8217 ms
2026-07-19 21:51:19.752 +07:00 [INF] HTTP OPTIONS /api/admin/audit-logs responded 204 in 0.7767 ms
2026-07-19 21:51:19.877 +07:00 [INF] HTTP GET /api/admin/audit-logs responded 200 in 115.8413 ms
2026-07-19 21:51:20.402 +07:00 [INF] HTTP OPTIONS /api/admin/settings responded 204 in 0.4378 ms
2026-07-19 21:51:20.424 +07:00 [INF] HTTP GET /api/admin/settings responded 200 in 17.7095 ms
2026-07-19 21:51:21.185 +07:00 [INF] HTTP GET /api/admin/audit-logs responded 200 in 30.6843 ms
2026-07-19 21:51:22.156 +07:00 [INF] HTTP OPTIONS /api/admin/doctor-patients responded 204 in 3.6612 ms
2026-07-19 21:51:22.191 +07:00 [INF] HTTP GET /api/admin/doctor-patients responded 200 in 24.3147 ms
2026-07-19 21:51:36.486 +07:00 [INF] HTTP OPTIONS /api/admin/users responded 204 in 3.4779 ms
2026-07-19 21:51:36.495 +07:00 [INF] HTTP OPTIONS /api/admin/users responded 204 in 2.4898 ms
2026-07-19 21:51:36.625 +07:00 [INF] HTTP GET /api/admin/users responded 200 in 121.6307 ms
2026-07-19 21:51:36.643 +07:00 [INF] HTTP GET /api/admin/users responded 200 in 133.7205 ms
2026-07-19 21:51:39.498 +07:00 [INF] HTTP OPTIONS /api/admin/audit-logs responded 204 in 2.3481 ms
2026-07-19 21:51:39.602 +07:00 [INF] HTTP GET /api/admin/audit-logs responded 200 in 91.0970 ms
2026-07-19 21:51:40.292 +07:00 [INF] HTTP OPTIONS /api/admin/settings responded 204 in 2.5027 ms
2026-07-19 21:51:40.328 +07:00 [INF] HTTP GET /api/admin/settings responded 200 in 28.0342 ms
2026-07-19 21:51:42.883 +07:00 [INF] HTTP OPTIONS /api/auth/logout responded 204 in 1.5876 ms
2026-07-19 21:51:43.074 +07:00 [INF] HTTP POST /api/auth/logout responded 200 in 182.2371 ms
2026-07-19 21:51:48.260 +07:00 [INF] HTTP OPTIONS /api/auth/login responded 204 in 6.8015 ms
2026-07-19 21:51:48.772 +07:00 [INF] HTTP POST /api/auth/login responded 200 in 504.5943 ms
2026-07-19 21:51:48.944 +07:00 [INF] HTTP OPTIONS /api/health-records responded 204 in 28.6187 ms
2026-07-19 21:51:48.955 +07:00 [INF] HTTP OPTIONS /api/reminders/upcoming responded 204 in 1.0445 ms
2026-07-19 21:51:48.967 +07:00 [INF] HTTP OPTIONS /api/medical-history/follow-ups responded 204 in 0.2044 ms
2026-07-19 21:51:48.968 +07:00 [INF] HTTP OPTIONS /api/vaccines/overdue responded 204 in 15.7948 ms
2026-07-19 21:51:49.104 +07:00 [INF] HTTP GET /api/health-records responded 200 in 124.4302 ms
2026-07-19 21:51:49.318 +07:00 [INF] HTTP GET /api/vaccines/overdue responded 200 in 334.3270 ms
2026-07-19 21:51:49.327 +07:00 [INF] HTTP GET /api/medical-history/follow-ups responded 200 in 349.2161 ms
2026-07-19 21:51:49.344 +07:00 [INF] HTTP GET /api/reminders/upcoming responded 200 in 360.5822 ms
2026-07-19 21:51:56.293 +07:00 [INF] HTTP OPTIONS /api/health-records responded 204 in 1.6068 ms
2026-07-19 21:51:56.312 +07:00 [INF] HTTP GET /api/health-records responded 200 in 11.2172 ms
2026-07-19 21:51:59.457 +07:00 [INF] HTTP OPTIONS /api/medical-history responded 204 in 5.2854 ms
2026-07-19 21:51:59.457 +07:00 [INF] HTTP OPTIONS /api/medical-history/follow-ups responded 204 in 0.7720 ms
2026-07-19 21:51:59.475 +07:00 [INF] HTTP GET /api/health-records responded 200 in 19.7481 ms
2026-07-19 21:51:59.480 +07:00 [INF] HTTP GET /api/medical-history/follow-ups responded 200 in 18.1363 ms
2026-07-19 21:51:59.484 +07:00 [INF] HTTP GET /api/medical-history responded 200 in 22.9603 ms
2026-07-19 21:51:59.935 +07:00 [INF] HTTP OPTIONS /api/vaccines/overdue responded 204 in 0.0948 ms
2026-07-19 21:51:59.935 +07:00 [INF] HTTP OPTIONS /api/vaccines responded 204 in 1.1795 ms
2026-07-19 21:51:59.996 +07:00 [INF] HTTP GET /api/health-records responded 200 in 61.1987 ms
2026-07-19 21:51:59.997 +07:00 [INF] HTTP GET /api/vaccines/overdue responded 200 in 54.5700 ms
2026-07-19 21:52:00.026 +07:00 [INF] HTTP GET /api/vaccines responded 200 in 83.1673 ms
2026-07-19 21:52:00.505 +07:00 [INF] HTTP OPTIONS /api/reminders responded 204 in 0.1445 ms
2026-07-19 21:52:00.506 +07:00 [INF] HTTP OPTIONS /api/reminders/upcoming responded 204 in 0.1362 ms
2026-07-19 21:52:00.544 +07:00 [INF] HTTP GET /api/reminders/upcoming responded 200 in 34.1064 ms
2026-07-19 21:52:00.585 +07:00 [INF] HTTP GET /api/reminders responded 200 in 75.7881 ms
2026-07-19 21:52:01.113 +07:00 [INF] HTTP OPTIONS /api/prescriptions responded 204 in 0.3011 ms
2026-07-19 21:52:01.171 +07:00 [INF] HTTP GET /api/prescriptions responded 200 in 42.9068 ms
2026-07-19 21:52:01.813 +07:00 [INF] HTTP OPTIONS /api/health-records responded 204 in 1.4381 ms
2026-07-19 21:52:01.826 +07:00 [INF] HTTP GET /api/vaccines responded 200 in 12.0513 ms
2026-07-19 21:52:01.827 +07:00 [INF] HTTP GET /api/vaccines/overdue responded 200 in 14.1303 ms
2026-07-19 21:52:01.832 +07:00 [INF] HTTP GET /api/health-records responded 200 in 12.9236 ms
2026-07-19 21:52:02.585 +07:00 [INF] HTTP GET /api/medical-history/follow-ups responded 200 in 17.7038 ms
2026-07-19 21:52:02.585 +07:00 [INF] HTTP GET /api/health-records responded 200 in 18.4020 ms
2026-07-19 21:52:02.591 +07:00 [INF] HTTP GET /api/medical-history responded 200 in 23.1612 ms
2026-07-19 21:52:03.327 +07:00 [INF] HTTP GET /api/health-records responded 200 in 17.5505 ms
2026-07-19 21:52:03.912 +07:00 [INF] HTTP GET /api/reminders/upcoming responded 200 in 14.4652 ms
2026-07-19 21:52:03.915 +07:00 [INF] HTTP GET /api/vaccines/overdue responded 200 in 18.7405 ms
2026-07-19 21:52:03.915 +07:00 [INF] HTTP GET /api/medical-history/follow-ups responded 200 in 18.4593 ms
2026-07-19 21:52:03.918 +07:00 [INF] HTTP GET /api/health-records responded 200 in 22.0131 ms
2026-07-19 21:52:04.393 +07:00 [INF] HTTP GET /api/health-records responded 200 in 9.9513 ms
2026-07-19 21:52:04.846 +07:00 [INF] HTTP OPTIONS /api/medical-history responded 204 in 0.5190 ms
2026-07-19 21:52:04.846 +07:00 [INF] HTTP OPTIONS /api/medical-history/follow-ups responded 204 in 0.5144 ms
2026-07-19 21:52:04.857 +07:00 [INF] HTTP GET /api/health-records responded 200 in 11.6029 ms
2026-07-19 21:52:04.857 +07:00 [INF] HTTP GET /api/medical-history/follow-ups responded 200 in 5.5432 ms
2026-07-19 21:52:04.862 +07:00 [INF] HTTP GET /api/medical-history responded 200 in 13.2857 ms
2026-07-19 21:52:05.331 +07:00 [INF] HTTP OPTIONS /api/vaccines responded 204 in 0.2210 ms
2026-07-19 21:52:05.332 +07:00 [INF] HTTP OPTIONS /api/vaccines/overdue responded 204 in 0.1798 ms
2026-07-19 21:52:05.368 +07:00 [INF] HTTP GET /api/vaccines responded 200 in 30.3730 ms
2026-07-19 21:52:05.372 +07:00 [INF] HTTP GET /api/vaccines/overdue responded 200 in 33.5243 ms
2026-07-19 21:52:05.373 +07:00 [INF] HTTP GET /api/health-records responded 200 in 41.2287 ms
2026-07-19 21:52:05.844 +07:00 [INF] HTTP GET /api/prescriptions responded 200 in 10.5183 ms
2026-07-19 21:52:06.313 +07:00 [INF] HTTP OPTIONS /api/reminders/upcoming responded 204 in 1.0770 ms
2026-07-19 21:52:06.316 +07:00 [INF] HTTP OPTIONS /api/reminders responded 204 in 0.3904 ms
2026-07-19 21:52:06.325 +07:00 [INF] HTTP GET /api/reminders/upcoming responded 200 in 8.1205 ms
2026-07-19 21:52:06.327 +07:00 [INF] HTTP GET /api/reminders responded 200 in 7.6405 ms
2026-07-19 21:52:07.121 +07:00 [INF] HTTP OPTIONS /api/prescriptions responded 204 in 0.9816 ms
2026-07-19 21:52:07.135 +07:00 [INF] HTTP GET /api/prescriptions responded 200 in 8.6954 ms
2026-07-19 21:52:07.679 +07:00 [INF] HTTP OPTIONS /api/health-records responded 204 in 0.1676 ms
2026-07-19 21:52:07.693 +07:00 [INF] HTTP GET /api/vaccines/overdue responded 200 in 12.5516 ms
2026-07-19 21:52:07.694 +07:00 [INF] HTTP GET /api/vaccines responded 200 in 14.0645 ms
2026-07-19 21:52:07.699 +07:00 [INF] HTTP GET /api/health-records responded 200 in 13.1122 ms
2026-07-19 21:52:08.228 +07:00 [INF] HTTP GET /api/medical-history/follow-ups responded 200 in 11.2297 ms
2026-07-19 21:52:08.231 +07:00 [INF] HTTP GET /api/health-records responded 200 in 17.8878 ms
2026-07-19 21:52:08.231 +07:00 [INF] HTTP GET /api/medical-history responded 200 in 18.0224 ms
2026-07-19 21:52:09.001 +07:00 [INF] HTTP GET /api/health-records responded 200 in 12.2081 ms
2026-07-19 21:52:09.514 +07:00 [INF] HTTP GET /api/vaccines/overdue responded 200 in 13.1124 ms
2026-07-19 21:52:09.514 +07:00 [INF] HTTP GET /api/reminders/upcoming responded 200 in 9.1008 ms
2026-07-19 21:52:09.515 +07:00 [INF] HTTP GET /api/medical-history/follow-ups responded 200 in 13.8378 ms
2026-07-19 21:52:09.521 +07:00 [INF] HTTP GET /api/health-records responded 200 in 24.1616 ms
2026-07-19 21:52:15.765 +07:00 [INF] HTTP OPTIONS /api/auth/logout responded 204 in 0.5920 ms
2026-07-19 21:52:15.808 +07:00 [INF] HTTP POST /api/auth/logout responded 200 in 37.7722 ms
2026-07-19 21:52:23.618 +07:00 [INF] HTTP OPTIONS /api/auth/login responded 204 in 3.4053 ms
2026-07-19 21:52:24.118 +07:00 [INF] HTTP POST /api/auth/login responded 200 in 496.9553 ms
2026-07-19 21:52:24.172 +07:00 [INF] HTTP OPTIONS /api/doctor/patients responded 204 in 0.2258 ms
2026-07-19 21:52:24.264 +07:00 [INF] HTTP GET /api/doctor/patients responded 200 in 85.2925 ms
2026-07-19 22:03:22.356 +07:00 [INF] ReminderBackgroundService started.
2026-07-19 22:03:22.717 +07:00 [WRN] The WebRootPath was not found: C:\HealthPlus\HealthPlus\HealthPlus\wwwroot. Static files may be unavailable.
2026-07-19 22:03:41.905 +07:00 [INF] HTTP POST /api/auth/login responded 200 in 2328.7296 ms
2026-07-19 22:03:42.622 +07:00 [INF] HTTP POST /api/auth/login responded 200 in 484.5814 ms
2026-07-19 22:03:42.923 +07:00 [INF] HTTP GET /api/appointments/doctors responded 200 in 194.2663 ms
2026-07-19 22:03:43.180 +07:00 [INF] HTTP POST /api/appointments responded 200 in 173.6081 ms
2026-07-19 22:03:43.609 +07:00 [INF] HTTP GET /api/appointments responded 200 in 102.5332 ms
2026-07-19 22:03:43.719 +07:00 [INF] HTTP GET /api/appointments/doctor responded 200 in 32.4179 ms
2026-07-19 22:03:43.868 +07:00 [INF] HTTP PUT /api/appointments/83c0e27e-7cfb-452b-bc12-50c792d9b9f5/status responded 200 in 72.0116 ms
2026-07-19 22:03:43.969 +07:00 [INF] HTTP PUT /api/appointments/83c0e27e-7cfb-452b-bc12-50c792d9b9f5/status responded 200 in 21.0330 ms
2026-07-19 22:03:44.074 +07:00 [INF] HTTP GET /api/appointments responded 200 in 18.0453 ms
2026-07-19 22:03:59.568 +07:00 [INF] HTTP POST /api/auth/login responded 200 in 510.9954 ms
2026-07-19 22:04:00.172 +07:00 [INF] HTTP POST /api/auth/login responded 200 in 466.4297 ms
2026-07-19 22:04:00.308 +07:00 [INF] HTTP POST /api/appointments responded 200 in 29.0210 ms
2026-07-19 22:04:00.697 +07:00 [INF] HTTP PUT /api/appointments/3e20b0d1-c16a-4b72-ac36-ff226cb38756/cancel responded 200 in 78.4374 ms
2026-07-19 22:04:00.787 +07:00 [INF] HTTP GET /api/appointments/doctor responded 403 in 6.5165 ms
2026-07-19 22:04:00.876 +07:00 [INF] HTTP POST /api/appointments responded 409 in 16.5535 ms
2026-07-19 22:04:00.956 +07:00 [INF] HTTP PUT /api/appointments/83c0e27e-7cfb-452b-bc12-50c792d9b9f5/cancel responded 409 in 7.0667 ms
2026-07-19 22:05:27.271 +07:00 [INF] HTTP OPTIONS /api/doctor/patients responded 204 in 7.3564 ms
2026-07-19 22:05:27.478 +07:00 [INF] HTTP GET /api/doctor/patients responded 200 in 184.8985 ms
2026-07-19 22:05:28.108 +07:00 [INF] HTTP OPTIONS /api/appointments/doctor responded 204 in 4.0822 ms
2026-07-19 22:05:28.185 +07:00 [INF] HTTP GET /api/appointments/doctor responded 200 in 58.2356 ms
2026-07-19 22:05:29.730 +07:00 [INF] HTTP GET /api/doctor/patients responded 200 in 38.0956 ms
2026-07-19 22:05:30.329 +07:00 [INF] HTTP GET /api/appointments/doctor responded 200 in 20.4150 ms
2026-07-19 22:19:10.584 +07:00 [INF] HTTP OPTIONS /api/appointments/doctor responded 204 in 1.7275 ms
2026-07-19 22:19:10.619 +07:00 [INF] HTTP GET /api/appointments/doctor responded 401 in 25.3500 ms
2026-07-19 22:19:10.630 +07:00 [INF] HTTP OPTIONS /api/auth/refresh responded 204 in 0.5825 ms
2026-07-19 22:19:10.811 +07:00 [INF] HTTP POST /api/auth/refresh responded 200 in 176.7329 ms
2026-07-19 22:19:10.841 +07:00 [INF] HTTP GET /api/appointments/doctor responded 200 in 23.6715 ms
2026-07-19 22:20:05.819 +07:00 [INF] HTTP OPTIONS /api/appointments/doctor responded 204 in 1.4707 ms
2026-07-19 22:20:05.866 +07:00 [INF] HTTP GET /api/appointments/doctor responded 200 in 36.9108 ms
2026-07-19 22:22:08.191 +07:00 [INF] HTTP OPTIONS /api/appointments/doctor responded 204 in 8.4640 ms
2026-07-19 22:22:08.346 +07:00 [INF] HTTP GET /api/appointments/doctor responded 200 in 131.3880 ms
2026-07-19 22:22:12.545 +07:00 [INF] HTTP OPTIONS /api/doctor/patients responded 204 in 2.2938 ms
2026-07-19 22:22:12.620 +07:00 [INF] HTTP GET /api/doctor/patients responded 200 in 56.9768 ms
2026-07-19 22:22:14.037 +07:00 [INF] HTTP OPTIONS /api/appointments/doctor responded 204 in 0.4873 ms
2026-07-19 22:22:14.066 +07:00 [INF] HTTP GET /api/appointments/doctor responded 200 in 20.9756 ms
2026-07-19 22:22:31.826 +07:00 [INF] HTTP OPTIONS /api/doctor/patients responded 204 in 1.5086 ms
2026-07-19 22:22:31.874 +07:00 [INF] HTTP GET /api/doctor/patients responded 200 in 39.7298 ms
2026-07-19 22:22:33.590 +07:00 [INF] HTTP GET /api/doctor/patients responded 200 in 23.9495 ms
2026-07-19 22:22:34.765 +07:00 [INF] HTTP OPTIONS /api/appointments/doctor responded 204 in 3.5175 ms
2026-07-19 22:22:34.828 +07:00 [INF] HTTP GET /api/appointments/doctor responded 200 in 51.0912 ms
2026-07-19 22:22:36.834 +07:00 [INF] HTTP OPTIONS /api/auth/logout responded 204 in 4.9300 ms
2026-07-19 22:22:36.991 +07:00 [INF] HTTP POST /api/auth/logout responded 200 in 146.2441 ms
2026-07-19 22:22:42.071 +07:00 [INF] HTTP OPTIONS /api/auth/login responded 204 in 0.3982 ms
2026-07-19 22:22:42.605 +07:00 [INF] HTTP POST /api/auth/login responded 200 in 521.6993 ms
2026-07-19 22:22:42.637 +07:00 [INF] HTTP OPTIONS /api/health-records responded 204 in 1.5135 ms
2026-07-19 22:22:42.638 +07:00 [INF] HTTP OPTIONS /api/reminders/upcoming responded 204 in 0.1526 ms
2026-07-19 22:22:42.640 +07:00 [INF] HTTP OPTIONS /api/medical-history/follow-ups responded 204 in 0.4213 ms
2026-07-19 22:22:42.642 +07:00 [INF] HTTP OPTIONS /api/vaccines/overdue responded 204 in 0.1989 ms
2026-07-19 22:22:42.974 +07:00 [INF] HTTP GET /api/reminders/upcoming responded 200 in 313.3888 ms
2026-07-19 22:22:42.983 +07:00 [INF] HTTP GET /api/medical-history/follow-ups responded 200 in 327.2743 ms
2026-07-19 22:22:43.086 +07:00 [INF] HTTP GET /api/vaccines/overdue responded 200 in 402.4308 ms
2026-07-19 22:22:43.339 +07:00 [INF] HTTP GET /api/health-records responded 200 in 681.6770 ms
2026-07-19 22:22:45.773 +07:00 [INF] HTTP GET /api/health-records responded 200 in 43.3058 ms
2026-07-19 22:22:46.708 +07:00 [INF] HTTP OPTIONS /api/appointments responded 204 in 2.3172 ms
2026-07-19 22:22:46.750 +07:00 [INF] HTTP GET /api/appointments responded 200 in 36.0030 ms
2026-07-19 22:22:47.226 +07:00 [INF] HTTP OPTIONS /api/medical-history responded 204 in 0.2033 ms
2026-07-19 22:22:47.249 +07:00 [INF] HTTP GET /api/medical-history/follow-ups responded 200 in 23.2914 ms
2026-07-19 22:22:47.249 +07:00 [INF] HTTP GET /api/health-records responded 200 in 23.7146 ms
2026-07-19 22:22:47.333 +07:00 [INF] HTTP GET /api/medical-history responded 200 in 100.8170 ms
2026-07-19 22:22:47.843 +07:00 [INF] HTTP OPTIONS /api/vaccines responded 204 in 0.1177 ms
2026-07-19 22:22:47.843 +07:00 [INF] HTTP OPTIONS /api/health-records responded 204 in 0.1855 ms
2026-07-19 22:22:47.846 +07:00 [INF] HTTP OPTIONS /api/vaccines/overdue responded 204 in 1.6522 ms
2026-07-19 22:22:47.885 +07:00 [INF] HTTP GET /api/vaccines/overdue responded 200 in 32.8321 ms
2026-07-19 22:22:47.892 +07:00 [INF] HTTP GET /api/health-records responded 200 in 40.2971 ms
2026-07-19 22:22:47.954 +07:00 [INF] HTTP GET /api/vaccines responded 200 in 100.4300 ms
2026-07-19 22:22:48.402 +07:00 [INF] HTTP GET /api/appointments responded 200 in 22.6123 ms
2026-07-19 22:22:54.255 +07:00 [INF] HTTP OPTIONS /api/health-records responded 204 in 1.2399 ms
2026-07-19 22:22:54.255 +07:00 [INF] HTTP OPTIONS /api/medical-history responded 204 in 0.4537 ms
2026-07-19 22:22:54.255 +07:00 [INF] HTTP OPTIONS /api/medical-history/follow-ups responded 204 in 0.4502 ms
2026-07-19 22:22:54.268 +07:00 [INF] HTTP GET /api/medical-history/follow-ups responded 200 in 8.6426 ms
2026-07-19 22:22:54.272 +07:00 [INF] HTTP GET /api/health-records responded 200 in 12.4604 ms
2026-07-19 22:22:54.272 +07:00 [INF] HTTP GET /api/medical-history responded 200 in 11.6606 ms
2026-07-19 22:22:54.680 +07:00 [INF] HTTP OPTIONS /api/vaccines responded 204 in 1.0828 ms
2026-07-19 22:22:54.681 +07:00 [INF] HTTP OPTIONS /api/vaccines/overdue responded 204 in 0.0902 ms
2026-07-19 22:22:54.701 +07:00 [INF] HTTP GET /api/vaccines responded 200 in 14.5637 ms
2026-07-19 22:22:54.704 +07:00 [INF] HTTP GET /api/vaccines/overdue responded 200 in 16.6186 ms
2026-07-19 22:22:54.704 +07:00 [INF] HTTP GET /api/health-records responded 200 in 18.7587 ms
2026-07-19 22:22:56.433 +07:00 [INF] HTTP OPTIONS /api/prescriptions responded 204 in 0.1820 ms
2026-07-19 22:22:56.526 +07:00 [INF] HTTP GET /api/prescriptions responded 200 in 89.6865 ms
2026-07-19 22:22:56.910 +07:00 [INF] HTTP OPTIONS /api/reminders responded 204 in 0.2165 ms
2026-07-19 22:22:56.911 +07:00 [INF] HTTP OPTIONS /api/reminders/upcoming responded 204 in 0.0864 ms
2026-07-19 22:22:56.926 +07:00 [INF] HTTP GET /api/reminders/upcoming responded 200 in 12.8364 ms
2026-07-19 22:22:56.952 +07:00 [INF] HTTP GET /api/reminders responded 200 in 38.0236 ms
2026-07-19 22:22:57.478 +07:00 [INF] HTTP GET /api/prescriptions responded 200 in 12.2772 ms
2026-07-19 22:23:03.605 +07:00 [INF] HTTP OPTIONS /api/prescriptions responded 204 in 3.5841 ms
2026-07-19 22:23:03.616 +07:00 [INF] HTTP GET /api/prescriptions responded 200 in 7.6181 ms
2026-07-19 22:23:04.731 +07:00 [INF] HTTP OPTIONS /api/vaccines/overdue responded 204 in 0.3451 ms
2026-07-19 22:23:04.731 +07:00 [INF] HTTP OPTIONS /api/health-records responded 204 in 0.2794 ms
2026-07-19 22:23:04.731 +07:00 [INF] HTTP OPTIONS /api/vaccines responded 204 in 0.4051 ms
2026-07-19 22:23:04.748 +07:00 [INF] HTTP GET /api/vaccines responded 200 in 9.8503 ms
2026-07-19 22:23:04.748 +07:00 [INF] HTTP GET /api/vaccines/overdue responded 200 in 9.8588 ms
2026-07-19 22:23:04.750 +07:00 [INF] HTTP GET /api/health-records responded 200 in 11.8280 ms
2026-07-19 22:23:05.249 +07:00 [INF] HTTP OPTIONS /api/medical-history responded 204 in 0.5331 ms
2026-07-19 22:23:05.250 +07:00 [INF] HTTP OPTIONS /api/medical-history/follow-ups responded 204 in 0.2417 ms
2026-07-19 22:23:05.269 +07:00 [INF] HTTP GET /api/medical-history responded 200 in 12.2393 ms
2026-07-19 22:23:05.272 +07:00 [INF] HTTP GET /api/medical-history/follow-ups responded 200 in 14.4943 ms
2026-07-19 22:23:05.273 +07:00 [INF] HTTP GET /api/health-records responded 200 in 22.9619 ms
2026-07-19 22:23:05.813 +07:00 [INF] HTTP GET /api/health-records responded 200 in 10.2285 ms
2026-07-19 22:23:06.383 +07:00 [INF] HTTP OPTIONS /api/appointments responded 204 in 0.1309 ms
2026-07-19 22:23:06.398 +07:00 [INF] HTTP GET /api/appointments responded 200 in 11.6675 ms
2026-07-19 22:23:06.962 +07:00 [INF] HTTP OPTIONS /api/reminders/upcoming responded 204 in 0.2243 ms
2026-07-19 22:23:06.979 +07:00 [INF] HTTP GET /api/vaccines/overdue responded 200 in 8.7781 ms
2026-07-19 22:23:06.979 +07:00 [INF] HTTP GET /api/medical-history/follow-ups responded 200 in 13.2220 ms
2026-07-19 22:23:06.979 +07:00 [INF] HTTP GET /api/reminders/upcoming responded 200 in 9.8886 ms
2026-07-19 22:23:06.984 +07:00 [INF] HTTP GET /api/health-records responded 200 in 22.2121 ms
2026-07-19 22:23:07.746 +07:00 [INF] HTTP GET /api/appointments responded 200 in 28.7593 ms
2026-07-19 22:23:08.434 +07:00 [INF] HTTP GET /api/medical-history/follow-ups responded 200 in 13.5930 ms
2026-07-19 22:23:08.434 +07:00 [INF] HTTP GET /api/health-records responded 200 in 14.3968 ms
2026-07-19 22:23:08.434 +07:00 [INF] HTTP GET /api/medical-history responded 200 in 15.0054 ms
2026-07-19 22:23:09.058 +07:00 [INF] HTTP GET /api/vaccines responded 200 in 20.8824 ms
2026-07-19 22:23:09.061 +07:00 [INF] HTTP GET /api/vaccines/overdue responded 200 in 19.4285 ms
2026-07-19 22:23:09.061 +07:00 [INF] HTTP GET /api/health-records responded 200 in 27.9363 ms
2026-07-19 22:23:09.991 +07:00 [INF] HTTP OPTIONS /api/prescriptions responded 204 in 0.1710 ms
2026-07-19 22:23:10.006 +07:00 [INF] HTTP GET /api/prescriptions responded 200 in 11.5903 ms
2026-07-19 22:23:10.558 +07:00 [INF] HTTP OPTIONS /api/reminders responded 204 in 0.7847 ms
2026-07-19 22:23:10.569 +07:00 [INF] HTTP GET /api/reminders responded 200 in 8.2242 ms
2026-07-19 22:23:10.569 +07:00 [INF] HTTP GET /api/reminders/upcoming responded 200 in 10.6905 ms
2026-07-19 22:24:52.400 +07:00 [INF] HTTP OPTIONS /api/reminders responded 204 in 0.8510 ms
2026-07-19 22:24:52.399 +07:00 [INF] HTTP OPTIONS /api/reminders/upcoming responded 204 in 0.8532 ms
2026-07-19 22:24:52.477 +07:00 [INF] HTTP GET /api/reminders responded 200 in 69.7890 ms
2026-07-19 22:24:52.477 +07:00 [INF] HTTP GET /api/reminders/upcoming responded 200 in 69.8103 ms
2026-07-19 22:45:10.664 +07:00 [INF] HTTP OPTIONS /api/reminders responded 204 in 1.2045 ms
2026-07-19 22:45:10.664 +07:00 [INF] HTTP OPTIONS /api/reminders/upcoming responded 204 in 1.3137 ms
2026-07-19 22:45:10.701 +07:00 [INF] HTTP GET /api/reminders responded 401 in 28.4150 ms
2026-07-19 22:45:10.701 +07:00 [INF] HTTP GET /api/reminders/upcoming responded 401 in 28.4373 ms
2026-07-19 22:45:10.712 +07:00 [INF] HTTP OPTIONS /api/auth/refresh responded 204 in 0.9273 ms
2026-07-19 22:45:10.713 +07:00 [INF] HTTP OPTIONS /api/auth/refresh responded 204 in 0.9308 ms
2026-07-19 22:45:11.035 +07:00 [INF] HTTP POST /api/auth/refresh responded 200 in 318.1512 ms
2026-07-19 22:45:11.043 +07:00 [INF] HTTP POST /api/auth/refresh responded 200 in 326.5720 ms
2026-07-19 22:45:11.079 +07:00 [INF] HTTP GET /api/reminders/upcoming responded 200 in 30.0657 ms
2026-07-19 22:45:11.079 +07:00 [INF] HTTP GET /api/reminders responded 200 in 30.9505 ms
2026-07-19 22:50:43.720 +07:00 [INF] HTTP OPTIONS /api/reminders responded 204 in 3.3176 ms
2026-07-19 22:50:43.724 +07:00 [INF] HTTP OPTIONS /api/reminders/upcoming responded 204 in 0.2110 ms
2026-07-19 22:50:43.795 +07:00 [INF] HTTP GET /api/reminders responded 200 in 60.8778 ms
2026-07-19 22:50:43.800 +07:00 [INF] HTTP GET /api/reminders/upcoming responded 200 in 65.4388 ms
2026-07-19 22:50:52.879 +07:00 [INF] HTTP OPTIONS /api/prescriptions responded 204 in 0.7342 ms
2026-07-19 22:50:52.926 +07:00 [INF] HTTP GET /api/prescriptions responded 200 in 39.9798 ms
2026-07-19 22:50:53.652 +07:00 [INF] HTTP OPTIONS /api/vaccines responded 204 in 0.0780 ms
2026-07-19 22:50:53.653 +07:00 [INF] HTTP OPTIONS /api/vaccines/overdue responded 204 in 0.1213 ms
2026-07-19 22:50:53.652 +07:00 [INF] HTTP OPTIONS /api/health-records responded 204 in 0.2406 ms
2026-07-19 22:50:53.699 +07:00 [INF] HTTP GET /api/vaccines/overdue responded 200 in 41.0318 ms
2026-07-19 22:50:53.704 +07:00 [INF] HTTP GET /api/vaccines responded 200 in 46.6740 ms
2026-07-19 22:50:53.725 +07:00 [INF] HTTP GET /api/health-records responded 200 in 66.3475 ms
2026-07-19 22:50:54.160 +07:00 [INF] HTTP OPTIONS /api/medical-history responded 204 in 0.3041 ms
2026-07-19 22:50:54.161 +07:00 [INF] HTTP OPTIONS /api/medical-history/follow-ups responded 204 in 0.1338 ms
2026-07-19 22:50:54.175 +07:00 [INF] HTTP GET /api/health-records responded 200 in 13.0940 ms
2026-07-19 22:50:54.182 +07:00 [INF] HTTP GET /api/medical-history/follow-ups responded 200 in 16.9248 ms
2026-07-19 22:50:54.182 +07:00 [INF] HTTP GET /api/medical-history responded 200 in 17.5100 ms
2026-07-19 22:50:54.837 +07:00 [INF] HTTP OPTIONS /api/appointments responded 204 in 2.1436 ms
2026-07-19 22:50:54.876 +07:00 [INF] HTTP GET /api/appointments responded 200 in 35.9748 ms
2026-07-19 22:50:55.498 +07:00 [INF] HTTP GET /api/health-records responded 200 in 8.9541 ms
2026-07-19 22:50:56.129 +07:00 [INF] HTTP OPTIONS /api/reminders/upcoming responded 204 in 0.1366 ms
2026-07-19 22:50:56.142 +07:00 [INF] HTTP GET /api/vaccines/overdue responded 200 in 13.9086 ms
2026-07-19 22:50:56.144 +07:00 [INF] HTTP GET /api/health-records responded 200 in 21.2640 ms
2026-07-19 22:50:56.143 +07:00 [INF] HTTP GET /api/medical-history/follow-ups responded 200 in 17.5570 ms
2026-07-19 22:50:56.157 +07:00 [INF] HTTP GET /api/reminders/upcoming responded 200 in 19.9838 ms
2026-07-19 22:50:56.842 +07:00 [INF] HTTP GET /api/health-records responded 200 in 10.6163 ms
2026-07-19 22:50:57.419 +07:00 [INF] HTTP GET /api/appointments responded 200 in 11.7734 ms
2026-07-19 22:50:57.952 +07:00 [INF] HTTP GET /api/health-records responded 200 in 13.6334 ms
2026-07-19 22:50:58.380 +07:00 [INF] HTTP GET /api/reminders/upcoming responded 200 in 11.7676 ms
2026-07-19 22:50:58.383 +07:00 [INF] HTTP GET /api/vaccines/overdue responded 200 in 15.8210 ms
2026-07-19 22:50:58.385 +07:00 [INF] HTTP GET /api/health-records responded 200 in 19.1730 ms
2026-07-19 22:50:58.386 +07:00 [INF] HTTP GET /api/medical-history/follow-ups responded 200 in 19.4043 ms
2026-07-19 22:51:00.157 +07:00 [INF] HTTP OPTIONS /api/health-records responded 204 in 0.1733 ms
2026-07-19 22:51:00.169 +07:00 [INF] HTTP GET /api/health-records responded 200 in 8.4236 ms
2026-07-19 22:51:02.299 +07:00 [INF] HTTP OPTIONS /api/medical-history/follow-ups responded 204 in 0.0826 ms
2026-07-19 22:51:02.300 +07:00 [INF] HTTP OPTIONS /api/reminders/upcoming responded 204 in 0.2858 ms
2026-07-19 22:51:02.299 +07:00 [INF] HTTP OPTIONS /api/vaccines/overdue responded 204 in 0.0781 ms
2026-07-19 22:51:02.315 +07:00 [INF] HTTP GET /api/medical-history/follow-ups responded 200 in 10.4588 ms
2026-07-19 22:51:02.316 +07:00 [INF] HTTP GET /api/reminders/upcoming responded 200 in 10.6409 ms
2026-07-19 22:51:02.329 +07:00 [INF] HTTP GET /api/health-records responded 200 in 28.9357 ms
2026-07-19 22:51:02.329 +07:00 [INF] HTTP GET /api/vaccines/overdue responded 200 in 17.0111 ms
2026-07-19 22:51:03.693 +07:00 [INF] HTTP OPTIONS /api/medical-history responded 204 in 0.2020 ms
2026-07-19 22:51:03.707 +07:00 [INF] HTTP GET /api/medical-history/follow-ups responded 200 in 14.0835 ms
2026-07-19 22:51:03.708 +07:00 [INF] HTTP GET /api/health-records responded 200 in 15.0357 ms
2026-07-19 22:51:03.712 +07:00 [INF] HTTP GET /api/medical-history responded 200 in 11.4788 ms
2026-07-19 22:51:04.146 +07:00 [INF] HTTP OPTIONS /api/vaccines responded 204 in 0.1700 ms
2026-07-19 22:51:04.158 +07:00 [INF] HTTP GET /api/vaccines/overdue responded 200 in 10.6974 ms
2026-07-19 22:51:04.161 +07:00 [INF] HTTP GET /api/health-records responded 200 in 14.3603 ms
2026-07-19 22:51:04.163 +07:00 [INF] HTTP GET /api/vaccines responded 200 in 11.6818 ms
2026-07-19 22:51:05.265 +07:00 [INF] HTTP OPTIONS /api/prescriptions responded 204 in 0.0983 ms
2026-07-19 22:51:05.277 +07:00 [INF] HTTP GET /api/prescriptions responded 200 in 9.7534 ms
2026-07-19 22:51:08.113 +07:00 [INF] HTTP OPTIONS /api/health-records responded 204 in 0.5208 ms
2026-07-19 22:51:08.113 +07:00 [INF] HTTP OPTIONS /api/vaccines/overdue responded 204 in 0.1061 ms
2026-07-19 22:51:08.130 +07:00 [INF] HTTP GET /api/vaccines/overdue responded 200 in 10.3152 ms
2026-07-19 22:51:08.130 +07:00 [INF] HTTP GET /api/vaccines responded 200 in 16.4152 ms
2026-07-19 22:51:08.135 +07:00 [INF] HTTP GET /api/health-records responded 200 in 16.1006 ms
2026-07-19 22:51:11.194 +07:00 [INF] HTTP OPTIONS /api/medical-history responded 204 in 0.5550 ms
2026-07-19 22:51:11.194 +07:00 [INF] HTTP OPTIONS /api/medical-history/follow-ups responded 204 in 0.9307 ms
2026-07-19 22:51:11.223 +07:00 [INF] HTTP GET /api/medical-history/follow-ups responded 200 in 20.5281 ms
2026-07-19 22:51:11.225 +07:00 [INF] HTTP GET /api/medical-history responded 200 in 22.8990 ms
2026-07-19 22:51:11.233 +07:00 [INF] HTTP GET /api/health-records responded 200 in 38.4175 ms
2026-07-19 22:51:24.290 +07:00 [INF] HTTP OPTIONS /api/health-records responded 204 in 0.1643 ms
2026-07-19 22:51:24.290 +07:00 [INF] HTTP OPTIONS /api/vaccines/overdue responded 204 in 0.4354 ms
2026-07-19 22:51:24.291 +07:00 [INF] HTTP OPTIONS /api/vaccines responded 204 in 1.5785 ms
2026-07-19 22:51:24.356 +07:00 [INF] HTTP GET /api/vaccines responded 200 in 52.4484 ms
2026-07-19 22:51:24.372 +07:00 [INF] HTTP GET /api/vaccines/overdue responded 200 in 67.9985 ms
2026-07-19 22:51:24.386 +07:00 [INF] HTTP GET /api/health-records responded 200 in 82.7025 ms
2026-07-19 22:51:25.288 +07:00 [INF] HTTP OPTIONS /api/prescriptions responded 204 in 0.2620 ms
2026-07-19 22:51:25.312 +07:00 [INF] HTTP GET /api/prescriptions responded 200 in 21.0952 ms
2026-07-19 22:51:25.837 +07:00 [INF] HTTP OPTIONS /api/reminders responded 204 in 0.2125 ms
2026-07-19 22:51:25.837 +07:00 [INF] HTTP OPTIONS /api/reminders/upcoming responded 204 in 0.1166 ms
2026-07-19 22:51:25.859 +07:00 [INF] HTTP GET /api/reminders responded 200 in 17.8858 ms
2026-07-19 22:51:25.860 +07:00 [INF] HTTP GET /api/reminders/upcoming responded 200 in 18.2013 ms
2026-07-19 22:51:26.448 +07:00 [INF] HTTP GET /api/prescriptions responded 200 in 9.9744 ms
2026-07-19 22:51:26.964 +07:00 [INF] HTTP GET /api/vaccines/overdue responded 200 in 4.5736 ms
2026-07-19 22:51:26.965 +07:00 [INF] HTTP GET /api/health-records responded 200 in 7.3386 ms
2026-07-19 22:51:26.968 +07:00 [INF] HTTP GET /api/vaccines responded 200 in 8.6450 ms
2026-07-19 22:51:29.845 +07:00 [INF] HTTP OPTIONS /api/medical-history responded 204 in 0.0759 ms
2026-07-19 22:51:29.845 +07:00 [INF] HTTP OPTIONS /api/health-records responded 204 in 0.6459 ms
2026-07-19 22:51:29.845 +07:00 [INF] HTTP OPTIONS /api/medical-history/follow-ups responded 204 in 0.0446 ms
2026-07-19 22:51:29.868 +07:00 [INF] HTTP GET /api/medical-history responded 200 in 18.9563 ms
2026-07-19 22:51:29.871 +07:00 [INF] HTTP GET /api/medical-history/follow-ups responded 200 in 21.5959 ms
2026-07-19 22:51:29.871 +07:00 [INF] HTTP GET /api/health-records responded 200 in 21.5752 ms
2026-07-19 22:51:30.522 +07:00 [INF] HTTP OPTIONS /api/appointments responded 204 in 0.1037 ms
2026-07-19 22:51:30.562 +07:00 [INF] HTTP GET /api/appointments responded 200 in 36.3978 ms
2026-07-19 22:51:31.366 +07:00 [INF] HTTP GET /api/health-records responded 200 in 12.8873 ms
2026-07-19 22:51:31.369 +07:00 [INF] HTTP GET /api/medical-history responded 200 in 15.4678 ms
2026-07-19 22:51:31.369 +07:00 [INF] HTTP GET /api/medical-history/follow-ups responded 200 in 15.3802 ms
2026-07-19 22:55:12.324 +07:00 [INF] HTTP OPTIONS /api/medical-history/follow-ups responded 204 in 0.6594 ms
2026-07-19 22:55:12.324 +07:00 [INF] HTTP OPTIONS /api/medical-history responded 204 in 0.6583 ms
2026-07-19 22:55:12.324 +07:00 [INF] HTTP OPTIONS /api/health-records responded 204 in 0.6543 ms
2026-07-19 22:55:12.388 +07:00 [INF] HTTP GET /api/medical-history responded 200 in 38.5050 ms
2026-07-19 22:55:12.390 +07:00 [INF] HTTP GET /api/medical-history/follow-ups responded 200 in 40.8217 ms
2026-07-19 22:55:12.392 +07:00 [INF] HTTP GET /api/health-records responded 200 in 42.0197 ms
2026-07-19 22:55:15.093 +07:00 [INF] HTTP GET /api/health-records responded 200 in 20.6735 ms
2026-07-19 22:55:15.734 +07:00 [INF] HTTP OPTIONS /api/appointments responded 204 in 0.3115 ms
2026-07-19 22:55:15.780 +07:00 [INF] HTTP GET /api/appointments responded 200 in 40.8033 ms
2026-07-19 22:55:16.485 +07:00 [INF] HTTP GET /api/medical-history responded 200 in 20.6679 ms
2026-07-19 22:55:16.494 +07:00 [INF] HTTP GET /api/medical-history/follow-ups responded 200 in 28.2358 ms
2026-07-19 22:55:16.496 +07:00 [INF] HTTP GET /api/health-records responded 200 in 31.7532 ms
2026-07-19 22:55:17.251 +07:00 [INF] HTTP OPTIONS /api/prescriptions responded 204 in 0.1640 ms
2026-07-19 22:55:17.280 +07:00 [INF] HTTP GET /api/prescriptions responded 200 in 24.3348 ms
2026-07-19 22:55:17.866 +07:00 [INF] HTTP OPTIONS /api/reminders/upcoming responded 204 in 0.0868 ms
2026-07-19 22:55:17.866 +07:00 [INF] HTTP OPTIONS /api/reminders responded 204 in 0.1320 ms
2026-07-19 22:55:17.885 +07:00 [INF] HTTP GET /api/reminders responded 200 in 16.0188 ms
2026-07-19 22:55:17.888 +07:00 [INF] HTTP GET /api/reminders/upcoming responded 200 in 18.5725 ms
2026-07-19 22:55:18.270 +07:00 [INF] HTTP GET /api/prescriptions responded 200 in 20.5939 ms
2026-07-19 22:55:18.704 +07:00 [INF] HTTP OPTIONS /api/health-records responded 204 in 0.1468 ms
2026-07-19 22:55:18.705 +07:00 [INF] HTTP OPTIONS /api/vaccines/overdue responded 204 in 0.0603 ms
2026-07-19 22:55:18.705 +07:00 [INF] HTTP OPTIONS /api/vaccines responded 204 in 0.0758 ms
2026-07-19 22:55:18.729 +07:00 [INF] HTTP GET /api/health-records responded 200 in 20.6993 ms
2026-07-19 22:55:18.729 +07:00 [INF] HTTP GET /api/vaccines responded 200 in 17.3804 ms
2026-07-19 22:55:18.731 +07:00 [INF] HTTP GET /api/vaccines/overdue responded 200 in 22.4510 ms
2026-07-19 22:58:10.707 +07:00 [INF] HTTP OPTIONS /api/health-records responded 204 in 0.2239 ms
2026-07-19 22:58:10.707 +07:00 [INF] HTTP OPTIONS /api/vaccines responded 204 in 0.4775 ms
2026-07-19 22:58:10.723 +07:00 [INF] HTTP OPTIONS /api/vaccines/overdue responded 204 in 0.8085 ms
2026-07-19 22:58:10.760 +07:00 [INF] HTTP GET /api/vaccines/overdue responded 200 in 29.5218 ms
2026-07-19 22:58:10.761 +07:00 [INF] HTTP GET /api/vaccines responded 200 in 34.5127 ms
2026-07-19 22:58:10.769 +07:00 [INF] HTTP GET /api/health-records responded 200 in 43.8851 ms
2026-07-19 22:59:13.516 +07:00 [INF] HTTP OPTIONS /api/reminders/upcoming responded 204 in 0.7596 ms
2026-07-19 22:59:13.516 +07:00 [INF] HTTP OPTIONS /api/reminders responded 204 in 0.7647 ms
2026-07-19 22:59:13.572 +07:00 [INF] HTTP GET /api/reminders responded 200 in 45.3648 ms
2026-07-19 22:59:13.575 +07:00 [INF] HTTP GET /api/reminders/upcoming responded 200 in 49.1738 ms
2026-07-19 22:59:13.928 +07:00 [INF] HTTP OPTIONS /api/health-records responded 204 in 0.2766 ms
2026-07-19 22:59:13.929 +07:00 [INF] HTTP OPTIONS /api/vaccines/overdue responded 204 in 0.2238 ms
2026-07-19 22:59:13.931 +07:00 [INF] HTTP OPTIONS /api/vaccines responded 204 in 0.7049 ms
2026-07-19 22:59:13.958 +07:00 [INF] HTTP GET /api/vaccines responded 200 in 20.5756 ms
2026-07-19 22:59:13.962 +07:00 [INF] HTTP GET /api/vaccines/overdue responded 200 in 24.4790 ms
2026-07-19 22:59:13.964 +07:00 [INF] HTTP GET /api/health-records responded 200 in 28.6780 ms
2026-07-19 22:59:14.531 +07:00 [INF] HTTP OPTIONS /api/prescriptions responded 204 in 0.3103 ms
2026-07-19 22:59:14.554 +07:00 [INF] HTTP GET /api/prescriptions responded 200 in 20.1644 ms
2026-07-19 22:59:15.285 +07:00 [INF] HTTP OPTIONS /api/medical-history responded 204 in 0.0925 ms
2026-07-19 22:59:15.285 +07:00 [INF] HTTP OPTIONS /api/medical-history/follow-ups responded 204 in 0.0812 ms
2026-07-19 22:59:15.294 +07:00 [INF] HTTP GET /api/health-records responded 200 in 8.7591 ms
2026-07-19 22:59:15.304 +07:00 [INF] HTTP GET /api/medical-history responded 200 in 13.7101 ms
2026-07-19 22:59:15.304 +07:00 [INF] HTTP GET /api/medical-history/follow-ups responded 200 in 13.7304 ms
2026-07-19 22:59:15.884 +07:00 [INF] HTTP OPTIONS /api/appointments responded 204 in 0.2185 ms
2026-07-19 22:59:15.925 +07:00 [INF] HTTP GET /api/appointments responded 200 in 39.3423 ms
2026-07-19 22:59:18.062 +07:00 [INF] HTTP GET /api/health-records responded 200 in 12.6974 ms
2026-07-19 23:00:15.386 +07:00 [INF] HTTP OPTIONS /api/health-records responded 204 in 1.9244 ms
2026-07-19 23:00:15.387 +07:00 [INF] HTTP OPTIONS /api/medical-history/follow-ups responded 204 in 0.2549 ms
2026-07-19 23:00:15.387 +07:00 [INF] HTTP OPTIONS /api/vaccines/overdue responded 204 in 0.1953 ms
2026-07-19 23:00:15.388 +07:00 [INF] HTTP OPTIONS /api/reminders/upcoming responded 204 in 0.1455 ms
2026-07-19 23:00:15.397 +07:00 [INF] HTTP GET /api/health-records responded 401 in 6.2926 ms
2026-07-19 23:00:15.397 +07:00 [INF] HTTP GET /api/vaccines/overdue responded 401 in 2.7336 ms
2026-07-19 23:00:15.397 +07:00 [INF] HTTP GET /api/medical-history/follow-ups responded 401 in 6.3675 ms
2026-07-19 23:00:15.397 +07:00 [INF] HTTP GET /api/reminders/upcoming responded 401 in 6.1673 ms
2026-07-19 23:00:15.405 +07:00 [INF] HTTP OPTIONS /api/auth/refresh responded 204 in 0.1656 ms
2026-07-19 23:00:15.405 +07:00 [INF] HTTP OPTIONS /api/auth/refresh responded 204 in 0.1612 ms
2026-07-19 23:00:15.406 +07:00 [INF] HTTP OPTIONS /api/auth/refresh responded 204 in 0.0570 ms
2026-07-19 23:00:15.405 +07:00 [INF] HTTP OPTIONS /api/auth/refresh responded 204 in 0.1805 ms
2026-07-19 23:00:15.572 +07:00 [INF] HTTP POST /api/auth/refresh responded 200 in 163.5376 ms
2026-07-19 23:00:15.579 +07:00 [INF] HTTP POST /api/auth/refresh responded 200 in 170.8051 ms
2026-07-19 23:00:15.584 +07:00 [INF] HTTP POST /api/auth/refresh responded 200 in 175.1376 ms
2026-07-19 23:00:15.590 +07:00 [INF] HTTP POST /api/auth/refresh responded 200 in 178.3190 ms
2026-07-19 23:00:15.600 +07:00 [INF] HTTP GET /api/health-records responded 200 in 22.9330 ms
2026-07-19 23:00:15.604 +07:00 [INF] HTTP GET /api/medical-history/follow-ups responded 200 in 10.8702 ms
2026-07-19 23:00:15.611 +07:00 [INF] HTTP GET /api/reminders/upcoming responded 200 in 23.0482 ms
2026-07-19 23:00:15.611 +07:00 [INF] HTTP GET /api/vaccines/overdue responded 200 in 27.7518 ms
2026-07-19 23:00:32.867 +07:00 [INF] HTTP OPTIONS /api/health-records responded 204 in 0.3525 ms
2026-07-19 23:00:32.878 +07:00 [INF] HTTP GET /api/health-records responded 200 in 8.1007 ms
2026-07-19 23:00:35.685 +07:00 [INF] HTTP OPTIONS /api/vaccines/overdue responded 204 in 0.0983 ms
2026-07-19 23:00:35.685 +07:00 [INF] HTTP OPTIONS /api/reminders/upcoming responded 204 in 0.1049 ms
2026-07-19 23:00:35.689 +07:00 [INF] HTTP OPTIONS /api/medical-history/follow-ups responded 204 in 1.3248 ms
2026-07-19 23:00:35.703 +07:00 [INF] HTTP GET /api/vaccines/overdue responded 200 in 13.1778 ms
2026-07-19 23:00:35.705 +07:00 [INF] HTTP GET /api/reminders/upcoming responded 200 in 13.7560 ms
2026-07-19 23:00:35.708 +07:00 [INF] HTTP GET /api/medical-history/follow-ups responded 200 in 16.0285 ms
2026-07-19 23:00:35.709 +07:00 [INF] HTTP GET /api/health-records responded 200 in 23.5760 ms
2026-07-19 23:00:36.442 +07:00 [INF] HTTP OPTIONS /api/medical-history responded 204 in 0.2769 ms
2026-07-19 23:00:36.446 +07:00 [INF] HTTP GET /api/medical-history/follow-ups responded 200 in 3.8819 ms
2026-07-19 23:00:36.451 +07:00 [INF] HTTP GET /api/health-records responded 200 in 9.3325 ms
2026-07-19 23:00:36.458 +07:00 [INF] HTTP GET /api/medical-history responded 200 in 13.4576 ms
2026-07-19 23:00:38.211 +07:00 [INF] HTTP OPTIONS /api/appointments responded 204 in 0.1610 ms
2026-07-19 23:00:38.248 +07:00 [INF] HTTP GET /api/appointments responded 200 in 32.2849 ms
2026-07-19 23:00:38.787 +07:00 [INF] HTTP OPTIONS /api/health-records responded 204 in 0.1833 ms
2026-07-19 23:00:38.801 +07:00 [INF] HTTP GET /api/medical-history/follow-ups responded 200 in 9.1435 ms
2026-07-19 23:00:38.803 +07:00 [INF] HTTP GET /api/medical-history responded 200 in 15.7058 ms
2026-07-19 23:00:38.807 +07:00 [INF] HTTP GET /api/health-records responded 200 in 11.4058 ms
2026-07-19 23:00:43.138 +07:00 [INF] HTTP GET /api/appointments responded 200 in 38.3911 ms
2026-07-19 23:00:52.819 +07:00 [INF] HTTP OPTIONS /api/medical-history/follow-ups responded 204 in 0.3003 ms
2026-07-19 23:00:52.819 +07:00 [INF] HTTP OPTIONS /api/health-records responded 204 in 0.2308 ms
2026-07-19 23:00:52.833 +07:00 [INF] HTTP OPTIONS /api/medical-history responded 204 in 0.3046 ms
2026-07-19 23:00:52.852 +07:00 [INF] HTTP GET /api/medical-history/follow-ups responded 200 in 15.2119 ms
2026-07-19 23:00:52.853 +07:00 [INF] HTTP GET /api/medical-history responded 200 in 15.5375 ms
2026-07-19 23:00:52.862 +07:00 [INF] HTTP GET /api/health-records responded 200 in 23.1496 ms
2026-07-19 23:00:53.773 +07:00 [INF] HTTP OPTIONS /api/vaccines responded 204 in 6.6483 ms
2026-07-19 23:00:53.775 +07:00 [INF] HTTP OPTIONS /api/vaccines/overdue responded 204 in 0.2403 ms
2026-07-19 23:00:53.789 +07:00 [INF] HTTP GET /api/health-records responded 200 in 15.0936 ms
2026-07-19 23:00:53.791 +07:00 [INF] HTTP GET /api/vaccines responded 200 in 13.7367 ms
2026-07-19 23:00:53.795 +07:00 [INF] HTTP GET /api/vaccines/overdue responded 200 in 17.7075 ms
2026-07-19 23:00:56.591 +07:00 [INF] HTTP OPTIONS /api/prescriptions responded 204 in 0.2180 ms
2026-07-19 23:00:56.616 +07:00 [INF] HTTP GET /api/prescriptions responded 200 in 18.9885 ms
2026-07-19 23:00:59.627 +07:00 [INF] HTTP OPTIONS /api/reminders responded 204 in 0.2105 ms
2026-07-19 23:00:59.627 +07:00 [INF] HTTP OPTIONS /api/reminders/upcoming responded 204 in 0.0927 ms
2026-07-19 23:00:59.655 +07:00 [INF] HTTP GET /api/reminders responded 200 in 15.7065 ms
2026-07-19 23:00:59.660 +07:00 [INF] HTTP GET /api/reminders/upcoming responded 200 in 20.0589 ms
2026-07-19 23:01:00.257 +07:00 [INF] HTTP GET /api/prescriptions responded 200 in 10.6820 ms
2026-07-19 23:01:01.048 +07:00 [INF] HTTP OPTIONS /api/health-records responded 204 in 0.0899 ms
2026-07-19 23:01:01.048 +07:00 [INF] HTTP OPTIONS /api/vaccines/overdue responded 204 in 0.0493 ms
2026-07-19 23:01:01.048 +07:00 [INF] HTTP OPTIONS /api/vaccines responded 204 in 0.0733 ms
2026-07-19 23:01:01.057 +07:00 [INF] HTTP GET /api/vaccines responded 200 in 3.8928 ms
2026-07-19 23:01:01.058 +07:00 [INF] HTTP GET /api/vaccines/overdue responded 200 in 7.1929 ms
2026-07-19 23:01:01.061 +07:00 [INF] HTTP GET /api/health-records responded 200 in 10.9419 ms
2026-07-19 23:01:01.640 +07:00 [INF] HTTP GET /api/reminders responded 200 in 7.6803 ms
2026-07-19 23:01:01.640 +07:00 [INF] HTTP GET /api/reminders/upcoming responded 200 in 6.0483 ms
2026-07-19 23:01:43.323 +07:00 [INF] HTTP OPTIONS /api/reminders responded 204 in 0.7549 ms
2026-07-19 23:01:43.763 +07:00 [INF] HTTP POST /api/reminders responded 201 in 434.1184 ms
2026-07-19 23:01:43.857 +07:00 [INF] HTTP OPTIONS /api/reminders/upcoming responded 204 in 0.1591 ms
2026-07-19 23:01:43.871 +07:00 [INF] HTTP GET /api/reminders/upcoming responded 200 in 9.0599 ms
2026-07-19 23:01:43.871 +07:00 [INF] HTTP GET /api/reminders responded 200 in 13.8948 ms
2026-07-19 23:05:50.634 +07:00 [INF] HTTP OPTIONS /api/reminders responded 204 in 1.8189 ms
2026-07-19 23:05:50.634 +07:00 [INF] HTTP OPTIONS /api/reminders/upcoming responded 204 in 1.9718 ms
2026-07-19 23:05:50.678 +07:00 [INF] HTTP GET /api/reminders responded 200 in 37.6958 ms
2026-07-19 23:05:50.682 +07:00 [INF] HTTP GET /api/reminders/upcoming responded 200 in 41.9405 ms
2026-07-19 23:05:51.987 +07:00 [INF] HTTP OPTIONS /api/appointments responded 204 in 0.2446 ms
2026-07-19 23:05:52.036 +07:00 [INF] HTTP GET /api/appointments responded 200 in 46.2575 ms
2026-07-19 23:05:52.667 +07:00 [INF] HTTP OPTIONS /api/health-records responded 204 in 0.8155 ms
2026-07-19 23:05:52.668 +07:00 [INF] HTTP OPTIONS /api/medical-history responded 204 in 0.1239 ms
2026-07-19 23:05:52.668 +07:00 [INF] HTTP OPTIONS /api/medical-history/follow-ups responded 204 in 0.0777 ms
2026-07-19 23:05:52.696 +07:00 [INF] HTTP GET /api/medical-history/follow-ups responded 200 in 22.8786 ms
2026-07-19 23:05:52.699 +07:00 [INF] HTTP GET /api/medical-history responded 200 in 27.9815 ms
2026-07-19 23:05:52.709 +07:00 [INF] HTTP GET /api/health-records responded 200 in 35.9226 ms
2026-07-19 23:05:53.353 +07:00 [INF] HTTP OPTIONS /api/vaccines responded 204 in 0.1392 ms
2026-07-19 23:05:53.354 +07:00 [INF] HTTP OPTIONS /api/vaccines/overdue responded 204 in 0.1300 ms
2026-07-19 23:05:53.372 +07:00 [INF] HTTP GET /api/health-records responded 200 in 18.0756 ms
2026-07-19 23:05:53.382 +07:00 [INF] HTTP GET /api/vaccines responded 200 in 21.2954 ms
2026-07-19 23:05:53.382 +07:00 [INF] HTTP GET /api/vaccines/overdue responded 200 in 23.0904 ms
2026-07-19 23:05:54.064 +07:00 [INF] HTTP OPTIONS /api/prescriptions responded 204 in 0.6375 ms
2026-07-19 23:05:54.088 +07:00 [INF] HTTP GET /api/prescriptions responded 200 in 21.3723 ms
2026-07-19 23:05:55.150 +07:00 [INF] HTTP GET /api/health-records responded 200 in 9.0808 ms
2026-07-19 23:05:55.150 +07:00 [INF] HTTP GET /api/vaccines/overdue responded 200 in 8.7037 ms
2026-07-19 23:05:55.153 +07:00 [INF] HTTP GET /api/vaccines responded 200 in 11.9387 ms
2026-07-19 23:05:56.739 +07:00 [INF] HTTP GET /api/prescriptions responded 200 in 10.3890 ms
2026-07-19 23:05:57.477 +07:00 [INF] HTTP OPTIONS /api/prescriptions responded 204 in 0.1493 ms
2026-07-19 23:05:57.670 +07:00 [INF] HTTP POST /api/prescriptions responded 201 in 190.2564 ms
2026-07-19 23:06:00.960 +07:00 [INF] HTTP GET /api/prescriptions responded 200 in 11.3790 ms
2026-07-19 23:06:01.680 +07:00 [INF] HTTP OPTIONS /api/health-records responded 204 in 1.7873 ms
2026-07-19 23:06:01.686 +07:00 [INF] HTTP OPTIONS /api/medical-history/follow-ups responded 204 in 0.1343 ms
2026-07-19 23:06:01.687 +07:00 [INF] HTTP OPTIONS /api/medical-history responded 204 in 0.1368 ms
2026-07-19 23:06:01.696 +07:00 [INF] HTTP GET /api/health-records responded 200 in 8.7876 ms
2026-07-19 23:06:01.697 +07:00 [INF] HTTP GET /api/medical-history/follow-ups responded 200 in 7.6240 ms
2026-07-19 23:06:01.699 +07:00 [INF] HTTP GET /api/medical-history responded 200 in 9.1806 ms
2026-07-19 23:06:02.325 +07:00 [INF] HTTP OPTIONS /api/vaccines responded 204 in 0.1063 ms
2026-07-19 23:06:02.325 +07:00 [INF] HTTP OPTIONS /api/vaccines/overdue responded 204 in 0.0518 ms
2026-07-19 23:06:02.333 +07:00 [INF] HTTP GET /api/vaccines responded 200 in 3.4366 ms
2026-07-19 23:06:02.333 +07:00 [INF] HTTP GET /api/vaccines/overdue responded 200 in 3.4923 ms
2026-07-19 23:06:02.337 +07:00 [INF] HTTP GET /api/health-records responded 200 in 11.5358 ms
2026-07-19 23:06:07.438 +07:00 [INF] HTTP OPTIONS /api/health-records responded 204 in 0.1910 ms
2026-07-19 23:06:07.438 +07:00 [INF] HTTP OPTIONS /api/medical-history responded 204 in 0.2053 ms
2026-07-19 23:06:07.439 +07:00 [INF] HTTP OPTIONS /api/medical-history/follow-ups responded 204 in 0.0744 ms
2026-07-19 23:06:07.448 +07:00 [INF] HTTP GET /api/medical-history/follow-ups responded 200 in 4.6168 ms
2026-07-19 23:06:07.451 +07:00 [INF] HTTP GET /api/medical-history responded 200 in 7.2903 ms
2026-07-19 23:06:07.453 +07:00 [INF] HTTP GET /api/health-records responded 200 in 9.8615 ms
2026-07-19 23:13:07.628 +07:00 [INF] HTTP OPTIONS /api/medical-history/follow-ups responded 204 in 0.1410 ms
2026-07-19 23:13:07.628 +07:00 [INF] HTTP OPTIONS /api/medical-history responded 204 in 0.2049 ms
2026-07-19 23:13:07.633 +07:00 [INF] HTTP OPTIONS /api/health-records responded 204 in 5.9825 ms
2026-07-19 23:13:07.867 +07:00 [INF] HTTP GET /api/health-records responded 200 in 214.8115 ms
2026-07-19 23:13:07.872 +07:00 [INF] HTTP OPTIONS /api/reminders/upcoming responded 204 in 0.3067 ms
2026-07-19 23:13:07.874 +07:00 [INF] HTTP OPTIONS /api/vaccines/overdue responded 204 in 0.5501 ms
2026-07-19 23:13:07.895 +07:00 [INF] HTTP GET /api/medical-history responded 200 in 243.6688 ms
2026-07-19 23:13:07.901 +07:00 [INF] HTTP GET /api/health-records responded 200 in 21.7785 ms
2026-07-19 23:13:07.901 +07:00 [INF] HTTP GET /api/medical-history/follow-ups responded 200 in 228.3625 ms
2026-07-19 23:13:07.917 +07:00 [INF] HTTP GET /api/medical-history/follow-ups responded 200 in 12.1244 ms
2026-07-19 23:13:07.919 +07:00 [INF] HTTP GET /api/vaccines/overdue responded 200 in 35.7212 ms
2026-07-19 23:13:07.921 +07:00 [INF] HTTP GET /api/reminders/upcoming responded 200 in 38.2286 ms
2026-07-19 23:13:08.907 +07:00 [INF] HTTP GET /api/health-records responded 200 in 14.2558 ms
2026-07-19 23:13:09.539 +07:00 [INF] HTTP GET /api/medical-history/follow-ups responded 200 in 13.7045 ms
2026-07-19 23:13:09.540 +07:00 [INF] HTTP GET /api/reminders/upcoming responded 200 in 10.0378 ms
2026-07-19 23:13:09.543 +07:00 [INF] HTTP GET /api/health-records responded 200 in 18.0150 ms
2026-07-19 23:13:09.544 +07:00 [INF] HTTP GET /api/vaccines/overdue responded 200 in 15.2033 ms
2026-07-19 23:13:12.428 +07:00 [INF] HTTP GET /api/health-records responded 200 in 6.5837 ms
2026-07-19 23:13:14.013 +07:00 [INF] HTTP OPTIONS /api/health-records responded 204 in 1.9644 ms
2026-07-19 23:13:14.014 +07:00 [INF] HTTP OPTIONS /api/medical-history/follow-ups responded 204 in 0.4357 ms
2026-07-19 23:13:14.014 +07:00 [INF] HTTP OPTIONS /api/reminders/upcoming responded 204 in 0.0210 ms
2026-07-19 23:13:14.017 +07:00 [INF] HTTP OPTIONS /api/vaccines/overdue responded 204 in 0.0433 ms
2026-07-19 23:13:14.039 +07:00 [INF] HTTP GET /api/reminders/upcoming responded 200 in 13.4591 ms
2026-07-19 23:13:14.040 +07:00 [INF] HTTP GET /api/vaccines/overdue responded 200 in 8.4764 ms
2026-07-19 23:13:14.041 +07:00 [INF] HTTP GET /api/medical-history/follow-ups responded 200 in 15.1789 ms
2026-07-19 23:13:14.047 +07:00 [INF] HTTP GET /api/health-records responded 200 in 16.1893 ms
2026-07-19 23:15:30.336 +07:00 [INF] HTTP OPTIONS /api/health-records responded 204 in 1.2955 ms
2026-07-19 23:15:30.342 +07:00 [INF] HTTP OPTIONS /api/medical-history/follow-ups responded 204 in 0.4573 ms
2026-07-19 23:15:30.342 +07:00 [INF] HTTP OPTIONS /api/vaccines/overdue responded 204 in 0.0350 ms
2026-07-19 23:15:30.356 +07:00 [INF] HTTP OPTIONS /api/reminders/upcoming responded 204 in 0.2015 ms
2026-07-19 23:15:30.366 +07:00 [INF] HTTP GET /api/vaccines/overdue responded 401 in 8.0671 ms
2026-07-19 23:15:30.366 +07:00 [INF] HTTP GET /api/medical-history/follow-ups responded 401 in 9.9410 ms
2026-07-19 23:15:30.366 +07:00 [INF] HTTP GET /api/health-records responded 401 in 10.2387 ms
2026-07-19 23:15:30.371 +07:00 [INF] HTTP OPTIONS /api/auth/refresh responded 204 in 0.1443 ms
2026-07-19 23:15:30.372 +07:00 [INF] HTTP OPTIONS /api/auth/refresh responded 204 in 0.1293 ms
2026-07-19 23:15:30.373 +07:00 [INF] HTTP OPTIONS /api/auth/refresh responded 204 in 0.1427 ms
2026-07-19 23:15:30.375 +07:00 [INF] HTTP GET /api/reminders/upcoming responded 401 in 5.4541 ms
2026-07-19 23:15:30.560 +07:00 [INF] HTTP POST /api/auth/refresh responded 200 in 174.2785 ms
2026-07-19 23:15:30.561 +07:00 [INF] HTTP POST /api/auth/refresh responded 200 in 186.7660 ms
2026-07-19 23:15:30.581 +07:00 [INF] HTTP POST /api/auth/refresh responded 200 in 203.4301 ms
2026-07-19 23:15:30.599 +07:00 [INF] HTTP POST /api/auth/refresh responded 200 in 211.9046 ms
2026-07-19 23:15:30.677 +07:00 [INF] HTTP GET /api/vaccines/overdue responded 200 in 102.0325 ms
2026-07-19 23:15:30.680 +07:00 [INF] HTTP GET /api/health-records responded 200 in 113.8803 ms
2026-07-19 23:15:30.723 +07:00 [INF] HTTP GET /api/medical-history/follow-ups responded 200 in 121.6323 ms
2026-07-19 23:15:30.751 +07:00 [INF] HTTP GET /api/reminders/upcoming responded 200 in 134.2871 ms
2026-07-19 23:15:36.894 +07:00 [INF] HTTP OPTIONS /api/medical-history/follow-ups responded 204 in 0.2161 ms
2026-07-19 23:15:36.894 +07:00 [INF] HTTP OPTIONS /api/health-records responded 204 in 0.2099 ms
2026-07-19 23:15:36.894 +07:00 [INF] HTTP OPTIONS /api/reminders/upcoming responded 204 in 0.0365 ms
2026-07-19 23:15:36.894 +07:00 [INF] HTTP OPTIONS /api/vaccines/overdue responded 204 in 0.0606 ms
2026-07-19 23:15:36.923 +07:00 [INF] HTTP GET /api/vaccines/overdue responded 200 in 14.1323 ms
2026-07-19 23:15:36.924 +07:00 [INF] HTTP GET /api/medical-history/follow-ups responded 200 in 27.2430 ms
2026-07-19 23:15:36.928 +07:00 [INF] HTTP GET /api/reminders/upcoming responded 200 in 30.5475 ms
2026-07-19 23:15:36.928 +07:00 [INF] HTTP GET /api/health-records responded 200 in 30.3045 ms
2026-07-19 23:15:46.639 +07:00 [INF] HTTP OPTIONS /api/health-records responded 204 in 0.1949 ms
2026-07-19 23:15:46.640 +07:00 [INF] HTTP OPTIONS /api/medical-history/follow-ups responded 204 in 0.0841 ms
2026-07-19 23:15:46.640 +07:00 [INF] HTTP OPTIONS /api/vaccines/overdue responded 204 in 0.0975 ms
2026-07-19 23:15:46.640 +07:00 [INF] HTTP OPTIONS /api/reminders/upcoming responded 204 in 0.0363 ms
2026-07-19 23:15:46.667 +07:00 [INF] HTTP GET /api/reminders/upcoming responded 200 in 10.0558 ms
2026-07-19 23:15:46.667 +07:00 [INF] HTTP GET /api/medical-history/follow-ups responded 200 in 18.7574 ms
2026-07-19 23:15:46.668 +07:00 [INF] HTTP GET /api/vaccines/overdue responded 200 in 12.2505 ms
2026-07-19 23:15:46.670 +07:00 [INF] HTTP GET /api/health-records responded 200 in 23.5726 ms
2026-07-19 23:17:24.309 +07:00 [INF] HTTP OPTIONS /api/health-records responded 204 in 1.8400 ms
2026-07-19 23:17:24.310 +07:00 [INF] HTTP OPTIONS /api/medical-history/follow-ups responded 204 in 1.9828 ms
2026-07-19 23:17:24.310 +07:00 [INF] HTTP OPTIONS /api/vaccines/overdue responded 204 in 2.5029 ms
2026-07-19 23:17:24.313 +07:00 [INF] HTTP OPTIONS /api/reminders/upcoming responded 204 in 0.1038 ms
2026-07-19 23:17:24.391 +07:00 [INF] HTTP GET /api/vaccines/overdue responded 200 in 70.9773 ms
2026-07-19 23:17:24.391 +07:00 [INF] HTTP GET /api/medical-history/follow-ups responded 200 in 71.0867 ms
2026-07-19 23:17:24.414 +07:00 [INF] HTTP GET /api/reminders/upcoming responded 200 in 92.7802 ms
2026-07-19 23:17:24.467 +07:00 [INF] HTTP GET /api/health-records responded 200 in 146.9713 ms
2026-07-19 23:17:25.113 +07:00 [INF] HTTP GET /api/health-records responded 200 in 10.4900 ms
2026-07-19 23:17:26.563 +07:00 [INF] HTTP OPTIONS /api/appointments responded 204 in 0.1453 ms
2026-07-19 23:17:26.600 +07:00 [INF] HTTP GET /api/appointments responded 200 in 33.7695 ms
2026-07-19 23:17:27.412 +07:00 [INF] HTTP OPTIONS /api/medical-history responded 204 in 0.0994 ms
2026-07-19 23:17:27.419 +07:00 [INF] HTTP GET /api/medical-history/follow-ups responded 200 in 7.2790 ms
2026-07-19 23:17:27.421 +07:00 [INF] HTTP GET /api/health-records responded 200 in 9.3808 ms
2026-07-19 23:17:27.427 +07:00 [INF] HTTP GET /api/medical-history responded 200 in 11.5057 ms
2026-07-19 23:17:28.656 +07:00 [INF] HTTP OPTIONS /api/vaccines responded 204 in 0.1786 ms
2026-07-19 23:17:28.666 +07:00 [INF] HTTP GET /api/vaccines/overdue responded 200 in 8.1818 ms
2026-07-19 23:17:28.668 +07:00 [INF] HTTP GET /api/health-records responded 200 in 12.4126 ms
2026-07-19 23:17:28.675 +07:00 [INF] HTTP GET /api/vaccines responded 200 in 14.2765 ms
2026-07-19 23:17:29.327 +07:00 [INF] HTTP OPTIONS /api/prescriptions responded 204 in 0.0943 ms
2026-07-19 23:17:29.356 +07:00 [INF] HTTP GET /api/prescriptions responded 200 in 25.3108 ms
2026-07-19 23:17:29.834 +07:00 [INF] HTTP OPTIONS /api/reminders responded 204 in 0.1024 ms
2026-07-19 23:17:29.834 +07:00 [INF] HTTP OPTIONS /api/reminders/upcoming responded 204 in 0.0846 ms
2026-07-19 23:17:29.846 +07:00 [INF] HTTP GET /api/reminders/upcoming responded 200 in 7.4825 ms
2026-07-19 23:17:29.851 +07:00 [INF] HTTP GET /api/reminders responded 200 in 12.3892 ms
2026-07-19 23:17:30.334 +07:00 [INF] HTTP OPTIONS /api/health-records responded 204 in 0.0833 ms
2026-07-19 23:17:30.335 +07:00 [INF] HTTP OPTIONS /api/vaccines/overdue responded 204 in 0.0967 ms
2026-07-19 23:17:30.341 +07:00 [INF] HTTP GET /api/vaccines responded 200 in 6.3849 ms
2026-07-19 23:17:30.342 +07:00 [INF] HTTP GET /api/vaccines/overdue responded 200 in 3.2656 ms
2026-07-19 23:17:30.344 +07:00 [INF] HTTP GET /api/health-records responded 200 in 5.7128 ms
2026-07-19 23:17:30.724 +07:00 [INF] HTTP OPTIONS /api/medical-history/follow-ups responded 204 in 0.0925 ms
2026-07-19 23:17:30.731 +07:00 [INF] HTTP GET /api/medical-history responded 200 in 6.6664 ms
2026-07-19 23:17:30.733 +07:00 [INF] HTTP GET /api/medical-history/follow-ups responded 200 in 3.8237 ms
2026-07-19 23:17:30.735 +07:00 [INF] HTTP GET /api/health-records responded 200 in 10.8660 ms
2026-07-19 23:18:17.627 +07:00 [INF] HTTP OPTIONS /api/health-records responded 204 in 0.2081 ms
2026-07-19 23:18:17.632 +07:00 [INF] HTTP OPTIONS /api/vaccines responded 204 in 0.1434 ms
2026-07-19 23:18:17.633 +07:00 [INF] HTTP OPTIONS /api/vaccines/overdue responded 204 in 1.0221 ms
2026-07-19 23:18:17.664 +07:00 [INF] HTTP GET /api/vaccines responded 200 in 22.4813 ms
2026-07-19 23:18:17.667 +07:00 [INF] HTTP GET /api/vaccines/overdue responded 200 in 25.0748 ms
2026-07-19 23:18:17.674 +07:00 [INF] HTTP GET /api/health-records responded 200 in 32.0996 ms
2026-07-19 23:18:28.382 +07:00 [INF] HTTP OPTIONS /api/prescriptions responded 204 in 0.1847 ms
2026-07-19 23:18:28.411 +07:00 [INF] HTTP GET /api/prescriptions responded 200 in 26.3056 ms
2026-07-19 23:18:38.602 +07:00 [INF] HTTP OPTIONS /api/reminders/upcoming responded 204 in 0.0938 ms
2026-07-19 23:18:38.602 +07:00 [INF] HTTP OPTIONS /api/reminders responded 204 in 0.1480 ms
2026-07-19 23:18:38.622 +07:00 [INF] HTTP GET /api/reminders responded 200 in 17.1632 ms
2026-07-19 23:18:38.628 +07:00 [INF] HTTP GET /api/reminders/upcoming responded 200 in 22.9214 ms
2026-07-19 23:18:46.596 +07:00 [INF] HTTP OPTIONS /api/prescriptions responded 204 in 0.5317 ms
2026-07-19 23:18:46.631 +07:00 [INF] HTTP GET /api/prescriptions responded 200 in 13.6928 ms
2026-07-19 23:18:47.383 +07:00 [INF] HTTP OPTIONS /api/health-records responded 204 in 0.1980 ms
2026-07-19 23:18:47.383 +07:00 [INF] HTTP OPTIONS /api/vaccines responded 204 in 0.1581 ms
2026-07-19 23:18:47.384 +07:00 [INF] HTTP OPTIONS /api/vaccines/overdue responded 204 in 0.0520 ms
2026-07-19 23:18:47.409 +07:00 [INF] HTTP GET /api/vaccines responded 200 in 17.1768 ms
2026-07-19 23:18:47.409 +07:00 [INF] HTTP GET /api/vaccines/overdue responded 200 in 17.5210 ms
2026-07-19 23:18:47.415 +07:00 [INF] HTTP GET /api/health-records responded 200 in 23.4606 ms
2026-07-19 23:18:48.318 +07:00 [INF] HTTP OPTIONS /api/medical-history/follow-ups responded 204 in 0.1526 ms
2026-07-19 23:18:48.318 +07:00 [INF] HTTP OPTIONS /api/medical-history responded 204 in 0.0775 ms
2026-07-19 23:18:48.336 +07:00 [INF] HTTP GET /api/health-records responded 200 in 17.1357 ms
2026-07-19 23:18:48.342 +07:00 [INF] HTTP GET /api/medical-history/follow-ups responded 200 in 15.3071 ms
2026-07-19 23:18:48.342 +07:00 [INF] HTTP GET /api/medical-history responded 200 in 14.8538 ms
2026-07-19 23:18:49.690 +07:00 [INF] HTTP GET /api/health-records responded 200 in 13.6221 ms
2026-07-19 23:18:50.379 +07:00 [INF] HTTP OPTIONS /api/appointments responded 204 in 0.1730 ms
2026-07-19 23:18:50.434 +07:00 [INF] HTTP GET /api/appointments responded 200 in 31.8868 ms
2026-07-19 23:18:50.868 +07:00 [INF] HTTP OPTIONS /api/reminders/upcoming responded 204 in 0.1607 ms
2026-07-19 23:18:50.878 +07:00 [INF] HTTP GET /api/vaccines/overdue responded 200 in 9.0897 ms
2026-07-19 23:18:50.883 +07:00 [INF] HTTP GET /api/medical-history/follow-ups responded 200 in 14.5315 ms
2026-07-19 23:18:50.883 +07:00 [INF] HTTP GET /api/health-records responded 200 in 15.0886 ms
2026-07-19 23:18:50.884 +07:00 [INF] HTTP GET /api/reminders/upcoming responded 200 in 6.9843 ms
2026-07-19 23:18:51.712 +07:00 [INF] HTTP GET /api/health-records responded 200 in 12.0921 ms
2026-07-19 23:18:53.420 +07:00 [INF] HTTP OPTIONS /api/reminders responded 204 in 0.1788 ms
2026-07-19 23:18:53.431 +07:00 [INF] HTTP GET /api/reminders/upcoming responded 200 in 10.2620 ms
2026-07-19 23:18:53.436 +07:00 [INF] HTTP GET /api/reminders responded 200 in 11.9080 ms
2026-07-19 23:18:53.842 +07:00 [INF] HTTP OPTIONS /api/prescriptions responded 204 in 0.3303 ms
2026-07-19 23:18:53.861 +07:00 [INF] HTTP GET /api/prescriptions responded 200 in 11.9420 ms
2026-07-19 23:18:54.273 +07:00 [INF] HTTP OPTIONS /api/health-records responded 204 in 0.0858 ms
2026-07-19 23:18:54.273 +07:00 [INF] HTTP OPTIONS /api/vaccines responded 204 in 0.0665 ms
2026-07-19 23:18:54.274 +07:00 [INF] HTTP OPTIONS /api/vaccines/overdue responded 204 in 0.1019 ms
2026-07-19 23:18:54.283 +07:00 [INF] HTTP GET /api/vaccines responded 200 in 4.8110 ms
2026-07-19 23:18:54.287 +07:00 [INF] HTTP GET /api/health-records responded 200 in 9.0877 ms
2026-07-19 23:18:54.287 +07:00 [INF] HTTP GET /api/vaccines/overdue responded 200 in 8.0080 ms
2026-07-19 23:18:54.701 +07:00 [INF] HTTP OPTIONS /api/medical-history responded 204 in 0.3103 ms
2026-07-19 23:18:54.707 +07:00 [INF] HTTP OPTIONS /api/medical-history/follow-ups responded 204 in 0.1978 ms
2026-07-19 23:18:54.719 +07:00 [INF] HTTP GET /api/health-records responded 200 in 14.3645 ms
2026-07-19 23:18:54.719 +07:00 [INF] HTTP GET /api/medical-history/follow-ups responded 200 in 7.7660 ms
2026-07-19 23:18:54.719 +07:00 [INF] HTTP GET /api/medical-history responded 200 in 8.3375 ms
2026-07-19 23:18:55.174 +07:00 [INF] HTTP GET /api/appointments responded 200 in 8.9208 ms
2026-07-19 23:18:55.723 +07:00 [INF] HTTP GET /api/health-records responded 200 in 8.7603 ms
2026-07-19 23:18:56.206 +07:00 [INF] HTTP OPTIONS /api/reminders/upcoming responded 204 in 0.0858 ms
2026-07-19 23:18:56.216 +07:00 [INF] HTTP GET /api/medical-history/follow-ups responded 200 in 8.8194 ms
2026-07-19 23:18:56.220 +07:00 [INF] HTTP GET /api/vaccines/overdue responded 200 in 10.8453 ms
2026-07-19 23:18:56.220 +07:00 [INF] HTTP GET /api/health-records responded 200 in 14.1081 ms
2026-07-19 23:18:56.223 +07:00 [INF] HTTP GET /api/reminders/upcoming responded 200 in 8.9540 ms
2026-07-19 23:19:26.951 +07:00 [INF] HTTP OPTIONS /api/health-records responded 204 in 0.3245 ms
2026-07-19 23:19:26.975 +07:00 [INF] HTTP GET /api/health-records responded 200 in 20.9396 ms
2026-07-19 23:19:27.925 +07:00 [INF] HTTP OPTIONS /api/appointments responded 204 in 0.3163 ms
2026-07-19 23:19:27.960 +07:00 [INF] HTTP GET /api/appointments responded 200 in 32.5231 ms
2026-07-19 23:19:36.568 +07:00 [INF] HTTP OPTIONS /api/medical-history responded 204 in 0.5212 ms
2026-07-19 23:19:36.570 +07:00 [INF] HTTP OPTIONS /api/health-records responded 204 in 0.3564 ms
2026-07-19 23:19:36.571 +07:00 [INF] HTTP OPTIONS /api/medical-history/follow-ups responded 204 in 0.2570 ms
2026-07-19 23:19:36.594 +07:00 [INF] HTTP GET /api/health-records responded 200 in 15.2819 ms
2026-07-19 23:19:36.599 +07:00 [INF] HTTP GET /api/medical-history responded 200 in 20.1208 ms
2026-07-19 23:19:36.599 +07:00 [INF] HTTP GET /api/medical-history/follow-ups responded 200 in 19.1185 ms
2026-07-19 23:19:37.150 +07:00 [INF] HTTP OPTIONS /api/appointments responded 204 in 0.1625 ms
2026-07-19 23:19:37.171 +07:00 [INF] HTTP GET /api/appointments responded 200 in 15.4119 ms
2026-07-19 23:19:55.734 +07:00 [INF] HTTP OPTIONS /api/health-records responded 204 in 0.1963 ms
2026-07-19 23:19:55.734 +07:00 [INF] HTTP OPTIONS /api/medical-history responded 204 in 0.2017 ms
2026-07-19 23:19:55.737 +07:00 [INF] HTTP OPTIONS /api/medical-history/follow-ups responded 204 in 0.1965 ms
2026-07-19 23:19:55.748 +07:00 [INF] HTTP GET /api/medical-history/follow-ups responded 200 in 7.3317 ms
2026-07-19 23:19:55.748 +07:00 [INF] HTTP GET /api/medical-history responded 200 in 7.4931 ms
2026-07-19 23:19:55.749 +07:00 [INF] HTTP GET /api/health-records responded 200 in 8.6470 ms
2026-07-19 23:19:56.754 +07:00 [INF] HTTP OPTIONS /api/vaccines responded 204 in 0.1128 ms
2026-07-19 23:19:56.759 +07:00 [INF] HTTP OPTIONS /api/vaccines/overdue responded 204 in 2.5395 ms
2026-07-19 23:19:56.775 +07:00 [INF] HTTP GET /api/health-records responded 200 in 20.2612 ms
2026-07-19 23:19:56.785 +07:00 [INF] HTTP GET /api/vaccines responded 200 in 22.6526 ms
2026-07-19 23:19:56.789 +07:00 [INF] HTTP GET /api/vaccines/overdue responded 200 in 19.1481 ms
2026-07-19 23:19:57.289 +07:00 [INF] HTTP OPTIONS /api/prescriptions responded 204 in 0.0976 ms
2026-07-19 23:19:57.315 +07:00 [INF] HTTP GET /api/prescriptions responded 200 in 24.7329 ms
2026-07-19 23:19:57.802 +07:00 [INF] HTTP OPTIONS /api/reminders responded 204 in 0.1700 ms
2026-07-19 23:19:57.802 +07:00 [INF] HTTP OPTIONS /api/reminders/upcoming responded 204 in 0.0823 ms
2026-07-19 23:19:57.817 +07:00 [INF] HTTP GET /api/reminders responded 200 in 10.1560 ms
2026-07-19 23:19:57.819 +07:00 [INF] HTTP GET /api/reminders/upcoming responded 200 in 12.4160 ms
2026-07-19 23:19:58.656 +07:00 [INF] HTTP GET /api/medical-history responded 200 in 7.3321 ms
2026-07-19 23:19:58.656 +07:00 [INF] HTTP GET /api/medical-history/follow-ups responded 200 in 7.0110 ms
2026-07-19 23:19:58.660 +07:00 [INF] HTTP GET /api/health-records responded 200 in 11.6000 ms
2026-07-19 23:19:59.125 +07:00 [INF] HTTP OPTIONS /api/appointments responded 204 in 0.0907 ms
2026-07-19 23:19:59.140 +07:00 [INF] HTTP GET /api/appointments responded 200 in 12.5134 ms
2026-07-19 23:19:59.590 +07:00 [INF] HTTP GET /api/health-records responded 200 in 11.0509 ms
2026-07-19 23:20:00.034 +07:00 [INF] HTTP GET /api/medical-history/follow-ups responded 200 in 9.7166 ms
2026-07-19 23:20:00.035 +07:00 [INF] HTTP GET /api/vaccines/overdue responded 200 in 7.9041 ms
2026-07-19 23:20:00.038 +07:00 [INF] HTTP GET /api/health-records responded 200 in 13.6732 ms
2026-07-19 23:20:00.038 +07:00 [INF] HTTP GET /api/reminders/upcoming responded 200 in 7.6042 ms
2026-07-19 23:20:01.146 +07:00 [INF] HTTP OPTIONS /api/auth/logout responded 204 in 5.1385 ms
2026-07-19 23:20:01.249 +07:00 [INF] HTTP POST /api/auth/logout responded 200 in 87.9271 ms
2026-07-19 23:20:06.611 +07:00 [INF] HTTP OPTIONS /api/auth/login responded 204 in 0.4367 ms
2026-07-19 23:20:07.143 +07:00 [INF] HTTP POST /api/auth/login responded 200 in 525.1098 ms
2026-07-19 23:20:07.170 +07:00 [INF] HTTP OPTIONS /api/doctor/patients responded 204 in 0.0921 ms
2026-07-19 23:20:07.224 +07:00 [INF] HTTP GET /api/doctor/patients responded 200 in 50.2812 ms
2026-07-19 23:20:10.770 +07:00 [INF] HTTP OPTIONS /api/appointments/doctor responded 204 in 0.3801 ms
2026-07-19 23:20:10.795 +07:00 [INF] HTTP GET /api/appointments/doctor responded 200 in 18.4652 ms
2026-07-19 23:20:11.824 +07:00 [INF] HTTP GET /api/doctor/patients responded 200 in 5.9091 ms
2026-07-19 23:20:12.256 +07:00 [INF] HTTP GET /api/appointments/doctor responded 200 in 11.7423 ms
2026-07-19 23:20:12.708 +07:00 [INF] HTTP OPTIONS /api/doctor/patients responded 204 in 0.0888 ms
2026-07-19 23:20:12.720 +07:00 [INF] HTTP GET /api/doctor/patients responded 200 in 10.1215 ms
2026-07-19 23:20:13.199 +07:00 [INF] HTTP GET /api/appointments/doctor responded 200 in 12.5029 ms
2026-07-19 23:20:13.673 +07:00 [INF] HTTP GET /api/doctor/patients responded 200 in 15.5006 ms
2026-07-19 23:20:14.636 +07:00 [INF] HTTP GET /api/appointments/doctor responded 200 in 12.2294 ms
2026-07-19 23:20:50.798 +07:00 [INF] HTTP OPTIONS /api/doctor/patients responded 204 in 0.5338 ms
2026-07-19 23:20:50.878 +07:00 [INF] HTTP GET /api/doctor/patients responded 200 in 72.3704 ms
2026-07-19 23:20:54.317 +07:00 [INF] HTTP OPTIONS /api/appointments/doctor responded 204 in 2.0019 ms
2026-07-19 23:20:54.564 +07:00 [INF] HTTP GET /api/appointments/doctor responded 200 in 228.8690 ms
2026-07-19 23:21:07.149 +07:00 [INF] HTTP OPTIONS /api/auth/logout responded 204 in 2.3014 ms
2026-07-19 23:21:07.331 +07:00 [INF] HTTP POST /api/auth/logout responded 200 in 164.1290 ms
2026-07-19 23:21:14.794 +07:00 [INF] HTTP OPTIONS /api/auth/login responded 204 in 0.2884 ms
2026-07-19 23:21:15.290 +07:00 [INF] HTTP POST /api/auth/login responded 200 in 491.2959 ms
2026-07-19 23:21:15.353 +07:00 [INF] HTTP OPTIONS /api/admin/dashboard responded 204 in 0.4891 ms
2026-07-19 23:21:15.644 +07:00 [INF] HTTP GET /api/admin/dashboard responded 200 in 270.7925 ms
2026-07-19 23:21:18.145 +07:00 [INF] HTTP OPTIONS /api/admin/users responded 204 in 0.3370 ms
2026-07-19 23:21:18.314 +07:00 [INF] HTTP GET /api/admin/users responded 200 in 162.1960 ms
2026-07-19 23:21:22.808 +07:00 [INF] HTTP OPTIONS /api/admin/doctor-patients responded 204 in 0.2750 ms
2026-07-19 23:21:22.923 +07:00 [INF] HTTP GET /api/admin/doctor-patients responded 200 in 105.5178 ms
2026-07-19 23:21:24.971 +07:00 [INF] HTTP OPTIONS /api/admin/roles responded 204 in 0.1382 ms
2026-07-19 23:21:24.971 +07:00 [INF] HTTP OPTIONS /api/admin/permissions responded 204 in 0.1834 ms
2026-07-19 23:21:25.008 +07:00 [INF] HTTP GET /api/admin/roles responded 200 in 32.1233 ms
2026-07-19 23:21:25.032 +07:00 [INF] HTTP GET /api/admin/permissions responded 200 in 55.1863 ms
2026-07-19 23:21:25.762 +07:00 [INF] HTTP GET /api/admin/doctor-patients responded 200 in 12.6124 ms
2026-07-19 23:21:28.234 +07:00 [INF] HTTP OPTIONS /api/admin/users responded 204 in 0.1203 ms
2026-07-19 23:21:28.234 +07:00 [INF] HTTP OPTIONS /api/admin/users responded 204 in 0.1004 ms
2026-07-19 23:21:28.273 +07:00 [INF] HTTP GET /api/admin/users responded 200 in 32.2056 ms
2026-07-19 23:21:28.274 +07:00 [INF] HTTP GET /api/admin/users responded 200 in 33.0900 ms
2026-07-19 23:24:31.571 +07:00 [INF] Đã seed thêm dữ liệu mẫu đa dạng: 2 bác sĩ (bacsi2, bacsi3), 1 bệnh nhân (benhnhan2), thêm hồ sơ/lịch sử khám/vaccine/đơn thuốc/lịch hẹn/nhắc nhở cho benhnhan
2026-07-19 23:24:31.895 +07:00 [INF] ReminderBackgroundService started.
2026-07-19 23:24:32.075 +07:00 [WRN] The WebRootPath was not found: C:\HealthPlus\HealthPlus\HealthPlus\wwwroot. Static files may be unavailable.
2026-07-19 23:24:46.098 +07:00 [INF] HTTP POST /api/auth/login responded 200 in 1139.1158 ms
2026-07-19 23:24:46.442 +07:00 [INF] HTTP GET /api/health-records responded 200 in 194.2025 ms
2026-07-19 23:24:46.624 +07:00 [INF] HTTP GET /api/medical-history responded 200 in 83.5430 ms
2026-07-19 23:24:46.763 +07:00 [INF] HTTP GET /api/vaccines responded 200 in 53.1667 ms
2026-07-19 23:24:46.986 +07:00 [INF] HTTP GET /api/prescriptions responded 200 in 103.6610 ms
2026-07-19 23:24:47.173 +07:00 [INF] HTTP GET /api/appointments responded 200 in 97.7555 ms
2026-07-19 23:24:47.329 +07:00 [INF] HTTP GET /api/reminders responded 200 in 60.0682 ms
2026-07-19 23:25:01.498 +07:00 [INF] HTTP POST /api/auth/login responded 200 in 510.8219 ms
2026-07-19 23:25:02.066 +07:00 [INF] HTTP POST /api/auth/login responded 200 in 435.6305 ms
2026-07-19 23:25:02.313 +07:00 [INF] HTTP GET /api/admin/dashboard responded 200 in 150.6179 ms
2026-07-19 23:25:02.470 +07:00 [INF] HTTP GET /api/doctor/patients responded 200 in 70.6378 ms
2026-07-19 23:25:02.630 +07:00 [INF] HTTP GET /api/appointments/doctor responded 200 in 45.7313 ms
2026-07-19 23:27:13.162 +07:00 [INF] HTTP OPTIONS /api/admin/doctor-patients responded 204 in 6.7306 ms
2026-07-19 23:27:13.342 +07:00 [INF] HTTP GET /api/admin/doctor-patients responded 200 in 160.1084 ms
2026-07-19 23:27:21.287 +07:00 [INF] HTTP OPTIONS /api/admin/permissions responded 204 in 2.9223 ms
2026-07-19 23:27:21.287 +07:00 [INF] HTTP OPTIONS /api/admin/roles responded 204 in 2.6616 ms
2026-07-19 23:27:21.400 +07:00 [INF] HTTP GET /api/admin/roles responded 200 in 99.0003 ms
2026-07-19 23:27:21.413 +07:00 [INF] HTTP GET /api/admin/permissions responded 200 in 112.3028 ms
2026-07-19 23:27:26.120 +07:00 [INF] HTTP OPTIONS /api/admin/roles/1/permissions responded 204 in 0.8905 ms
2026-07-19 23:27:26.191 +07:00 [INF] HTTP GET /api/admin/roles/1/permissions responded 200 in 50.3040 ms
2026-07-19 23:27:27.790 +07:00 [INF] HTTP GET /api/admin/roles/1/permissions responded 200 in 28.5410 ms
2026-07-19 23:27:28.212 +07:00 [INF] HTTP OPTIONS /api/admin/roles/2/permissions responded 204 in 0.6073 ms
2026-07-19 23:27:28.246 +07:00 [INF] HTTP GET /api/admin/roles/2/permissions responded 200 in 26.9938 ms
2026-07-19 23:27:28.790 +07:00 [INF] HTTP OPTIONS /api/admin/roles/3/permissions responded 204 in 0.7980 ms
2026-07-19 23:27:28.817 +07:00 [INF] HTTP GET /api/admin/roles/3/permissions responded 200 in 16.7465 ms
2026-07-19 23:27:29.424 +07:00 [INF] HTTP GET /api/admin/roles/2/permissions responded 200 in 23.0772 ms
2026-07-19 23:27:29.856 +07:00 [INF] HTTP GET /api/admin/roles/1/permissions responded 200 in 14.2436 ms
2026-07-19 23:27:30.540 +07:00 [INF] HTTP OPTIONS /api/admin/audit-logs responded 204 in 1.0289 ms
2026-07-19 23:27:30.680 +07:00 [INF] HTTP GET /api/admin/audit-logs responded 200 in 130.5082 ms
2026-07-19 23:27:41.116 +07:00 [INF] HTTP OPTIONS /api/admin/settings responded 204 in 2.0121 ms
2026-07-19 23:27:41.170 +07:00 [INF] HTTP GET /api/admin/settings responded 200 in 45.9654 ms
2026-07-19 23:27:47.899 +07:00 [INF] HTTP OPTIONS /api/admin/dashboard responded 204 in 1.1823 ms
2026-07-19 23:27:47.952 +07:00 [INF] HTTP GET /api/admin/dashboard responded 200 in 44.4220 ms
2026-07-19 23:31:09.156 +07:00 [INF] HTTP OPTIONS /api/admin/users responded 204 in 1.5320 ms
2026-07-19 23:31:09.312 +07:00 [INF] HTTP GET /api/admin/users responded 200 in 143.9852 ms
2026-07-19 23:31:09.798 +07:00 [INF] HTTP OPTIONS /api/admin/doctor-patients responded 204 in 1.3021 ms
2026-07-19 23:31:09.853 +07:00 [INF] HTTP GET /api/admin/doctor-patients responded 200 in 42.2598 ms
2026-07-19 23:31:10.473 +07:00 [INF] HTTP OPTIONS /api/admin/permissions responded 204 in 0.6745 ms
2026-07-19 23:31:10.474 +07:00 [INF] HTTP OPTIONS /api/admin/roles responded 204 in 0.2964 ms
2026-07-19 23:31:10.505 +07:00 [INF] HTTP GET /api/admin/roles responded 200 in 21.7947 ms
2026-07-19 23:31:10.534 +07:00 [INF] HTTP GET /api/admin/permissions responded 200 in 52.0142 ms
2026-07-19 23:31:11.139 +07:00 [INF] HTTP OPTIONS /api/admin/audit-logs responded 204 in 0.3752 ms
2026-07-19 23:31:11.214 +07:00 [INF] HTTP GET /api/admin/audit-logs responded 200 in 65.4880 ms
2026-07-19 23:31:11.952 +07:00 [INF] HTTP GET /api/admin/permissions responded 200 in 15.1924 ms
2026-07-19 23:31:11.952 +07:00 [INF] HTTP GET /api/admin/roles responded 200 in 15.8197 ms
2026-07-19 23:31:14.607 +07:00 [INF] HTTP OPTIONS /api/admin/roles/1/permissions responded 204 in 14.9038 ms
2026-07-19 23:31:14.637 +07:00 [INF] HTTP GET /api/admin/roles/1/permissions responded 200 in 23.7431 ms
2026-07-19 23:31:16.312 +07:00 [INF] HTTP GET /api/admin/roles/1/permissions responded 200 in 8.5307 ms
2026-07-19 23:31:16.834 +07:00 [INF] HTTP OPTIONS /api/admin/roles/2/permissions responded 204 in 1.8242 ms
2026-07-19 23:31:16.845 +07:00 [INF] HTTP GET /api/admin/roles/2/permissions responded 200 in 7.2160 ms
2026-07-19 23:31:17.347 +07:00 [INF] HTTP OPTIONS /api/admin/roles/3/permissions responded 204 in 1.6590 ms
2026-07-19 23:31:17.373 +07:00 [INF] HTTP GET /api/admin/roles/3/permissions responded 200 in 18.5983 ms
2026-07-19 23:31:17.847 +07:00 [INF] HTTP GET /api/admin/roles/2/permissions responded 200 in 13.5335 ms
2026-07-19 23:31:18.315 +07:00 [INF] HTTP GET /api/admin/roles/1/permissions responded 200 in 11.3780 ms
2026-07-19 23:31:22.317 +07:00 [INF] HTTP OPTIONS /api/admin/roles/2/permissions responded 204 in 0.3471 ms
2026-07-19 23:31:22.347 +07:00 [INF] HTTP GET /api/admin/roles/2/permissions responded 200 in 24.8887 ms
2026-07-19 23:31:23.054 +07:00 [INF] HTTP OPTIONS /api/admin/roles/3/permissions responded 204 in 0.8744 ms
2026-07-19 23:31:23.077 +07:00 [INF] HTTP GET /api/admin/roles/3/permissions responded 200 in 15.2936 ms
2026-07-19 23:31:26.865 +07:00 [INF] HTTP OPTIONS /api/admin/audit-logs responded 204 in 0.3761 ms
2026-07-19 23:31:26.920 +07:00 [INF] HTTP GET /api/admin/audit-logs responded 200 in 42.6922 ms
2026-07-19 23:31:27.787 +07:00 [INF] HTTP OPTIONS /api/admin/settings responded 204 in 0.1248 ms
2026-07-19 23:31:27.809 +07:00 [INF] HTTP GET /api/admin/settings responded 200 in 16.9273 ms
2026-07-19 23:31:29.662 +07:00 [INF] HTTP OPTIONS /api/admin/dashboard responded 204 in 2.0769 ms
2026-07-19 23:31:29.706 +07:00 [INF] HTTP GET /api/admin/dashboard responded 200 in 35.3938 ms
2026-07-19 23:32:02.211 +07:00 [INF] HTTP OPTIONS /api/admin/dashboard responded 204 in 1.5310 ms
2026-07-19 23:32:02.285 +07:00 [INF] HTTP GET /api/admin/dashboard responded 200 in 54.0770 ms
2026-07-19 23:32:22.284 +07:00 [INF] HTTP OPTIONS /api/admin/dashboard responded 204 in 0.5634 ms
2026-07-19 23:32:22.337 +07:00 [INF] HTTP GET /api/admin/dashboard responded 200 in 28.7242 ms
2026-07-19 23:37:25.330 +07:00 [INF] HTTP OPTIONS /api/admin/dashboard responded 204 in 1.4039 ms
2026-07-19 23:37:25.378 +07:00 [INF] HTTP GET /api/admin/dashboard responded 401 in 39.5018 ms
2026-07-19 23:37:25.386 +07:00 [INF] HTTP OPTIONS /api/auth/refresh responded 204 in 1.9831 ms
2026-07-19 23:37:25.650 +07:00 [INF] HTTP POST /api/auth/refresh responded 200 in 259.9050 ms
2026-07-19 23:37:25.680 +07:00 [INF] HTTP GET /api/admin/dashboard responded 200 in 24.1073 ms
2026-07-19 23:37:42.203 +07:00 [INF] HTTP OPTIONS /api/admin/doctor-patients responded 204 in 1.7661 ms
2026-07-19 23:37:42.208 +07:00 [INF] HTTP OPTIONS /api/admin/dashboard responded 204 in 0.4198 ms
2026-07-19 23:37:42.285 +07:00 [INF] HTTP GET /api/admin/doctor-patients responded 200 in 69.9479 ms
2026-07-19 23:37:42.290 +07:00 [INF] HTTP GET /api/admin/dashboard responded 200 in 67.8456 ms
2026-07-19 23:38:41.749 +07:00 [INF] HTTP POST /api/auth/login responded 200 in 496.0198 ms
2026-07-19 23:38:41.868 +07:00 [INF] HTTP GET /api/admin/doctor-patients responded 200 in 28.6167 ms
2026-07-19 23:44:40.579 +07:00 [INF] HTTP OPTIONS /api/admin/dashboard responded 204 in 3.2910 ms
2026-07-19 23:44:40.579 +07:00 [INF] HTTP OPTIONS /api/admin/doctor-patients responded 204 in 3.3304 ms
2026-07-19 23:44:40.657 +07:00 [INF] HTTP GET /api/admin/dashboard responded 200 in 61.2582 ms
2026-07-19 23:44:40.671 +07:00 [INF] HTTP GET /api/admin/doctor-patients responded 200 in 75.0758 ms
2026-07-19 23:59:16.205 +07:00 [INF] HTTP OPTIONS /api/admin/doctor-patients responded 204 in 0.1523 ms
2026-07-19 23:59:16.203 +07:00 [INF] HTTP OPTIONS /api/admin/dashboard responded 204 in 0.9208 ms
2026-07-19 23:59:16.229 +07:00 [INF] HTTP GET /api/admin/dashboard responded 401 in 12.2315 ms
2026-07-19 23:59:16.230 +07:00 [INF] HTTP GET /api/admin/doctor-patients responded 401 in 13.7130 ms
2026-07-19 23:59:16.240 +07:00 [INF] HTTP OPTIONS /api/auth/refresh responded 204 in 0.8895 ms
2026-07-19 23:59:16.240 +07:00 [INF] HTTP OPTIONS /api/auth/refresh responded 204 in 0.5963 ms
2026-07-19 23:59:16.398 +07:00 [INF] HTTP POST /api/auth/refresh responded 200 in 154.3048 ms
2026-07-19 23:59:16.406 +07:00 [INF] HTTP POST /api/auth/refresh responded 200 in 162.2925 ms
2026-07-19 23:59:16.434 +07:00 [INF] HTTP GET /api/admin/doctor-patients responded 200 in 30.3988 ms
2026-07-19 23:59:16.441 +07:00 [INF] HTTP GET /api/admin/dashboard responded 200 in 31.1730 ms
