2026-07-20 00:00:28.718 +07:00 [INF] HTTP OPTIONS /api/auth/logout responded 204 in 1.9538 ms
2026-07-20 00:00:29.028 +07:00 [INF] HTTP POST /api/auth/logout responded 200 in 267.0768 ms
2026-07-20 00:00:33.950 +07:00 [INF] Processing 1 due reminder(s).
2026-07-20 00:00:34.326 +07:00 [WRN] [FCM] User chưa có FcmToken, bỏ qua gửi push "TIêm uốn ván".
2026-07-20 00:21:31.931 +07:00 [INF] HTTP OPTIONS /api/auth/login responded 204 in 1.8304 ms
2026-07-20 00:21:32.555 +07:00 [INF] HTTP POST /api/auth/login responded 200 in 615.8263 ms
2026-07-20 00:21:32.617 +07:00 [INF] HTTP OPTIONS /api/admin/dashboard responded 204 in 0.3166 ms
2026-07-20 00:21:32.617 +07:00 [INF] HTTP OPTIONS /api/admin/doctor-patients responded 204 in 0.0793 ms
2026-07-20 00:21:32.691 +07:00 [INF] HTTP GET /api/admin/dashboard responded 200 in 66.9854 ms
2026-07-20 00:21:32.707 +07:00 [INF] HTTP GET /api/admin/doctor-patients responded 200 in 82.4163 ms
2026-07-20 00:21:34.273 +07:00 [INF] HTTP OPTIONS /api/admin/settings responded 204 in 0.8243 ms
2026-07-20 00:21:34.303 +07:00 [INF] HTTP GET /api/admin/settings responded 200 in 25.6175 ms
2026-07-20 00:21:35.103 +07:00 [INF] HTTP OPTIONS /api/admin/audit-logs responded 204 in 0.2896 ms
2026-07-20 00:21:35.148 +07:00 [INF] HTTP GET /api/admin/audit-logs responded 200 in 41.5280 ms
2026-07-20 00:21:35.544 +07:00 [INF] HTTP OPTIONS /api/admin/permissions responded 204 in 0.6342 ms
2026-07-20 00:21:35.545 +07:00 [INF] HTTP OPTIONS /api/admin/roles responded 204 in 0.1017 ms
2026-07-20 00:21:35.564 +07:00 [INF] HTTP GET /api/admin/roles responded 200 in 16.2918 ms
2026-07-20 00:21:35.565 +07:00 [INF] HTTP GET /api/admin/permissions responded 200 in 17.2820 ms
2026-07-20 00:21:36.226 +07:00 [INF] HTTP GET /api/admin/doctor-patients responded 200 in 14.3620 ms
2026-07-20 00:21:36.733 +07:00 [INF] HTTP OPTIONS /api/admin/users responded 204 in 0.0920 ms
2026-07-20 00:21:36.755 +07:00 [INF] HTTP GET /api/admin/users responded 200 in 20.1478 ms
2026-07-20 00:21:37.277 +07:00 [INF] HTTP GET /api/admin/doctor-patients responded 200 in 23.9898 ms
2026-07-20 00:21:37.280 +07:00 [INF] HTTP GET /api/admin/dashboard responded 200 in 29.6096 ms
2026-07-20 00:21:39.250 +07:00 [INF] HTTP OPTIONS /api/auth/logout responded 204 in 1.5343 ms
2026-07-20 00:21:39.313 +07:00 [INF] HTTP POST /api/auth/logout responded 200 in 51.7063 ms
2026-07-20 00:21:42.255 +07:00 [INF] HTTP OPTIONS /api/auth/login responded 204 in 0.1380 ms
2026-07-20 00:21:42.718 +07:00 [INF] HTTP POST /api/auth/login responded 200 in 459.7806 ms
2026-07-20 00:21:42.743 +07:00 [INF] HTTP OPTIONS /api/doctor/patients responded 204 in 0.1128 ms
2026-07-20 00:21:42.807 +07:00 [INF] HTTP GET /api/doctor/patients responded 200 in 41.4476 ms
2026-07-20 00:21:44.156 +07:00 [INF] HTTP OPTIONS /api/appointments/doctor responded 204 in 0.3108 ms
2026-07-20 00:21:44.185 +07:00 [INF] HTTP GET /api/appointments/doctor responded 200 in 25.4791 ms
2026-07-20 00:21:44.722 +07:00 [INF] HTTP GET /api/doctor/patients responded 200 in 28.7353 ms
2026-07-20 00:21:45.828 +07:00 [INF] HTTP OPTIONS /api/auth/logout responded 204 in 0.4925 ms
2026-07-20 00:21:45.867 +07:00 [INF] HTTP POST /api/auth/logout responded 200 in 30.3888 ms
2026-07-20 00:21:49.897 +07:00 [INF] HTTP OPTIONS /api/auth/login responded 204 in 0.1272 ms
2026-07-20 00:21:50.359 +07:00 [INF] HTTP POST /api/auth/login responded 200 in 459.6278 ms
2026-07-20 00:21:50.391 +07:00 [INF] HTTP OPTIONS /api/health-records responded 204 in 0.5559 ms
2026-07-20 00:21:50.393 +07:00 [INF] HTTP OPTIONS /api/vaccines/overdue responded 204 in 0.1048 ms
2026-07-20 00:21:50.400 +07:00 [INF] HTTP OPTIONS /api/reminders/upcoming responded 204 in 0.1575 ms
2026-07-20 00:21:50.401 +07:00 [INF] HTTP OPTIONS /api/medical-history/follow-ups responded 204 in 0.0760 ms
2026-07-20 00:21:50.501 +07:00 [INF] HTTP GET /api/health-records responded 200 in 94.3645 ms
2026-07-20 00:21:50.577 +07:00 [INF] HTTP GET /api/reminders/upcoming responded 200 in 164.8795 ms
2026-07-20 00:21:50.617 +07:00 [INF] HTTP GET /api/medical-history/follow-ups responded 200 in 205.8858 ms
2026-07-20 00:21:50.617 +07:00 [INF] HTTP GET /api/vaccines/overdue responded 200 in 205.7517 ms
2026-07-20 00:21:59.989 +07:00 [INF] HTTP OPTIONS /api/health-records responded 204 in 0.3849 ms
2026-07-20 00:22:00.029 +07:00 [INF] HTTP GET /api/health-records responded 200 in 36.1497 ms
2026-07-20 00:22:05.442 +07:00 [INF] HTTP OPTIONS /api/appointments responded 204 in 0.2385 ms
2026-07-20 00:22:05.479 +07:00 [INF] HTTP GET /api/appointments responded 200 in 31.7391 ms
2026-07-20 00:22:12.352 +07:00 [INF] HTTP OPTIONS /api/health-records responded 204 in 0.1741 ms
2026-07-20 00:22:12.352 +07:00 [INF] HTTP OPTIONS /api/medical-history responded 204 in 0.1624 ms
2026-07-20 00:22:12.352 +07:00 [INF] HTTP OPTIONS /api/medical-history/follow-ups responded 204 in 0.0260 ms
2026-07-20 00:22:12.370 +07:00 [INF] HTTP GET /api/health-records responded 200 in 12.9605 ms
2026-07-20 00:22:12.383 +07:00 [INF] HTTP GET /api/medical-history/follow-ups responded 200 in 26.3816 ms
2026-07-20 00:22:12.383 +07:00 [INF] HTTP GET /api/medical-history responded 200 in 26.2145 ms
2026-07-20 00:22:18.341 +07:00 [INF] HTTP OPTIONS /api/vaccines responded 204 in 0.4550 ms
2026-07-20 00:22:18.343 +07:00 [INF] HTTP OPTIONS /api/health-records responded 204 in 2.2763 ms
2026-07-20 00:22:18.345 +07:00 [INF] HTTP OPTIONS /api/vaccines/overdue responded 204 in 0.1016 ms
2026-07-20 00:22:18.361 +07:00 [INF] HTTP GET /api/health-records responded 200 in 14.6136 ms
2026-07-20 00:22:18.373 +07:00 [INF] HTTP GET /api/vaccines/overdue responded 200 in 26.1850 ms
2026-07-20 00:22:18.373 +07:00 [INF] HTTP GET /api/vaccines responded 200 in 26.7249 ms
2026-07-20 00:22:27.441 +07:00 [INF] HTTP OPTIONS /api/prescriptions responded 204 in 0.1290 ms
2026-07-20 00:22:27.502 +07:00 [INF] HTTP GET /api/prescriptions responded 200 in 51.0134 ms
2026-07-20 00:22:28.598 +07:00 [INF] HTTP OPTIONS /api/reminders responded 204 in 0.3248 ms
2026-07-20 00:22:28.600 +07:00 [INF] HTTP OPTIONS /api/reminders/upcoming responded 204 in 0.1560 ms
2026-07-20 00:22:28.633 +07:00 [INF] HTTP GET /api/reminders/upcoming responded 200 in 30.9047 ms
2026-07-20 00:22:28.633 +07:00 [INF] HTTP GET /api/reminders responded 200 in 30.9241 ms
2026-07-20 00:22:46.028 +07:00 [INF] HTTP OPTIONS /api/auth/logout responded 204 in 0.6428 ms
2026-07-20 00:22:46.086 +07:00 [INF] HTTP POST /api/auth/logout responded 200 in 52.8902 ms
2026-07-20 00:38:20.943 +07:00 [INF] ReminderBackgroundService started.
2026-07-20 00:38:21.311 +07:00 [WRN] The WebRootPath was not found: C:\HealthPlus\HealthPlus\HealthPlus\wwwroot. Static files may be unavailable.
2026-07-20 00:38:37.929 +07:00 [INF] HTTP POST /api/auth/login responded 200 in 2492.8823 ms
2026-07-20 00:38:38.672 +07:00 [INF] HTTP POST /api/doctor/patients/adcd8313-d3da-49dc-98d2-08dc1d7e74f5/vaccines responded 200 in 606.6908 ms
2026-07-20 00:38:39.230 +07:00 [INF] HTTP GET /api/doctor/patients/adcd8313-d3da-49dc-98d2-08dc1d7e74f5 responded 200 in 425.5920 ms
2026-07-20 00:38:39.398 +07:00 [INF] HTTP POST /api/doctor/patients/00000000-0000-0000-0000-000000000000/vaccines responded 403 in 41.9303 ms
2026-07-20 00:38:52.686 +07:00 [INF] HTTP POST /api/auth/login responded 200 in 676.4138 ms
2026-07-20 00:38:52.888 +07:00 [INF] HTTP GET /api/vaccines responded 200 in 82.6020 ms
2026-07-20 00:39:04.991 +07:00 [INF] HTTP POST /api/auth/login responded 200 in 510.6916 ms
2026-07-20 00:39:05.211 +07:00 [INF] HTTP DELETE /api/vaccines/55bfa5ee-2c1a-4b30-8cee-5adede0555d5 responded 200 in 117.1199 ms
2026-07-20 00:39:05.342 +07:00 [INF] HTTP GET /api/vaccines responded 200 in 17.2352 ms
2026-07-20 01:11:13.423 +07:00 [INF] HTTP OPTIONS /api/auth/login responded 204 in 11.7341 ms
2026-07-20 01:11:14.079 +07:00 [INF] HTTP POST /api/auth/login responded 200 in 624.6278 ms
2026-07-20 01:11:14.198 +07:00 [INF] HTTP OPTIONS /api/health-records responded 204 in 0.8883 ms
2026-07-20 01:11:14.198 +07:00 [INF] HTTP OPTIONS /api/medical-history/follow-ups responded 204 in 3.1703 ms
2026-07-20 01:11:14.198 +07:00 [INF] HTTP OPTIONS /api/reminders/upcoming responded 204 in 3.1305 ms
2026-07-20 01:11:14.200 +07:00 [INF] HTTP OPTIONS /api/vaccines/overdue responded 204 in 0.2680 ms
2026-07-20 01:11:14.396 +07:00 [INF] HTTP GET /api/health-records responded 200 in 189.7078 ms
2026-07-20 01:11:14.712 +07:00 [INF] HTTP GET /api/vaccines/overdue responded 200 in 505.1240 ms
2026-07-20 01:11:14.749 +07:00 [INF] HTTP GET /api/medical-history/follow-ups responded 200 in 542.6229 ms
2026-07-20 01:11:14.909 +07:00 [INF] HTTP GET /api/reminders/upcoming responded 200 in 703.4320 ms
2026-07-20 01:11:16.480 +07:00 [INF] HTTP OPTIONS /api/auth/logout responded 204 in 3.7905 ms
2026-07-20 01:11:16.622 +07:00 [INF] HTTP POST /api/auth/logout responded 200 in 129.4078 ms
2026-07-20 01:11:22.295 +07:00 [INF] HTTP OPTIONS /api/auth/login responded 204 in 0.9900 ms
2026-07-20 01:11:22.794 +07:00 [INF] HTTP POST /api/auth/login responded 200 in 490.4757 ms
2026-07-20 01:11:22.840 +07:00 [INF] HTTP OPTIONS /api/doctor/patients responded 204 in 0.2785 ms
2026-07-20 01:11:22.840 +07:00 [INF] HTTP OPTIONS /api/appointments/doctor responded 204 in 0.1573 ms
2026-07-20 01:11:22.975 +07:00 [INF] HTTP GET /api/doctor/patients responded 200 in 126.0813 ms
2026-07-20 01:11:23.000 +07:00 [INF] HTTP GET /api/appointments/doctor responded 200 in 146.6845 ms
2026-07-20 01:11:26.323 +07:00 [INF] HTTP GET /api/doctor/patients responded 200 in 23.6176 ms
2026-07-20 01:11:27.062 +07:00 [INF] HTTP GET /api/appointments/doctor responded 200 in 23.3019 ms
2026-07-20 01:11:28.258 +07:00 [INF] HTTP OPTIONS /api/doctor/patients responded 204 in 3.6881 ms
2026-07-20 01:11:28.284 +07:00 [INF] HTTP GET /api/doctor/patients responded 200 in 15.4999 ms
2026-07-20 01:11:28.839 +07:00 [INF] HTTP OPTIONS /api/appointments/doctor responded 204 in 3.0947 ms
2026-07-20 01:11:28.873 +07:00 [INF] HTTP GET /api/doctor/patients responded 200 in 34.3602 ms
2026-07-20 01:11:28.885 +07:00 [INF] HTTP GET /api/appointments/doctor responded 200 in 18.2302 ms
2026-07-20 01:11:29.635 +07:00 [INF] HTTP GET /api/doctor/patients responded 200 in 26.7526 ms
2026-07-20 01:11:30.010 +07:00 [INF] HTTP GET /api/appointments/doctor responded 200 in 20.3200 ms
2026-07-20 01:11:30.770 +07:00 [INF] HTTP GET /api/doctor/patients responded 200 in 10.2627 ms
2026-07-20 01:11:31.360 +07:00 [INF] HTTP GET /api/doctor/patients responded 200 in 18.6428 ms
2026-07-20 01:11:31.359 +07:00 [INF] HTTP GET /api/appointments/doctor responded 200 in 19.5577 ms
2026-07-20 01:11:31.869 +07:00 [INF] HTTP GET /api/doctor/patients responded 200 in 36.5600 ms
2026-07-20 01:11:32.354 +07:00 [INF] HTTP GET /api/appointments/doctor responded 200 in 17.0349 ms
2026-07-20 01:11:32.999 +07:00 [INF] HTTP GET /api/doctor/patients responded 200 in 12.9495 ms
2026-07-20 01:11:32.999 +07:00 [INF] HTTP GET /api/appointments/doctor responded 200 in 13.5577 ms
2026-07-20 01:11:33.439 +07:00 [INF] HTTP OPTIONS /api/doctor/patients responded 204 in 3.2293 ms
2026-07-20 01:11:33.475 +07:00 [INF] HTTP GET /api/doctor/patients responded 200 in 30.1841 ms
2026-07-20 01:11:34.132 +07:00 [INF] HTTP OPTIONS /api/appointments/doctor responded 204 in 1.1946 ms
2026-07-20 01:11:34.154 +07:00 [INF] HTTP GET /api/appointments/doctor responded 200 in 15.8264 ms
2026-07-20 01:11:34.724 +07:00 [INF] HTTP GET /api/doctor/patients responded 200 in 28.2183 ms
2026-07-20 01:21:35.833 +07:00 [INF] ReminderBackgroundService started.
2026-07-20 01:21:36.152 +07:00 [WRN] The WebRootPath was not found: C:\HealthPlus\HealthPlus\HealthPlus\wwwroot. Static files may be unavailable.
2026-07-20 01:21:53.892 +07:00 [INF] HTTP POST /api/auth/login responded 200 in 2269.8330 ms
2026-07-20 01:21:54.397 +07:00 [INF] HTTP POST /api/doctor/patients/adcd8313-d3da-49dc-98d2-08dc1d7e74f5/medical-history responded 200 in 390.4790 ms
2026-07-20 01:21:54.800 +07:00 [INF] HTTP PUT /api/doctor/patients/adcd8313-d3da-49dc-98d2-08dc1d7e74f5/medical-history/00aa2e6f-5996-4a04-b97d-18e6a1d7ab9e responded 200 in 103.3687 ms
2026-07-20 01:21:54.994 +07:00 [INF] HTTP DELETE /api/doctor/patients/adcd8313-d3da-49dc-98d2-08dc1d7e74f5/medical-history/00aa2e6f-5996-4a04-b97d-18e6a1d7ab9e responded 200 in 116.3380 ms
2026-07-20 01:22:15.961 +07:00 [INF] HTTP POST /api/auth/login responded 200 in 563.2250 ms
2026-07-20 01:22:16.296 +07:00 [INF] HTTP POST /api/doctor/patients/adcd8313-d3da-49dc-98d2-08dc1d7e74f5/vaccines responded 200 in 244.5733 ms
2026-07-20 01:22:16.689 +07:00 [INF] HTTP PUT /api/doctor/patients/adcd8313-d3da-49dc-98d2-08dc1d7e74f5/vaccines/6bef15c7-62e5-4c22-94dc-e0e7e2b3bda2 responded 200 in 73.4293 ms
2026-07-20 01:22:16.795 +07:00 [INF] HTTP DELETE /api/doctor/patients/adcd8313-d3da-49dc-98d2-08dc1d7e74f5/vaccines/6bef15c7-62e5-4c22-94dc-e0e7e2b3bda2 responded 200 in 32.4077 ms
2026-07-20 01:22:17.009 +07:00 [INF] HTTP POST /api/doctor/patients/adcd8313-d3da-49dc-98d2-08dc1d7e74f5/prescriptions responded 200 in 137.9662 ms
2026-07-20 01:22:17.391 +07:00 [INF] HTTP DELETE /api/doctor/patients/adcd8313-d3da-49dc-98d2-08dc1d7e74f5/prescriptions/efc34f1b-1a93-43ae-9a40-85e554870c1e responded 200 in 67.9704 ms
2026-07-20 01:22:30.848 +07:00 [INF] HTTP POST /api/auth/login responded 200 in 489.2795 ms
2026-07-20 01:22:30.960 +07:00 [INF] HTTP DELETE /api/doctor/patients/00000000-0000-0000-0000-000000000000/medical-history/00000000-0000-0000-0000-000000000000 responded 403 in 19.0490 ms
2026-07-20 01:22:31.504 +07:00 [INF] HTTP POST /api/auth/login responded 200 in 416.2163 ms
2026-07-20 01:22:31.693 +07:00 [INF] HTTP GET /api/vaccines responded 200 in 84.1688 ms
2026-07-20 01:23:24.416 +07:00 [INF] HTTP OPTIONS /api/doctor/patients responded 204 in 9.6626 ms
2026-07-20 01:23:24.416 +07:00 [INF] HTTP OPTIONS /api/appointments/doctor responded 204 in 9.6648 ms
2026-07-20 01:23:24.646 +07:00 [INF] HTTP GET /api/doctor/patients responded 200 in 210.5753 ms
2026-07-20 01:23:24.665 +07:00 [INF] HTTP GET /api/appointments/doctor responded 200 in 230.9265 ms
2026-07-20 01:23:25.012 +07:00 [INF] HTTP GET /api/doctor/patients responded 200 in 35.4137 ms
2026-07-20 01:23:25.639 +07:00 [INF] HTTP GET /api/appointments/doctor responded 200 in 30.9316 ms
2026-07-20 01:23:26.952 +07:00 [INF] HTTP GET /api/doctor/patients responded 200 in 19.9105 ms
2026-07-20 01:23:26.956 +07:00 [INF] HTTP GET /api/appointments/doctor responded 200 in 23.6814 ms
2026-07-20 01:23:28.306 +07:00 [INF] HTTP GET /api/appointments/doctor responded 200 in 33.2269 ms
2026-07-20 01:23:29.812 +07:00 [INF] HTTP OPTIONS /api/doctor/patients responded 204 in 1.9341 ms
2026-07-20 01:23:29.812 +07:00 [INF] HTTP OPTIONS /api/appointments/doctor responded 204 in 1.9176 ms
2026-07-20 01:23:29.844 +07:00 [INF] HTTP GET /api/doctor/patients responded 200 in 22.1163 ms
2026-07-20 01:23:29.844 +07:00 [INF] HTTP GET /api/appointments/doctor responded 200 in 22.3743 ms
2026-07-20 01:23:31.444 +07:00 [INF] HTTP GET /api/appointments/doctor responded 200 in 23.7851 ms
2026-07-20 01:23:32.912 +07:00 [INF] HTTP GET /api/appointments/doctor responded 200 in 47.1685 ms
2026-07-20 01:23:32.914 +07:00 [INF] HTTP GET /api/doctor/patients responded 200 in 48.8981 ms
2026-07-20 01:23:35.766 +07:00 [INF] HTTP OPTIONS /api/doctor/patients responded 204 in 2.2109 ms
2026-07-20 01:23:35.794 +07:00 [INF] HTTP GET /api/doctor/patients responded 200 in 10.9048 ms
2026-07-20 01:23:37.771 +07:00 [INF] HTTP OPTIONS /api/auth/logout responded 204 in 2.6010 ms
2026-07-20 01:23:37.874 +07:00 [INF] HTTP POST /api/auth/logout responded 200 in 93.2940 ms
2026-07-20 01:23:40.785 +07:00 [INF] HTTP OPTIONS /api/auth/login responded 204 in 1.9765 ms
2026-07-20 01:23:41.287 +07:00 [INF] HTTP POST /api/auth/login responded 200 in 493.3202 ms
2026-07-20 01:23:41.325 +07:00 [INF] HTTP OPTIONS /api/doctor/patients responded 204 in 0.7998 ms
2026-07-20 01:23:41.325 +07:00 [INF] HTTP OPTIONS /api/appointments/doctor responded 204 in 0.2673 ms
2026-07-20 01:23:41.345 +07:00 [INF] HTTP GET /api/appointments/doctor responded 200 in 15.1275 ms
2026-07-20 01:23:41.345 +07:00 [INF] HTTP GET /api/doctor/patients responded 200 in 15.2986 ms
2026-07-20 01:23:43.932 +07:00 [INF] HTTP GET /api/doctor/patients responded 200 in 24.8263 ms
2026-07-20 01:23:44.667 +07:00 [INF] HTTP GET /api/appointments/doctor responded 200 in 33.8512 ms
2026-07-20 01:23:45.140 +07:00 [INF] HTTP GET /api/appointments/doctor responded 200 in 12.4108 ms
2026-07-20 01:23:45.140 +07:00 [INF] HTTP GET /api/doctor/patients responded 200 in 13.6269 ms
2026-07-20 01:39:17.932 +07:00 [INF] ReminderBackgroundService started.
2026-07-20 01:39:18.241 +07:00 [WRN] The WebRootPath was not found: C:\HealthPlus\HealthPlus\HealthPlus\wwwroot. Static files may be unavailable.
2026-07-20 01:39:33.066 +07:00 [INF] HTTP POST /api/auth/login responded 200 in 2327.1530 ms
2026-07-20 01:39:34.052 +07:00 [INF] HTTP POST /api/admin/doctors responded 200 in 848.9073 ms
2026-07-20 01:39:34.839 +07:00 [INF] HTTP POST /api/auth/login responded 200 in 462.1519 ms
2026-07-20 01:39:34.952 +07:00 [INF] HTTP POST /api/admin/doctors responded 400 in 34.5219 ms
2026-07-20 01:39:43.540 +07:00 [INF] HTTP OPTIONS /api/doctor/patients responded 204 in 4.9057 ms
2026-07-20 01:39:43.596 +07:00 [INF] HTTP GET /api/doctor/patients responded 401 in 32.0432 ms
2026-07-20 01:39:43.606 +07:00 [INF] HTTP OPTIONS /api/auth/refresh responded 204 in 0.5538 ms
2026-07-20 01:39:43.922 +07:00 [INF] HTTP POST /api/auth/refresh responded 200 in 310.8657 ms
2026-07-20 01:39:44.034 +07:00 [INF] HTTP GET /api/doctor/patients responded 200 in 104.6179 ms
2026-07-20 01:39:45.129 +07:00 [INF] HTTP OPTIONS /api/appointments/doctor responded 204 in 4.3158 ms
2026-07-20 01:39:45.331 +07:00 [INF] HTTP GET /api/appointments/doctor responded 200 in 185.7516 ms
2026-07-20 01:39:45.858 +07:00 [INF] HTTP GET /api/doctor/patients responded 200 in 91.3208 ms
2026-07-20 01:39:45.880 +07:00 [INF] HTTP GET /api/appointments/doctor responded 200 in 111.0055 ms
2026-07-20 01:39:53.727 +07:00 [INF] HTTP OPTIONS /api/doctor/patients responded 204 in 0.4445 ms
2026-07-20 01:39:53.790 +07:00 [INF] HTTP GET /api/doctor/patients responded 200 in 54.1748 ms
2026-07-20 01:39:54.099 +07:00 [INF] HTTP OPTIONS /api/appointments/doctor responded 204 in 0.9425 ms
2026-07-20 01:39:54.154 +07:00 [INF] HTTP GET /api/appointments/doctor responded 200 in 44.2158 ms
2026-07-20 01:39:54.548 +07:00 [INF] HTTP GET /api/doctor/patients responded 200 in 26.7358 ms
2026-07-20 01:39:55.012 +07:00 [INF] HTTP GET /api/doctor/patients responded 200 in 82.8136 ms
2026-07-20 01:39:55.012 +07:00 [INF] HTTP GET /api/appointments/doctor responded 200 in 82.6743 ms
2026-07-20 01:39:56.136 +07:00 [INF] HTTP GET /api/doctor/patients responded 200 in 42.2775 ms
2026-07-20 01:39:56.599 +07:00 [INF] HTTP GET /api/appointments/doctor responded 200 in 28.6860 ms
2026-07-20 01:39:57.011 +07:00 [INF] HTTP GET /api/doctor/patients responded 200 in 22.3638 ms
2026-07-20 01:39:58.048 +07:00 [INF] HTTP GET /api/doctor/patients responded 200 in 32.0517 ms
2026-07-20 01:39:58.048 +07:00 [INF] HTTP GET /api/appointments/doctor responded 200 in 32.2020 ms
2026-07-20 01:43:15.038 +07:00 [INF] ReminderBackgroundService started.
2026-07-20 01:43:15.306 +07:00 [WRN] The WebRootPath was not found: C:\HealthPlus\HealthPlus\HealthPlus\wwwroot. Static files may be unavailable.
2026-07-20 01:43:18.855 +07:00 [INF] HTTP GET /api/health responded 404 in 34.8170 ms
2026-07-20 01:43:28.932 +07:00 [INF] HTTP POST /api/auth/login responded 200 in 2203.4238 ms
2026-07-20 01:43:34.011 +07:00 [INF] HTTP POST /api/auth/login responded 200 in 506.3240 ms
2026-07-20 01:43:42.674 +07:00 [INF] HTTP POST /api/auth/login responded 200 in 465.4195 ms
2026-07-20 01:43:42.972 +07:00 [INF] HTTP GET /api/admin/users responded 200 in 206.4631 ms
2026-07-20 01:43:52.385 +07:00 [INF] HTTP GET /api/admin/users responded 200 in 64.1842 ms
2026-07-20 01:43:59.520 +07:00 [INF] HTTP PUT /api/admin/users/197608/reset-password responded 404 in 3.7911 ms
2026-07-20 01:44:00.022 +07:00 [INF] HTTP POST /api/auth/login responded 401 in 419.1309 ms
2026-07-20 01:44:00.528 +07:00 [INF] HTTP POST /api/auth/login responded 200 in 429.2700 ms
2026-07-20 01:44:00.609 +07:00 [INF] HTTP PUT /api/admin/users/197608/reset-password responded 404 in 1.5540 ms
2026-07-20 01:44:21.492 +07:00 [INF] HTTP PUT /api/admin/users/4ccf8fe9-822a-4fd6-93b0-514ffc76fcac/reset-password responded 200 in 533.8303 ms
2026-07-20 01:44:22.014 +07:00 [INF] HTTP POST /api/auth/login responded 200 in 444.9978 ms
2026-07-20 01:44:22.489 +07:00 [INF] HTTP POST /api/auth/login responded 401 in 398.7423 ms
2026-07-20 01:44:22.984 +07:00 [INF] HTTP PUT /api/admin/users/4ccf8fe9-822a-4fd6-93b0-514ffc76fcac/reset-password responded 200 in 418.7624 ms
2026-07-20 01:44:23.467 +07:00 [INF] HTTP POST /api/auth/login responded 200 in 407.4273 ms
2026-07-20 01:44:35.830 +07:00 [INF] HTTP GET /api/admin/appointments responded 200 in 123.4969 ms
2026-07-20 01:44:35.950 +07:00 [INF] HTTP GET /api/admin/appointments responded 200 in 42.8391 ms
2026-07-20 01:45:07.831 +07:00 [INF] HTTP GET /api/admin/users responded 200 in 33.2190 ms
2026-07-20 01:45:12.848 +07:00 [INF] HTTP PUT /api/admin/users/1780a750-f51e-42bc-aed6-0b469657c49a/status responded 200 in 101.7605 ms
2026-07-20 01:54:54.644 +07:00 [INF] HTTP POST /api/auth/login responded 200 in 501.5101 ms
2026-07-20 01:54:54.858 +07:00 [INF] HTTP GET /api/reminders/upcoming responded 200 in 116.9009 ms
2026-07-20 01:54:54.943 +07:00 [INF] HTTP GET /api/reminders/upcoming responded 200 in 9.0326 ms
2026-07-20 01:54:55.089 +07:00 [INF] HTTP GET /api/medical-history/follow-ups responded 200 in 72.5479 ms
2026-07-20 01:56:09.712 +07:00 [INF] HTTP OPTIONS /api/appointments/doctor responded 204 in 8.2989 ms
2026-07-20 01:56:09.712 +07:00 [INF] HTTP OPTIONS /api/doctor/patients responded 204 in 8.3195 ms
2026-07-20 01:56:09.763 +07:00 [INF] HTTP GET /api/doctor/patients responded 401 in 34.7380 ms
2026-07-20 01:56:09.763 +07:00 [INF] HTTP GET /api/appointments/doctor responded 401 in 33.3612 ms
2026-07-20 01:56:09.773 +07:00 [INF] HTTP OPTIONS /api/auth/refresh responded 204 in 0.6081 ms
2026-07-20 01:56:09.773 +07:00 [INF] HTTP OPTIONS /api/auth/refresh responded 204 in 0.6709 ms
2026-07-20 01:56:09.972 +07:00 [INF] HTTP POST /api/auth/refresh responded 200 in 194.5800 ms
2026-07-20 01:56:09.972 +07:00 [INF] HTTP POST /api/auth/refresh responded 200 in 194.8199 ms
2026-07-20 01:56:10.159 +07:00 [INF] HTTP GET /api/appointments/doctor responded 200 in 171.1433 ms
2026-07-20 01:56:10.198 +07:00 [INF] HTTP GET /api/doctor/patients responded 200 in 213.3410 ms
2026-07-20 01:56:16.566 +07:00 [INF] HTTP OPTIONS /api/appointments/doctor responded 204 in 4.6662 ms
2026-07-20 01:56:16.566 +07:00 [INF] HTTP OPTIONS /api/doctor/patients responded 204 in 4.9565 ms
2026-07-20 01:56:16.636 +07:00 [INF] HTTP GET /api/doctor/patients responded 200 in 50.8339 ms
2026-07-20 01:56:16.636 +07:00 [INF] HTTP GET /api/appointments/doctor responded 200 in 50.9428 ms
2026-07-20 01:56:22.411 +07:00 [INF] HTTP OPTIONS /api/doctor/patients responded 204 in 0.5398 ms
2026-07-20 01:56:22.417 +07:00 [INF] HTTP OPTIONS /api/appointments/doctor responded 204 in 0.5924 ms
2026-07-20 01:56:22.457 +07:00 [INF] HTTP GET /api/appointments/doctor responded 200 in 26.9679 ms
2026-07-20 01:56:22.460 +07:00 [INF] HTTP GET /api/doctor/patients responded 200 in 38.1136 ms
2026-07-20 02:08:49.148 +07:00 [INF] HTTP OPTIONS /api/appointments/doctor responded 204 in 3.7384 ms
2026-07-20 02:08:49.148 +07:00 [INF] HTTP OPTIONS /api/doctor/patients responded 204 in 3.7384 ms
2026-07-20 02:08:49.234 +07:00 [INF] HTTP GET /api/doctor/patients responded 200 in 71.2062 ms
2026-07-20 02:08:49.244 +07:00 [INF] HTTP GET /api/appointments/doctor responded 200 in 76.9366 ms
2026-07-20 02:08:50.114 +07:00 [INF] HTTP GET /api/doctor/patients responded 200 in 22.8119 ms
2026-07-20 02:08:50.867 +07:00 [INF] HTTP GET /api/appointments/doctor responded 200 in 49.5254 ms
2026-07-20 02:08:50.867 +07:00 [INF] HTTP GET /api/doctor/patients responded 200 in 49.8103 ms
2026-07-20 02:08:51.873 +07:00 [INF] HTTP GET /api/doctor/patients responded 200 in 21.7164 ms
2026-07-20 02:08:52.333 +07:00 [INF] HTTP GET /api/doctor/patients responded 200 in 13.6204 ms
2026-07-20 02:08:52.334 +07:00 [INF] HTTP GET /api/appointments/doctor responded 200 in 16.4126 ms
2026-07-20 02:08:53.089 +07:00 [INF] HTTP GET /api/doctor/patients responded 200 in 52.6222 ms
2026-07-20 02:08:53.567 +07:00 [INF] HTTP GET /api/doctor/patients responded 200 in 14.5307 ms
2026-07-20 02:08:53.567 +07:00 [INF] HTTP GET /api/appointments/doctor responded 200 in 13.4611 ms
2026-07-20 02:08:54.395 +07:00 [INF] HTTP OPTIONS /api/doctor/patients responded 204 in 0.5725 ms
2026-07-20 02:08:54.396 +07:00 [INF] HTTP OPTIONS /api/appointments/doctor responded 204 in 0.8473 ms
2026-07-20 02:08:54.426 +07:00 [INF] HTTP GET /api/doctor/patients responded 200 in 17.4217 ms
2026-07-20 02:08:54.426 +07:00 [INF] HTTP GET /api/appointments/doctor responded 200 in 13.3766 ms
2026-07-20 02:08:56.346 +07:00 [INF] HTTP GET /api/doctor/patients responded 200 in 23.3836 ms
2026-07-20 02:08:56.816 +07:00 [INF] HTTP GET /api/appointments/doctor responded 200 in 13.1629 ms
2026-07-20 02:08:57.266 +07:00 [INF] HTTP GET /api/doctor/patients responded 200 in 11.3808 ms
2026-07-20 02:08:57.269 +07:00 [INF] HTTP GET /api/appointments/doctor responded 200 in 13.8613 ms
2026-07-20 02:25:17.573 +07:00 [INF] Processing 1 due reminder(s).
2026-07-20 02:25:17.877 +07:00 [WRN] [FCM] User chưa có FcmToken, bỏ qua gửi push "Uống thuốc Amoxicillin".
2026-07-20 15:47:51.970 +07:00 [INF] HTTP OPTIONS /api/appointments/doctor responded 204 in 11.2020 ms
2026-07-20 15:47:51.970 +07:00 [INF] HTTP OPTIONS /api/doctor/patients responded 204 in 11.2537 ms
2026-07-20 15:47:52.022 +07:00 [INF] HTTP GET /api/doctor/patients responded 401 in 27.1258 ms
2026-07-20 15:47:52.022 +07:00 [INF] HTTP GET /api/appointments/doctor responded 401 in 27.7483 ms
2026-07-20 15:47:52.033 +07:00 [INF] HTTP OPTIONS /api/auth/refresh responded 204 in 2.3484 ms
2026-07-20 15:47:52.034 +07:00 [INF] HTTP OPTIONS /api/auth/refresh responded 204 in 2.4271 ms
2026-07-20 15:47:52.273 +07:00 [INF] HTTP POST /api/auth/refresh responded 200 in 234.9827 ms
2026-07-20 15:47:52.274 +07:00 [INF] HTTP POST /api/auth/refresh responded 200 in 236.6082 ms
2026-07-20 15:47:52.591 +07:00 [INF] HTTP GET /api/appointments/doctor responded 200 in 285.9995 ms
2026-07-20 15:47:52.592 +07:00 [INF] HTTP GET /api/doctor/patients responded 200 in 286.4616 ms
2026-07-20 15:47:54.251 +07:00 [INF] HTTP OPTIONS /api/auth/logout responded 204 in 4.3904 ms
2026-07-20 15:47:54.396 +07:00 [INF] HTTP POST /api/auth/logout responded 200 in 136.8203 ms
