2026-06-06 09:19:34.365 +07:00 [ERR] Failed executing DbCommand (63ms) [Parameters=[], CommandType='"Text"', CommandTimeout='30']
CREATE TABLE [Permissions] (
    [Id] int NOT NULL IDENTITY,
    [Name] nvarchar(200) NOT NULL,
    [Resource] nvarchar(100) NOT NULL,
    [Action] nvarchar(50) NOT NULL,
    [Description] nvarchar(500) NULL,
    CONSTRAINT [PK_Permissions] PRIMARY KEY ([Id])
);
2026-06-06 09:28:05.401 +07:00 [ERR] Hosting failed to start
System.IO.IOException: Failed to bind to address http://127.0.0.1:5146: address already in use.
 ---> Microsoft.AspNetCore.Connections.AddressInUseException: Only one usage of each socket address (protocol/network address/port) is normally permitted.
 ---> System.Net.Sockets.SocketException (10048): Only one usage of each socket address (protocol/network address/port) is normally permitted.
   at System.Net.Sockets.Socket.UpdateStatusAfterSocketErrorAndThrowException(SocketError error, Boolean disconnectOnFailure, String callerName)
   at System.Net.Sockets.Socket.DoBind(EndPoint endPointSnapshot, SocketAddress socketAddress)
   at System.Net.Sockets.Socket.Bind(EndPoint localEP)
   at Microsoft.AspNetCore.Server.Kestrel.Transport.Sockets.SocketTransportOptions.CreateDefaultBoundListenSocket(EndPoint endpoint)
   at Microsoft.AspNetCore.Server.Kestrel.Transport.Sockets.SocketConnectionListener.Bind()
   --- End of inner exception stack trace ---
   at Microsoft.AspNetCore.Server.Kestrel.Transport.Sockets.SocketConnectionListener.Bind()
   at Microsoft.AspNetCore.Server.Kestrel.Transport.Sockets.SocketTransportFactory.BindAsync(EndPoint endpoint, CancellationToken cancellationToken)
   at Microsoft.AspNetCore.Server.Kestrel.Core.Internal.Infrastructure.TransportManager.BindAsync(EndPoint endPoint, ConnectionDelegate connectionDelegate, EndpointConfig endpointConfig, CancellationToken cancellationToken)
   at Microsoft.AspNetCore.Server.Kestrel.Core.KestrelServerImpl.<>c__DisplayClass28_0`1.<<StartAsync>g__OnBind|0>d.MoveNext()
--- End of stack trace from previous location ---
   at Microsoft.AspNetCore.Server.Kestrel.Core.Internal.AddressBinder.BindEndpointAsync(ListenOptions endpoint, AddressBindContext context, CancellationToken cancellationToken)
   --- End of inner exception stack trace ---
   at Microsoft.AspNetCore.Server.Kestrel.Core.Internal.AddressBinder.BindEndpointAsync(ListenOptions endpoint, AddressBindContext context, CancellationToken cancellationToken)
   at Microsoft.AspNetCore.Server.Kestrel.Core.LocalhostListenOptions.BindAsync(AddressBindContext context, CancellationToken cancellationToken)
   at Microsoft.AspNetCore.Server.Kestrel.Core.Internal.AddressBinder.AddressesStrategy.BindAsync(AddressBindContext context, CancellationToken cancellationToken)
   at Microsoft.AspNetCore.Server.Kestrel.Core.Internal.AddressBinder.BindAsync(ListenOptions[] listenOptions, AddressBindContext context, Func`2 useHttps, CancellationToken cancellationToken)
   at Microsoft.AspNetCore.Server.Kestrel.Core.KestrelServerImpl.BindAsync(CancellationToken cancellationToken)
   at Microsoft.AspNetCore.Server.Kestrel.Core.KestrelServerImpl.StartAsync[TContext](IHttpApplication`1 application, CancellationToken cancellationToken)
   at Microsoft.AspNetCore.Hosting.GenericWebHostService.StartAsync(CancellationToken cancellationToken)
   at Microsoft.Extensions.Hosting.Internal.Host.<StartAsync>b__15_1(IHostedService service, CancellationToken token)
   at Microsoft.Extensions.Hosting.Internal.Host.ForeachService[T](IEnumerable`1 services, CancellationToken token, Boolean concurrent, Boolean abortOnFirstException, List`1 exceptions, Func`3 operation)
2026-06-06 09:31:16.006 +07:00 [WRN] Failed to determine the https port for redirect.
2026-06-06 09:31:34.864 +07:00 [INF] HTTP POST /api/auth/register responded 200 in 18867.7913 ms
2026-06-06 09:31:36.832 +07:00 [INF] HTTP POST /api/auth/register responded 409 in 122.9222 ms
2026-06-06 09:31:49.252 +07:00 [INF] HTTP POST /api/auth/register responded 200 in 724.4930 ms
2026-06-06 09:31:50.551 +07:00 [INF] HTTP POST /api/auth/login responded 200 in 1152.8627 ms
2026-06-06 09:31:50.612 +07:00 [INF] HTTP GET /api/users/me responded 401 in 38.9485 ms
2026-06-06 09:33:42.631 +07:00 [INF] HTTP POST /api/auth/login responded 200 in 551.6001 ms
2026-06-06 09:33:42.743 +07:00 [INF] HTTP GET /api/users/me responded 401 in 9.5484 ms
2026-06-06 09:36:55.043 +07:00 [WRN] Failed to determine the https port for redirect.
2026-06-06 09:36:58.356 +07:00 [INF] HTTP POST /api/auth/login responded 200 in 3315.0049 ms
2026-06-06 09:36:58.586 +07:00 [INF] HTTP GET /api/users/me responded 401 in 19.0790 ms
2026-06-06 09:36:58.749 +07:00 [INF] HTTP PUT /api/users/me responded 401 in 3.2112 ms
2026-06-06 09:36:59.263 +07:00 [INF] HTTP POST /api/auth/refresh responded 200 in 488.7570 ms
2026-06-06 09:36:59.282 +07:00 [INF] HTTP POST /api/auth/logout responded 401 in 5.7377 ms
2026-06-06 09:39:14.711 +07:00 [INF] HTTP POST /api/auth/register responded 200 in 2488.6654 ms
2026-06-06 09:39:15.366 +07:00 [INF] HTTP POST /api/auth/login responded 200 in 535.3449 ms
2026-06-06 09:39:15.390 +07:00 [INF] HTTP GET /api/users/me responded 401 in 11.2258 ms
2026-06-06 09:39:15.481 +07:00 [INF] HTTP PUT /api/users/me responded 401 in 3.1721 ms
2026-06-06 09:39:15.593 +07:00 [INF] HTTP POST /api/auth/refresh responded 200 in 102.3421 ms
2026-06-06 09:39:15.599 +07:00 [INF] HTTP POST /api/auth/logout responded 401 in 1.0988 ms
2026-06-06 09:39:15.610 +07:00 [INF] HTTP POST /api/auth/refresh responded 401 in 6.1138 ms
2026-06-06 09:42:20.567 +07:00 [INF] HTTP POST /api/auth/login responded 200 in 2699.6253 ms
2026-06-06 09:42:20.695 +07:00 [INF] HTTP GET /api/users/me responded 401 in 11.7514 ms
2026-06-06 09:43:08.855 +07:00 [DBG] AuthenticationScheme: Bearer was not authenticated.
2026-06-06 09:43:11.024 +07:00 [INF] HTTP POST /api/auth/login responded 200 in 2198.6185 ms
2026-06-06 09:43:11.118 +07:00 [INF] Failed to validate the token.
Microsoft.IdentityModel.Tokens.SecurityTokenMalformedException: IDX14100: JWT is not well formed, there are no dots (.).
The token needs to be in JWS or JWE Compact Serialization Format. (JWS): 'EncodedHeader.EndcodedPayload.EncodedSignature'. (JWE): 'EncodedProtectedHeader.EncodedEncryptedKey.EncodedInitializationVector.EncodedCiphertext.EncodedAuthenticationTag'.
 ---> System.MissingMethodException: Method not found: 'Byte[] Microsoft.IdentityModel.Tokens.Base64UrlEncoder.UnsafeDecode(System.ReadOnlyMemory`1<Char>)'.
   at Microsoft.IdentityModel.JsonWebTokens.JsonWebToken.ReadToken(String encodedJson)
   at Microsoft.IdentityModel.JsonWebTokens.JsonWebToken..ctor(String jwtEncodedString)
   at Microsoft.IdentityModel.JsonWebTokens.JsonWebTokenHandler.ReadToken(String token, TokenValidationParameters validationParameters)
   --- End of inner exception stack trace ---
2026-06-06 09:43:11.132 +07:00 [INF] Bearer was not authenticated. Failure message: IDX14100: JWT is not well formed, there are no dots (.).
The token needs to be in JWS or JWE Compact Serialization Format. (JWS): 'EncodedHeader.EndcodedPayload.EncodedSignature'. (JWE): 'EncodedProtectedHeader.EncodedEncryptedKey.EncodedInitializationVector.EncodedCiphertext.EncodedAuthenticationTag'.
2026-06-06 09:43:11.138 +07:00 [INF] AuthenticationScheme: Bearer was challenged.
2026-06-06 09:43:11.139 +07:00 [INF] HTTP GET /api/users/me responded 401 in 26.6149 ms
2026-06-06 09:46:14.748 +07:00 [DBG] AuthenticationScheme: Bearer was not authenticated.
2026-06-06 09:46:18.498 +07:00 [INF] HTTP POST /api/auth/register responded 200 in 4409.0928 ms
2026-06-06 09:46:18.762 +07:00 [DBG] AuthenticationScheme: Bearer was not authenticated.
2026-06-06 09:46:19.589 +07:00 [INF] HTTP POST /api/auth/login responded 200 in 831.8360 ms
2026-06-06 09:46:19.663 +07:00 [DBG] Successfully validated the token.
2026-06-06 09:46:19.665 +07:00 [DBG] AuthenticationScheme: Bearer was successfully authenticated.
2026-06-06 09:46:19.782 +07:00 [INF] HTTP GET /api/users/me responded 200 in 158.9002 ms
2026-06-06 09:46:19.792 +07:00 [DBG] Successfully validated the token.
2026-06-06 09:46:19.793 +07:00 [DBG] AuthenticationScheme: Bearer was successfully authenticated.
2026-06-06 09:46:19.858 +07:00 [INF] HTTP PUT /api/users/me responded 200 in 67.6744 ms
2026-06-06 09:46:19.865 +07:00 [DBG] AuthenticationScheme: Bearer was not authenticated.
2026-06-06 09:46:19.968 +07:00 [INF] HTTP POST /api/auth/refresh responded 200 in 103.6993 ms
2026-06-06 09:46:19.977 +07:00 [DBG] Successfully validated the token.
2026-06-06 09:46:19.978 +07:00 [DBG] AuthenticationScheme: Bearer was successfully authenticated.
2026-06-06 09:46:20.031 +07:00 [INF] HTTP POST /api/auth/logout responded 200 in 53.4360 ms
2026-06-06 09:46:20.034 +07:00 [DBG] AuthenticationScheme: Bearer was not authenticated.
2026-06-06 09:46:20.041 +07:00 [INF] HTTP POST /api/auth/refresh responded 401 in 6.5719 ms
2026-06-06 09:46:20.112 +07:00 [DBG] AuthenticationScheme: Bearer was not authenticated.
2026-06-06 09:46:20.131 +07:00 [INF] HTTP POST /api/auth/register responded 409 in 19.0083 ms
2026-06-06 09:46:20.134 +07:00 [DBG] AuthenticationScheme: Bearer was not authenticated.
2026-06-06 09:46:20.146 +07:00 [INF] HTTP POST /api/auth/register responded 400 in 12.0581 ms
2026-06-06 09:55:15.687 +07:00 [INF] HTTP POST /api/auth/login responded 200 in 2233.1425 ms
2026-06-06 09:55:15.890 +07:00 [INF] HTTP POST /api/health-records responded 404 in 24.9343 ms
2026-06-06 09:55:16.016 +07:00 [INF] HTTP POST /api/health-records//metrics responded 404 in 1.8606 ms
2026-06-06 09:55:16.026 +07:00 [INF] HTTP GET /api/health-records responded 404 in 0.2928 ms
2026-06-06 09:55:16.123 +07:00 [INF] HTTP POST /api/medical-history responded 400 in 50.3141 ms
2026-06-06 09:55:16.202 +07:00 [INF] HTTP GET /api/medical-history/follow-ups responded 200 in 71.9451 ms
2026-06-06 09:55:16.219 +07:00 [INF] HTTP POST /api/vaccines responded 400 in 10.6432 ms
2026-06-06 09:55:16.260 +07:00 [INF] HTTP GET /api/vaccines/templates responded 200 in 34.3881 ms
2026-06-06 09:55:16.270 +07:00 [INF] HTTP POST /api/prescriptions responded 400 in 6.9252 ms
2026-06-06 09:55:16.276 +07:00 [INF] HTTP POST /api/prescriptions//items responded 404 in 0.2275 ms
2026-06-06 09:55:16.301 +07:00 [INF] HTTP POST /api/reminders responded 400 in 18.2846 ms
2026-06-06 09:55:16.371 +07:00 [INF] HTTP GET /api/notifications/settings responded 200 in 63.8126 ms
2026-06-06 10:06:26.288 +07:00 [INF] HTTP POST /api/auth/login responded 200 in 2653.7008 ms
2026-06-06 10:06:26.450 +07:00 [INF] HTTP POST /api/health-records responded 400 in 65.1488 ms
2026-06-06 10:06:26.575 +07:00 [INF] HTTP POST /api/health-records//metrics responded 404 in 2.0310 ms
2026-06-06 10:06:26.617 +07:00 [INF] HTTP GET /api/health-records responded 200 in 34.9433 ms
2026-06-06 10:06:26.635 +07:00 [INF] HTTP POST /api/medical-history responded 400 in 7.1826 ms
2026-06-06 10:06:26.681 +07:00 [INF] HTTP GET /api/medical-history/follow-ups responded 200 in 25.4434 ms
2026-06-06 10:06:26.690 +07:00 [INF] HTTP POST /api/vaccines responded 400 in 6.0433 ms
2026-06-06 10:06:26.714 +07:00 [INF] HTTP GET /api/vaccines/templates responded 200 in 19.5801 ms
2026-06-06 10:06:26.725 +07:00 [INF] HTTP POST /api/prescriptions responded 400 in 5.6613 ms
2026-06-06 10:06:26.729 +07:00 [INF] HTTP POST /api/prescriptions//items responded 404 in 0.2508 ms
2026-06-06 10:06:26.738 +07:00 [INF] HTTP PUT /api/prescriptions//items/ responded 404 in 0.2272 ms
2026-06-06 10:06:26.769 +07:00 [INF] HTTP GET /api/prescriptions/ responded 200 in 25.2248 ms
2026-06-06 10:06:26.783 +07:00 [INF] HTTP POST /api/reminders responded 400 in 8.9087 ms
2026-06-06 10:06:26.838 +07:00 [INF] HTTP GET /api/reminders/upcoming responded 200 in 49.4263 ms
2026-06-06 10:06:26.887 +07:00 [INF] HTTP GET /api/notifications/settings responded 200 in 45.6817 ms
2026-06-06 10:06:26.924 +07:00 [INF] HTTP PUT /api/notifications/settings responded 200 in 33.7465 ms
2026-06-06 10:16:16.700 +07:00 [INF] HTTP POST /api/auth/login responded 200 in 3132.7455 ms
2026-06-06 10:16:17.015 +07:00 [INF] HTTP POST /api/health-records responded 201 in 140.5905 ms
2026-06-06 10:16:17.145 +07:00 [INF] HTTP POST /api/health-records/a8d60b60-1eaa-4990-84fc-2b332e0989f9/metrics responded 200 in 120.7506 ms
2026-06-06 10:16:17.203 +07:00 [INF] HTTP GET /api/health-records responded 200 in 45.4320 ms
2026-06-06 10:16:17.274 +07:00 [INF] HTTP POST /api/medical-history responded 201 in 55.4534 ms
2026-06-06 10:16:17.319 +07:00 [INF] HTTP GET /api/medical-history/follow-ups responded 200 in 42.2551 ms
2026-06-06 10:16:17.453 +07:00 [INF] HTTP POST /api/vaccines responded 201 in 129.9161 ms
2026-06-06 10:16:17.521 +07:00 [INF] HTTP POST /api/prescriptions responded 201 in 63.2760 ms
2026-06-06 10:16:17.579 +07:00 [INF] HTTP POST /api/prescriptions/50f7e069-42e8-428d-aafd-05f2914e6d63/items responded 200 in 55.1074 ms
2026-06-06 10:16:17.627 +07:00 [INF] HTTP PUT /api/prescriptions/50f7e069-42e8-428d-aafd-05f2914e6d63/items/9e3c3b59-1837-4ba3-b72d-9f00b05bbfa1 responded 200 in 34.7218 ms
2026-06-06 10:16:17.659 +07:00 [INF] HTTP GET /api/prescriptions/50f7e069-42e8-428d-aafd-05f2914e6d63 responded 200 in 28.8190 ms
2026-06-06 10:16:17.734 +07:00 [INF] HTTP POST /api/reminders responded 201 in 68.3824 ms
2026-06-06 10:16:17.784 +07:00 [INF] HTTP PUT /api/notifications/settings responded 200 in 46.9776 ms
2026-06-06 10:26:04.778 +07:00 [INF] ReminderBackgroundService started.
2026-06-06 10:26:06.007 +07:00 [WRN] The WebRootPath was not found: C:\HealthPlus\HealthPlus\HealthPlus\wwwroot. Static files may be unavailable.
2026-06-06 10:27:36.178 +07:00 [INF] HTTP POST /api/auth/login responded 200 in 1304.8053 ms
2026-06-06 10:27:36.392 +07:00 [INF] HTTP GET /api/health-records/00000000-0000-0000-0000-000000000000 responded 404 in 109.1488 ms
2026-06-06 10:27:36.823 +07:00 [INF] HTTP GET /api/health-records responded 200 in 52.4205 ms
2026-06-06 10:27:36.989 +07:00 [INF] HTTP POST /api/health-records/a8d60b60-1eaa-4990-84fc-2b332e0989f9/metrics responded 200 in 141.3819 ms
2026-06-06 10:27:37.002 +07:00 [INF] HTTP POST /api/health-records/a8d60b60-1eaa-4990-84fc-2b332e0989f9/metrics responded 200 in 9.7650 ms
2026-06-06 10:27:37.012 +07:00 [INF] HTTP POST /api/health-records/a8d60b60-1eaa-4990-84fc-2b332e0989f9/metrics responded 200 in 7.9088 ms
2026-06-06 10:27:37.027 +07:00 [INF] HTTP POST /api/health-records/a8d60b60-1eaa-4990-84fc-2b332e0989f9/metrics responded 200 in 14.0655 ms
2026-06-06 10:27:37.039 +07:00 [INF] HTTP POST /api/health-records/a8d60b60-1eaa-4990-84fc-2b332e0989f9/metrics responded 200 in 9.9981 ms
2026-06-06 10:27:37.081 +07:00 [INF] HTTP GET /api/health-records/a8d60b60-1eaa-4990-84fc-2b332e0989f9/metrics responded 200 in 26.8249 ms
2026-06-06 10:27:37.131 +07:00 [INF] HTTP GET /api/medical-history responded 200 in 36.8320 ms
2026-06-06 10:27:37.200 +07:00 [INF] HTTP POST /api/health-records responded 201 in 66.1778 ms
2026-06-06 10:27:37.272 +07:00 [INF] HTTP GET /api/reminders responded 200 in 68.9231 ms
2026-06-06 10:27:37.283 +07:00 [INF] HTTP GET /api/medical-history responded 200 in 7.4871 ms
2026-06-06 10:27:37.680 +07:00 [INF] File saved: medical-documents/27500b74-dbc7-46b1-8da1-f2cf7eb635e8.pdf
2026-06-06 10:27:37.837 +07:00 [INF] HTTP POST /api/medical-history/73ca2d32-6001-48bc-b94b-bcd44fcae889/documents responded 200 in 544.0833 ms
2026-06-06 10:34:43.691 +07:00 [INF] ReminderBackgroundService started.
2026-06-06 10:34:46.593 +07:00 [WRN] The WebRootPath was not found: C:\HealthPlus\HealthPlus\HealthPlus\wwwroot. Static files may be unavailable.
2026-06-06 10:51:07.182 +07:00 [INF] HTTP GET /api/health-records responded 401 in 798.8430 ms
2026-06-06 10:51:31.237 +07:00 [INF] HTTP GET /api/prescriptions responded 401 in 13.7753 ms
2026-06-06 10:53:00.878 +07:00 [INF] HTTP GET /api/users/me responded 401 in 15.3879 ms
2026-06-06 10:53:20.506 +07:00 [INF] HTTP GET /swagger/api/auth/login responded 404 in 4.1769 ms
2026-06-06 13:07:36.571 +07:00 [INF] HTTP POST /api/auth/login responded 200 in 2892.1768 ms
2026-06-06 13:10:52.618 +07:00 [INF] HTTP POST /api/auth/login responded 200 in 689.2150 ms
2026-06-06 13:10:53.082 +07:00 [INF] HTTP GET /api/health-records responded 200 in 324.2790 ms
2026-06-06 13:10:53.340 +07:00 [INF] HTTP GET /api/health-records/0aaf4f2d-4760-4489-9d1c-04514d8c20cd/metrics responded 200 in 215.3676 ms
2026-06-06 13:10:53.383 +07:00 [INF] HTTP GET /api/health-records/a8d60b60-1eaa-4990-84fc-2b332e0989f9/metrics responded 200 in 23.8838 ms
2026-06-06 13:18:57.761 +07:00 [INF] HTTP POST /api/auth/login responded 200 in 722.4978 ms
2026-06-06 13:18:58.073 +07:00 [INF] HTTP GET /api/medical-history responded 200 in 87.3528 ms
2026-06-06 13:18:58.119 +07:00 [INF] HTTP GET /api/medical-history/follow-ups responded 200 in 27.3340 ms
2026-06-06 13:18:58.146 +07:00 [INF] HTTP GET /api/health-records responded 200 in 22.1152 ms
2026-06-06 13:18:58.403 +07:00 [INF] HTTP POST /api/medical-history responded 201 in 235.7539 ms
2026-06-06 13:18:58.423 +07:00 [INF] HTTP GET /api/medical-history/follow-ups responded 200 in 6.4969 ms
2026-06-06 14:02:09.381 +07:00 [ERR] Failed executing DbCommand (50,177ms) [Parameters=[@__now_0='?' (DbType = DateTime2)], CommandType='"Text"', CommandTimeout='30']
SELECT [r].[Id], [r].[Channel], [r].[CreatedAt], [r].[IsEnabled], [r].[IsSent], [r].[Message], [r].[RelatedEntityId], [r].[RelatedEntityType], [r].[RemindAt], [r].[ReminderType], [r].[RepeatType], [r].[RepeatUntil], [r].[SentAt], [r].[Title], [r].[UserId]
FROM [Reminders] AS [r]
WHERE [r].[IsEnabled] = CAST(1 AS bit) AND [r].[IsSent] = CAST(0 AS bit) AND [r].[RemindAt] <= @__now_0
2026-06-06 14:02:12.488 +07:00 [ERR] An exception occurred while iterating over the results of a query for context type 'HealthPlus.Persistence.AppDbContext'.
Microsoft.Data.SqlClient.SqlException (0x80131904): Execution Timeout Expired.  The timeout period elapsed prior to completion of the operation or the server is not responding.
 ---> System.ComponentModel.Win32Exception (258): The wait operation timed out.
   at System.Threading.Tasks.ContinuationResultTaskFromResultTask`2.InnerInvoke()
   at System.Threading.ExecutionContext.RunInternal(ExecutionContext executionContext, ContextCallback callback, Object state)
--- End of stack trace from previous location ---
   at System.Threading.ExecutionContext.RunInternal(ExecutionContext executionContext, ContextCallback callback, Object state)
   at System.Threading.Tasks.Task.ExecuteWithThreadLocal(Task& currentTaskSlot, Thread threadPoolThread)
--- End of stack trace from previous location ---
   at Microsoft.EntityFrameworkCore.Storage.RelationalCommand.ExecuteReaderAsync(RelationalCommandParameterObject parameterObject, CancellationToken cancellationToken)
   at Microsoft.EntityFrameworkCore.Storage.RelationalCommand.ExecuteReaderAsync(RelationalCommandParameterObject parameterObject, CancellationToken cancellationToken)
   at Microsoft.EntityFrameworkCore.Query.Internal.SingleQueryingEnumerable`1.AsyncEnumerator.InitializeReaderAsync(AsyncEnumerator enumerator, CancellationToken cancellationToken)
   at Microsoft.EntityFrameworkCore.SqlServer.Storage.Internal.SqlServerExecutionStrategy.ExecuteAsync[TState,TResult](TState state, Func`4 operation, Func`4 verifySucceeded, CancellationToken cancellationToken)
   at Microsoft.EntityFrameworkCore.Query.Internal.SingleQueryingEnumerable`1.AsyncEnumerator.MoveNextAsync()
ClientConnectionId:31fe0265-73b3-427a-9d0a-0a52d8db7b58
Error Number:-2,State:0,Class:11
Microsoft.Data.SqlClient.SqlException (0x80131904): Execution Timeout Expired.  The timeout period elapsed prior to completion of the operation or the server is not responding.
 ---> System.ComponentModel.Win32Exception (258): The wait operation timed out.
   at System.Threading.Tasks.ContinuationResultTaskFromResultTask`2.InnerInvoke()
   at System.Threading.ExecutionContext.RunInternal(ExecutionContext executionContext, ContextCallback callback, Object state)
--- End of stack trace from previous location ---
   at System.Threading.ExecutionContext.RunInternal(ExecutionContext executionContext, ContextCallback callback, Object state)
   at System.Threading.Tasks.Task.ExecuteWithThreadLocal(Task& currentTaskSlot, Thread threadPoolThread)
--- End of stack trace from previous location ---
   at Microsoft.EntityFrameworkCore.Storage.RelationalCommand.ExecuteReaderAsync(RelationalCommandParameterObject parameterObject, CancellationToken cancellationToken)
   at Microsoft.EntityFrameworkCore.Storage.RelationalCommand.ExecuteReaderAsync(RelationalCommandParameterObject parameterObject, CancellationToken cancellationToken)
   at Microsoft.EntityFrameworkCore.Query.Internal.SingleQueryingEnumerable`1.AsyncEnumerator.InitializeReaderAsync(AsyncEnumerator enumerator, CancellationToken cancellationToken)
   at Microsoft.EntityFrameworkCore.SqlServer.Storage.Internal.SqlServerExecutionStrategy.ExecuteAsync[TState,TResult](TState state, Func`4 operation, Func`4 verifySucceeded, CancellationToken cancellationToken)
   at Microsoft.EntityFrameworkCore.Query.Internal.SingleQueryingEnumerable`1.AsyncEnumerator.MoveNextAsync()
ClientConnectionId:31fe0265-73b3-427a-9d0a-0a52d8db7b58
Error Number:-2,State:0,Class:11
2026-06-06 14:02:22.644 +07:00 [ERR] Error processing reminders.
Microsoft.Data.SqlClient.SqlException (0x80131904): Execution Timeout Expired.  The timeout period elapsed prior to completion of the operation or the server is not responding.
 ---> System.ComponentModel.Win32Exception (258): The wait operation timed out.
   at System.Threading.Tasks.ContinuationResultTaskFromResultTask`2.InnerInvoke()
   at System.Threading.ExecutionContext.RunInternal(ExecutionContext executionContext, ContextCallback callback, Object state)
--- End of stack trace from previous location ---
   at System.Threading.ExecutionContext.RunInternal(ExecutionContext executionContext, ContextCallback callback, Object state)
   at System.Threading.Tasks.Task.ExecuteWithThreadLocal(Task& currentTaskSlot, Thread threadPoolThread)
--- End of stack trace from previous location ---
   at Microsoft.EntityFrameworkCore.Storage.RelationalCommand.ExecuteReaderAsync(RelationalCommandParameterObject parameterObject, CancellationToken cancellationToken)
   at Microsoft.EntityFrameworkCore.Storage.RelationalCommand.ExecuteReaderAsync(RelationalCommandParameterObject parameterObject, CancellationToken cancellationToken)
   at Microsoft.EntityFrameworkCore.Query.Internal.SingleQueryingEnumerable`1.AsyncEnumerator.InitializeReaderAsync(AsyncEnumerator enumerator, CancellationToken cancellationToken)
   at Microsoft.EntityFrameworkCore.SqlServer.Storage.Internal.SqlServerExecutionStrategy.ExecuteAsync[TState,TResult](TState state, Func`4 operation, Func`4 verifySucceeded, CancellationToken cancellationToken)
   at Microsoft.EntityFrameworkCore.Query.Internal.SingleQueryingEnumerable`1.AsyncEnumerator.MoveNextAsync()
   at Microsoft.EntityFrameworkCore.EntityFrameworkQueryableExtensions.ToListAsync[TSource](IQueryable`1 source, CancellationToken cancellationToken)
   at Microsoft.EntityFrameworkCore.EntityFrameworkQueryableExtensions.ToListAsync[TSource](IQueryable`1 source, CancellationToken cancellationToken)
   at HealthPlus.Persistence.Repositories.GenericRepository`1.FindAsync(Expression`1 predicate, CancellationToken cancellationToken) in C:\HealthPlus\HealthPlus\HealthPlus.Persistence\Repositories\GenericRepository.cs:line 25
   at HealthPlus.Infrastructure.BackgroundServices.ReminderBackgroundService.ProcessDueRemindersAsync(CancellationToken ct) in C:\HealthPlus\HealthPlus\HealthPlus.Infrastructure\BackgroundServices\ReminderBackgroundService.cs:line 48
   at HealthPlus.Infrastructure.BackgroundServices.ReminderBackgroundService.ExecuteAsync(CancellationToken stoppingToken) in C:\HealthPlus\HealthPlus\HealthPlus.Infrastructure\BackgroundServices\ReminderBackgroundService.cs:line 30
ClientConnectionId:31fe0265-73b3-427a-9d0a-0a52d8db7b58
Error Number:-2,State:0,Class:11
2026-06-06 14:22:34.493 +07:00 [INF] HTTP POST /api/auth/register responded 200 in 2309.1768 ms
2026-06-06 14:28:53.697 +07:00 [INF] HTTP GET / responded 404 in 3.6703 ms
2026-06-06 14:31:10.189 +07:00 [INF] HTTP OPTIONS /api/auth/login responded 204 in 41.1400 ms
2026-06-06 14:31:10.528 +07:00 [INF] HTTP POST /api/auth/login responded 401 in 300.9655 ms
2026-06-06 14:31:39.463 +07:00 [INF] HTTP OPTIONS /api/auth/register responded 204 in 2.4550 ms
2026-06-06 14:31:40.152 +07:00 [INF] HTTP POST /api/auth/register responded 200 in 655.3764 ms
2026-06-06 14:31:40.457 +07:00 [INF] HTTP OPTIONS /api/health-records responded 204 in 0.1316 ms
2026-06-06 14:31:40.459 +07:00 [INF] HTTP OPTIONS /api/medical-history/follow-ups responded 204 in 0.0936 ms
2026-06-06 14:31:40.468 +07:00 [INF] HTTP OPTIONS /api/vaccines/overdue responded 204 in 0.0984 ms
2026-06-06 14:31:40.467 +07:00 [INF] HTTP OPTIONS /api/reminders/upcoming responded 204 in 0.1450 ms
2026-06-06 14:31:40.703 +07:00 [INF] HTTP GET /api/health-records responded 200 in 109.3186 ms
2026-06-06 14:31:40.823 +07:00 [INF] HTTP GET /api/medical-history/follow-ups responded 200 in 221.9665 ms
2026-06-06 14:31:40.979 +07:00 [INF] HTTP GET /api/reminders/upcoming responded 200 in 359.4290 ms
2026-06-06 14:31:41.046 +07:00 [INF] HTTP GET /api/vaccines/overdue responded 200 in 430.0115 ms
2026-06-06 14:31:52.356 +07:00 [INF] HTTP OPTIONS /api/health-records responded 204 in 2.2354 ms
2026-06-06 14:31:52.473 +07:00 [INF] HTTP GET /api/health-records responded 200 in 65.9433 ms
2026-06-06 14:31:54.815 +07:00 [INF] HTTP OPTIONS /api/medical-history responded 204 in 0.5407 ms
2026-06-06 14:31:54.817 +07:00 [INF] HTTP OPTIONS /api/medical-history/follow-ups responded 204 in 0.1950 ms
2026-06-06 14:31:54.917 +07:00 [INF] HTTP GET /api/health-records responded 200 in 102.0343 ms
2026-06-06 14:31:55.049 +07:00 [INF] HTTP GET /api/medical-history responded 200 in 81.8250 ms
2026-06-06 14:31:55.087 +07:00 [INF] HTTP GET /api/medical-history/follow-ups responded 200 in 42.4256 ms
2026-06-06 14:31:56.887 +07:00 [INF] HTTP OPTIONS /api/vaccines responded 204 in 0.0762 ms
2026-06-06 14:31:56.890 +07:00 [INF] HTTP OPTIONS /api/vaccines/overdue responded 204 in 2.8076 ms
2026-06-06 14:31:56.922 +07:00 [INF] HTTP GET /api/health-records responded 200 in 35.2597 ms
2026-06-06 14:31:57.052 +07:00 [INF] HTTP GET /api/vaccines/overdue responded 200 in 70.0582 ms
2026-06-06 14:31:57.094 +07:00 [INF] HTTP GET /api/vaccines responded 200 in 134.3017 ms
2026-06-06 14:31:58.869 +07:00 [INF] HTTP OPTIONS /api/prescriptions responded 204 in 0.2400 ms
2026-06-06 14:31:59.119 +07:00 [INF] HTTP GET /api/prescriptions responded 200 in 177.7060 ms
2026-06-06 14:32:00.643 +07:00 [INF] HTTP OPTIONS /api/reminders responded 204 in 0.1109 ms
2026-06-06 14:32:00.643 +07:00 [INF] HTTP OPTIONS /api/reminders/upcoming responded 204 in 0.0205 ms
2026-06-06 14:32:00.743 +07:00 [INF] HTTP GET /api/reminders/upcoming responded 200 in 65.6198 ms
2026-06-06 14:32:00.747 +07:00 [INF] HTTP GET /api/reminders responded 200 in 71.6948 ms
2026-06-06 14:32:08.126 +07:00 [INF] HTTP OPTIONS /api/prescriptions responded 204 in 0.4521 ms
2026-06-06 14:32:08.408 +07:00 [INF] HTTP GET /api/prescriptions responded 200 in 164.9455 ms
2026-06-06 14:32:11.408 +07:00 [INF] HTTP OPTIONS /api/health-records responded 204 in 0.7804 ms
2026-06-06 14:32:11.408 +07:00 [INF] HTTP OPTIONS /api/medical-history/follow-ups responded 204 in 0.0196 ms
2026-06-06 14:32:11.409 +07:00 [INF] HTTP OPTIONS /api/reminders/upcoming responded 204 in 0.0098 ms
2026-06-06 14:32:11.409 +07:00 [INF] HTTP OPTIONS /api/vaccines/overdue responded 204 in 0.0115 ms
2026-06-06 14:32:11.672 +07:00 [INF] HTTP GET /api/health-records responded 200 in 123.0656 ms
2026-06-06 14:32:11.672 +07:00 [INF] HTTP GET /api/medical-history/follow-ups responded 200 in 133.0884 ms
2026-06-06 14:32:11.761 +07:00 [INF] HTTP GET /api/vaccines/overdue responded 200 in 89.3117 ms
2026-06-06 14:32:11.827 +07:00 [INF] HTTP GET /api/reminders/upcoming responded 200 in 197.6238 ms
2026-06-06 14:39:29.106 +07:00 [INF] HTTP OPTIONS /api/medical-history responded 204 in 3.9767 ms
2026-06-06 14:39:29.106 +07:00 [INF] HTTP OPTIONS /api/health-records responded 204 in 4.4921 ms
2026-06-06 14:39:29.187 +07:00 [INF] HTTP OPTIONS /api/medical-history/follow-ups responded 204 in 0.2303 ms
2026-06-06 14:39:29.394 +07:00 [INF] HTTP GET /api/health-records responded 200 in 181.5481 ms
2026-06-06 14:39:29.465 +07:00 [INF] HTTP GET /api/medical-history responded 200 in 259.0484 ms
2026-06-06 14:39:29.469 +07:00 [INF] HTTP GET /api/medical-history/follow-ups responded 200 in 238.7870 ms
2026-06-06 14:39:33.210 +07:00 [INF] HTTP OPTIONS /api/reminders/upcoming responded 204 in 0.0608 ms
2026-06-06 14:39:33.210 +07:00 [INF] HTTP OPTIONS /api/vaccines/overdue responded 204 in 0.6212 ms
2026-06-06 14:39:33.239 +07:00 [INF] HTTP GET /api/medical-history/follow-ups responded 200 in 30.1365 ms
2026-06-06 14:39:33.239 +07:00 [INF] HTTP GET /api/health-records responded 200 in 30.3156 ms
2026-06-06 14:39:33.288 +07:00 [INF] HTTP GET /api/reminders/upcoming responded 200 in 42.1862 ms
2026-06-06 14:39:33.300 +07:00 [INF] HTTP GET /api/vaccines/overdue responded 200 in 38.2321 ms
2026-06-06 14:47:13.623 +07:00 [INF] HTTP OPTIONS /api/medical-history/follow-ups responded 204 in 0.9836 ms
2026-06-06 14:47:13.623 +07:00 [INF] HTTP OPTIONS /api/health-records responded 204 in 0.9846 ms
2026-06-06 14:47:13.624 +07:00 [INF] HTTP OPTIONS /api/vaccines/overdue responded 204 in 0.6153 ms
2026-06-06 14:47:13.686 +07:00 [INF] HTTP OPTIONS /api/reminders/upcoming responded 204 in 0.0781 ms
2026-06-06 14:47:13.742 +07:00 [INF] HTTP GET /api/health-records responded 401 in 28.9336 ms
2026-06-06 14:47:13.742 +07:00 [INF] HTTP GET /api/vaccines/overdue responded 401 in 24.3015 ms
2026-06-06 14:47:13.742 +07:00 [INF] HTTP GET /api/reminders/upcoming responded 401 in 9.1022 ms
2026-06-06 14:47:13.742 +07:00 [INF] HTTP GET /api/medical-history/follow-ups responded 401 in 33.0525 ms
2026-06-06 14:47:13.756 +07:00 [INF] HTTP OPTIONS /api/auth/refresh responded 204 in 2.0687 ms
2026-06-06 14:47:13.757 +07:00 [INF] HTTP OPTIONS /api/auth/refresh responded 204 in 2.6311 ms
2026-06-06 14:47:13.770 +07:00 [INF] HTTP OPTIONS /api/auth/refresh responded 204 in 0.1164 ms
2026-06-06 14:47:13.770 +07:00 [INF] HTTP OPTIONS /api/auth/refresh responded 204 in 1.0325 ms
2026-06-06 14:47:14.130 +07:00 [INF] HTTP POST /api/auth/refresh responded 401 in 346.5125 ms
2026-06-06 14:47:14.278 +07:00 [INF] HTTP OPTIONS /api/auth/logout responded 204 in 0.0429 ms
2026-06-06 14:47:14.279 +07:00 [INF] HTTP POST /api/auth/refresh responded 401 in 502.3904 ms
2026-06-06 14:47:14.279 +07:00 [INF] HTTP POST /api/auth/refresh responded 401 in 487.3151 ms
2026-06-06 14:47:14.352 +07:00 [INF] HTTP POST /api/auth/refresh responded 401 in 573.4498 ms
2026-06-06 14:47:14.359 +07:00 [INF] HTTP POST /api/auth/logout responded 401 in 1.5643 ms
2026-06-06 14:47:17.194 +07:00 [INF] HTTP OPTIONS /api/auth/login responded 204 in 0.1935 ms
2026-06-06 14:47:17.871 +07:00 [INF] HTTP POST /api/auth/login responded 200 in 659.0387 ms
2026-06-06 14:47:18.027 +07:00 [INF] HTTP GET /api/health-records responded 200 in 127.2053 ms
2026-06-06 14:47:18.050 +07:00 [INF] HTTP GET /api/vaccines/overdue responded 200 in 53.3415 ms
2026-06-06 14:47:18.046 +07:00 [INF] HTTP GET /api/medical-history/follow-ups responded 200 in 127.3940 ms
2026-06-06 14:47:18.113 +07:00 [INF] HTTP GET /api/reminders/upcoming responded 200 in 116.9197 ms
2026-06-06 14:49:52.244 +07:00 [INF] HTTP OPTIONS /api/health-records responded 204 in 2.1268 ms
2026-06-06 14:49:52.286 +07:00 [INF] HTTP OPTIONS /api/vaccines/overdue responded 204 in 0.4459 ms
2026-06-06 14:49:52.261 +07:00 [INF] HTTP OPTIONS /api/medical-history/follow-ups responded 204 in 0.0395 ms
2026-06-06 14:49:52.299 +07:00 [INF] HTTP OPTIONS /api/reminders/upcoming responded 204 in 0.0796 ms
2026-06-06 14:49:52.578 +07:00 [INF] HTTP GET /api/health-records responded 200 in 235.6173 ms
2026-06-06 14:49:52.580 +07:00 [INF] HTTP GET /api/medical-history/follow-ups responded 200 in 200.9372 ms
2026-06-06 14:49:52.593 +07:00 [INF] HTTP GET /api/vaccines/overdue responded 200 in 214.7585 ms
2026-06-06 14:49:52.788 +07:00 [INF] HTTP GET /api/reminders/upcoming responded 200 in 284.3470 ms
2026-06-06 14:50:05.602 +07:00 [INF] HTTP OPTIONS /api/health-records responded 204 in 1.9985 ms
2026-06-06 14:50:05.605 +07:00 [INF] HTTP OPTIONS /api/reminders/upcoming responded 204 in 7.8108 ms
2026-06-06 14:50:05.603 +07:00 [INF] HTTP OPTIONS /api/vaccines/overdue responded 204 in 0.0965 ms
2026-06-06 14:50:05.609 +07:00 [INF] HTTP OPTIONS /api/medical-history/follow-ups responded 204 in 10.2091 ms
2026-06-06 14:50:05.838 +07:00 [INF] HTTP GET /api/reminders/upcoming responded 200 in 161.9695 ms
2026-06-06 14:50:05.841 +07:00 [INF] HTTP GET /api/health-records responded 200 in 165.6157 ms
2026-06-06 14:50:05.865 +07:00 [INF] HTTP GET /api/vaccines/overdue responded 200 in 176.2826 ms
2026-06-06 14:50:05.978 +07:00 [INF] HTTP GET /api/medical-history/follow-ups responded 200 in 210.1195 ms
2026-06-06 14:51:08.255 +07:00 [INF] HTTP OPTIONS /api/medical-history/follow-ups responded 204 in 0.5890 ms
2026-06-06 14:51:08.317 +07:00 [INF] HTTP OPTIONS /api/health-records responded 204 in 0.0880 ms
2026-06-06 14:51:08.417 +07:00 [INF] HTTP OPTIONS /api/reminders/upcoming responded 204 in 0.0302 ms
2026-06-06 14:51:08.407 +07:00 [INF] HTTP OPTIONS /api/vaccines/overdue responded 204 in 0.0760 ms
2026-06-06 14:51:08.575 +07:00 [INF] HTTP GET /api/health-records responded 200 in 117.7701 ms
2026-06-06 14:51:08.622 +07:00 [INF] HTTP GET /api/vaccines/overdue responded 200 in 94.2149 ms
2026-06-06 14:51:08.592 +07:00 [INF] HTTP GET /api/reminders/upcoming responded 200 in 64.1616 ms
2026-06-06 14:51:08.584 +07:00 [INF] HTTP GET /api/medical-history/follow-ups responded 200 in 119.6910 ms
2026-06-06 14:51:15.210 +07:00 [INF] HTTP OPTIONS /api/health-records responded 204 in 0.0315 ms
2026-06-06 14:51:15.812 +07:00 [INF] HTTP OPTIONS /api/vaccines/overdue responded 204 in 0.0730 ms
2026-06-06 14:51:15.708 +07:00 [INF] HTTP OPTIONS /api/health-records responded 204 in 0.0753 ms
2026-06-06 14:51:15.719 +07:00 [INF] HTTP OPTIONS /api/medical-history/follow-ups responded 204 in 0.0870 ms
2026-06-06 14:51:15.211 +07:00 [INF] HTTP OPTIONS /api/reminders/upcoming responded 204 in 0.0198 ms
2026-06-06 14:51:15.839 +07:00 [INF] HTTP OPTIONS /api/reminders/upcoming responded 204 in 0.0448 ms
2026-06-06 14:51:15.211 +07:00 [INF] HTTP OPTIONS /api/medical-history/follow-ups responded 204 in 0.3441 ms
2026-06-06 14:51:16.095 +07:00 [INF] HTTP GET /api/health-records responded 200 in 198.6898 ms
2026-06-06 14:51:16.070 +07:00 [INF] HTTP GET /api/medical-history/follow-ups responded 200 in 156.1703 ms
2026-06-06 14:51:16.083 +07:00 [INF] HTTP GET /api/vaccines/overdue responded 200 in 212.0511 ms
2026-06-06 14:51:15.210 +07:00 [INF] HTTP OPTIONS /api/vaccines/overdue responded 204 in 0.0205 ms
2026-06-06 14:51:16.129 +07:00 [INF] HTTP GET /api/reminders/upcoming responded 200 in 34.5383 ms
2026-06-06 14:55:07.834 +07:00 [INF] HTTP OPTIONS /api/medical-history/follow-ups responded 204 in 2.8793 ms
2026-06-06 14:55:07.842 +07:00 [INF] HTTP OPTIONS /api/vaccines/overdue responded 204 in 0.0608 ms
2026-06-06 14:55:07.834 +07:00 [INF] HTTP OPTIONS /api/health-records responded 204 in 0.0704 ms
2026-06-06 14:55:07.915 +07:00 [INF] HTTP OPTIONS /api/reminders/upcoming responded 204 in 0.0522 ms
2026-06-06 14:55:08.140 +07:00 [INF] HTTP GET /api/medical-history/follow-ups responded 200 in 203.1712 ms
2026-06-06 14:55:08.141 +07:00 [INF] HTTP GET /api/vaccines/overdue responded 200 in 132.8495 ms
2026-06-06 14:55:08.146 +07:00 [INF] HTTP GET /api/health-records responded 200 in 137.7740 ms
2026-06-06 14:55:08.177 +07:00 [INF] HTTP GET /api/reminders/upcoming responded 200 in 122.2993 ms
2026-06-06 14:55:14.300 +07:00 [INF] HTTP OPTIONS /api/auth/logout responded 204 in 0.9694 ms
2026-06-06 14:55:14.799 +07:00 [INF] HTTP POST /api/auth/logout responded 200 in 367.6517 ms
2026-06-06 14:55:16.241 +07:00 [INF] HTTP OPTIONS /api/auth/login responded 204 in 0.0344 ms
2026-06-06 14:55:16.866 +07:00 [INF] HTTP POST /api/auth/login responded 200 in 618.4601 ms
2026-06-06 14:55:16.916 +07:00 [INF] HTTP OPTIONS /api/health-records responded 204 in 0.0643 ms
2026-06-06 14:55:16.916 +07:00 [INF] HTTP OPTIONS /api/medical-history/follow-ups responded 204 in 0.0322 ms
2026-06-06 14:55:16.916 +07:00 [INF] HTTP OPTIONS /api/vaccines/overdue responded 204 in 0.0113 ms
2026-06-06 14:55:16.916 +07:00 [INF] HTTP OPTIONS /api/reminders/upcoming responded 204 in 0.0175 ms
2026-06-06 14:55:16.943 +07:00 [INF] HTTP GET /api/medical-history/follow-ups responded 200 in 20.3095 ms
2026-06-06 14:55:16.944 +07:00 [INF] HTTP GET /api/health-records responded 200 in 21.3797 ms
2026-06-06 14:55:16.958 +07:00 [INF] HTTP GET /api/vaccines/overdue responded 200 in 11.0663 ms
2026-06-06 14:55:16.963 +07:00 [INF] HTTP GET /api/reminders/upcoming responded 200 in 8.7335 ms
2026-06-06 14:55:51.600 +07:00 [INF] HTTP OPTIONS /api/health-records responded 204 in 3.3920 ms
2026-06-06 14:55:51.806 +07:00 [INF] HTTP GET /api/health-records responded 200 in 152.6058 ms
2026-06-06 14:55:56.534 +07:00 [INF] HTTP OPTIONS /api/vaccines/overdue responded 204 in 0.6223 ms
2026-06-06 14:55:56.535 +07:00 [INF] HTTP OPTIONS /api/medical-history/follow-ups responded 204 in 0.9732 ms
2026-06-06 14:55:56.703 +07:00 [INF] HTTP OPTIONS /api/reminders/upcoming responded 204 in 0.0476 ms
2026-06-06 14:55:56.998 +07:00 [INF] HTTP GET /api/health-records responded 200 in 447.1549 ms
2026-06-06 14:55:57.059 +07:00 [INF] HTTP GET /api/vaccines/overdue responded 200 in 141.4283 ms
2026-06-06 14:55:57.058 +07:00 [INF] HTTP GET /api/medical-history/follow-ups responded 200 in 140.6735 ms
2026-06-06 14:55:57.077 +07:00 [INF] HTTP GET /api/reminders/upcoming responded 200 in 120.4996 ms
2026-06-06 14:56:00.072 +07:00 [INF] HTTP OPTIONS /api/medical-history responded 204 in 0.5685 ms
2026-06-06 14:56:00.076 +07:00 [INF] HTTP OPTIONS /api/health-records responded 204 in 50.6154 ms
2026-06-06 14:56:00.217 +07:00 [INF] HTTP GET /api/medical-history/follow-ups responded 200 in 140.0718 ms
2026-06-06 14:56:00.258 +07:00 [INF] HTTP GET /api/health-records responded 200 in 11.0206 ms
2026-06-06 14:56:00.326 +07:00 [INF] HTTP GET /api/medical-history responded 200 in 79.0587 ms
2026-06-06 14:56:01.410 +07:00 [INF] HTTP OPTIONS /api/vaccines responded 204 in 0.0360 ms
2026-06-06 14:56:01.461 +07:00 [INF] HTTP GET /api/health-records responded 200 in 52.4478 ms
2026-06-06 14:56:01.474 +07:00 [INF] HTTP GET /api/vaccines/overdue responded 200 in 63.9636 ms
2026-06-06 14:56:01.606 +07:00 [INF] HTTP GET /api/vaccines responded 200 in 122.6961 ms
2026-06-06 14:56:03.638 +07:00 [INF] HTTP OPTIONS /api/medical-history/follow-ups responded 204 in 0.0417 ms
2026-06-06 14:56:03.638 +07:00 [INF] HTTP OPTIONS /api/vaccines/overdue responded 204 in 0.0062 ms
2026-06-06 14:56:03.666 +07:00 [INF] HTTP OPTIONS /api/reminders/upcoming responded 204 in 0.0355 ms
2026-06-06 14:56:04.085 +07:00 [INF] HTTP GET /api/vaccines/overdue responded 200 in 170.3840 ms
2026-06-06 14:56:04.090 +07:00 [INF] HTTP GET /api/medical-history/follow-ups responded 200 in 210.4434 ms
2026-06-06 14:56:03.678 +07:00 [INF] HTTP GET /api/health-records responded 200 in 40.6261 ms
2026-06-06 14:56:04.123 +07:00 [INF] HTTP GET /api/reminders/upcoming responded 200 in 25.5959 ms
2026-06-06 14:56:05.379 +07:00 [INF] HTTP OPTIONS /api/health-records responded 204 in 0.3411 ms
2026-06-06 14:56:05.447 +07:00 [INF] HTTP GET /api/vaccines/overdue responded 200 in 70.0922 ms
2026-06-06 14:56:05.450 +07:00 [INF] HTTP GET /api/vaccines responded 200 in 73.6427 ms
2026-06-06 14:56:05.578 +07:00 [INF] HTTP GET /api/health-records responded 200 in 17.1045 ms
2026-06-06 14:56:07.371 +07:00 [INF] HTTP OPTIONS /api/reminders responded 204 in 0.1109 ms
2026-06-06 14:56:07.417 +07:00 [INF] HTTP GET /api/reminders/upcoming responded 200 in 43.0956 ms
2026-06-06 14:56:07.541 +07:00 [INF] HTTP GET /api/reminders responded 200 in 107.3087 ms
2026-06-06 14:56:09.234 +07:00 [INF] HTTP OPTIONS /api/prescriptions responded 204 in 0.0907 ms
2026-06-06 14:56:09.290 +07:00 [INF] HTTP GET /api/prescriptions responded 200 in 39.2823 ms
2026-06-06 14:56:28.310 +07:00 [INF] HTTP OPTIONS /api/prescriptions responded 204 in 2.7398 ms
2026-06-06 14:56:28.639 +07:00 [INF] HTTP GET /api/prescriptions responded 200 in 167.0307 ms
2026-06-06 15:13:19.100 +07:00 [INF] HTTP OPTIONS /api/auth/logout responded 204 in 7.2955 ms
2026-06-06 15:13:19.364 +07:00 [INF] HTTP POST /api/auth/logout responded 401 in 25.0281 ms
2026-06-06 15:13:20.095 +07:00 [INF] HTTP OPTIONS /api/auth/login responded 204 in 0.0899 ms
2026-06-06 15:13:20.935 +07:00 [INF] HTTP POST /api/auth/login responded 200 in 823.0973 ms
2026-06-06 15:13:21.053 +07:00 [INF] HTTP OPTIONS /api/health-records responded 204 in 0.1055 ms
2026-06-06 15:13:21.063 +07:00 [INF] HTTP OPTIONS /api/reminders/upcoming responded 204 in 0.0554 ms
2026-06-06 15:13:21.053 +07:00 [INF] HTTP OPTIONS /api/medical-history/follow-ups responded 204 in 0.0107 ms
2026-06-06 15:13:21.054 +07:00 [INF] HTTP OPTIONS /api/vaccines/overdue responded 204 in 0.0456 ms
2026-06-06 15:13:21.179 +07:00 [INF] HTTP GET /api/health-records responded 200 in 73.3968 ms
2026-06-06 15:13:21.255 +07:00 [INF] HTTP GET /api/vaccines/overdue responded 200 in 75.1695 ms
2026-06-06 15:13:21.731 +07:00 [INF] HTTP GET /api/medical-history/follow-ups responded 200 in 596.7340 ms
2026-06-06 15:13:21.745 +07:00 [INF] HTTP GET /api/reminders/upcoming responded 200 in 629.0318 ms
2026-06-06 15:42:13.059 +07:00 [INF] HTTP OPTIONS /api/health-records responded 204 in 12.4290 ms
2026-06-06 15:42:13.202 +07:00 [INF] HTTP GET /api/health-records responded 401 in 63.2554 ms
2026-06-06 15:42:13.244 +07:00 [INF] HTTP OPTIONS /api/auth/refresh responded 204 in 0.0628 ms
2026-06-06 15:42:13.990 +07:00 [INF] HTTP POST /api/auth/refresh responded 200 in 699.5599 ms
2026-06-06 15:42:14.067 +07:00 [INF] HTTP GET /api/health-records responded 200 in 58.0980 ms
2026-06-06 15:42:15.300 +07:00 [INF] HTTP OPTIONS /api/medical-history/follow-ups responded 204 in 0.0738 ms
2026-06-06 15:42:15.301 +07:00 [INF] HTTP OPTIONS /api/vaccines/overdue responded 204 in 0.0240 ms
2026-06-06 15:42:15.322 +07:00 [INF] HTTP GET /api/health-records responded 200 in 23.1564 ms
2026-06-06 15:42:15.302 +07:00 [INF] HTTP OPTIONS /api/reminders/upcoming responded 204 in 0.0170 ms
2026-06-06 15:42:15.518 +07:00 [INF] HTTP GET /api/medical-history/follow-ups responded 200 in 96.4813 ms
2026-06-06 15:42:15.591 +07:00 [INF] HTTP GET /api/reminders/upcoming responded 200 in 65.7037 ms
2026-06-06 15:42:15.666 +07:00 [INF] HTTP GET /api/vaccines/overdue responded 200 in 240.2181 ms
2026-06-06 15:42:18.988 +07:00 [INF] HTTP OPTIONS /api/health-records responded 204 in 0.2148 ms
2026-06-06 15:42:19.038 +07:00 [INF] HTTP GET /api/health-records responded 200 in 13.6105 ms
2026-06-06 15:42:20.513 +07:00 [INF] HTTP OPTIONS /api/medical-history/follow-ups responded 204 in 0.0356 ms
2026-06-06 15:42:20.515 +07:00 [INF] HTTP OPTIONS /api/vaccines/overdue responded 204 in 0.0112 ms
2026-06-06 15:42:20.541 +07:00 [INF] HTTP GET /api/health-records responded 200 in 29.4026 ms
2026-06-06 15:42:20.565 +07:00 [INF] HTTP GET /api/medical-history/follow-ups responded 200 in 16.6120 ms
2026-06-06 15:42:20.541 +07:00 [INF] HTTP GET /api/reminders/upcoming responded 200 in 8.0345 ms
2026-06-06 15:42:20.570 +07:00 [INF] HTTP GET /api/vaccines/overdue responded 200 in 16.5497 ms
2026-06-06 15:43:48.622 +07:00 [INF] HTTP OPTIONS /api/health-records responded 204 in 41.5595 ms
2026-06-06 15:43:48.643 +07:00 [INF] HTTP OPTIONS /api/vaccines/overdue responded 204 in 0.1795 ms
2026-06-06 15:43:48.615 +07:00 [INF] HTTP OPTIONS /api/medical-history/follow-ups responded 204 in 1.4008 ms
2026-06-06 15:43:48.828 +07:00 [INF] HTTP OPTIONS /api/reminders/upcoming responded 204 in 0.0324 ms
2026-06-06 15:43:48.975 +07:00 [INF] HTTP GET /api/health-records responded 200 in 155.0943 ms
2026-06-06 15:43:49.206 +07:00 [INF] HTTP GET /api/medical-history/follow-ups responded 200 in 121.1672 ms
2026-06-06 15:43:48.998 +07:00 [INF] HTTP GET /api/vaccines/overdue responded 200 in 84.1270 ms
2026-06-06 15:43:49.389 +07:00 [INF] HTTP GET /api/reminders/upcoming responded 200 in 183.3174 ms
2026-06-06 15:57:53.348 +07:00 [INF] HTTP OPTIONS /api/vaccines/overdue responded 204 in 123.1635 ms
2026-06-06 15:57:53.348 +07:00 [INF] HTTP OPTIONS /api/health-records responded 204 in 123.5341 ms
2026-06-06 15:57:53.348 +07:00 [INF] HTTP OPTIONS /api/medical-history/follow-ups responded 204 in 125.1355 ms
2026-06-06 15:57:53.927 +07:00 [INF] HTTP OPTIONS /api/health-records responded 204 in 0.1457 ms
2026-06-06 15:57:53.928 +07:00 [INF] HTTP OPTIONS /api/medical-history/follow-ups responded 204 in 0.0275 ms
2026-06-06 15:57:53.952 +07:00 [INF] HTTP OPTIONS /api/reminders/upcoming responded 204 in 0.0094 ms
2026-06-06 15:57:53.620 +07:00 [INF] HTTP OPTIONS /api/reminders/upcoming responded 204 in 0.1230 ms
2026-06-06 15:57:53.951 +07:00 [INF] HTTP OPTIONS /api/vaccines/overdue responded 204 in 0.0487 ms
2026-06-06 15:57:54.101 +07:00 [INF] HTTP GET /api/health-records responded 401 in 68.2157 ms
2026-06-06 15:57:54.101 +07:00 [INF] HTTP GET /api/medical-history/follow-ups responded 401 in 12.8325 ms
2026-06-06 15:57:54.101 +07:00 [INF] HTTP GET /api/reminders/upcoming responded 401 in 2.8119 ms
2026-06-06 15:57:54.124 +07:00 [INF] HTTP OPTIONS /api/auth/refresh responded 204 in 0.0685 ms
2026-06-06 15:57:54.119 +07:00 [INF] HTTP GET /api/vaccines/overdue responded 401 in 6.3441 ms
2026-06-06 15:57:54.124 +07:00 [INF] HTTP OPTIONS /api/auth/refresh responded 204 in 0.0545 ms
2026-06-06 15:57:54.129 +07:00 [INF] HTTP OPTIONS /api/auth/refresh responded 204 in 0.0917 ms
2026-06-06 15:57:54.919 +07:00 [INF] HTTP POST /api/auth/refresh responded 200 in 745.9073 ms
2026-06-06 15:57:55.375 +07:00 [INF] HTTP GET /api/reminders/upcoming responded 200 in 408.1735 ms
2026-06-06 15:57:55.476 +07:00 [INF] HTTP POST /api/auth/refresh responded 200 in 1320.6349 ms
2026-06-06 15:57:55.499 +07:00 [INF] HTTP POST /api/auth/refresh responded 200 in 1347.2708 ms
2026-06-06 15:57:55.520 +07:00 [INF] HTTP POST /api/auth/refresh responded 200 in 1387.7125 ms
2026-06-06 15:57:55.698 +07:00 [INF] HTTP GET /api/vaccines/overdue responded 200 in 50.7498 ms
2026-06-06 15:57:55.698 +07:00 [INF] HTTP GET /api/medical-history/follow-ups responded 200 in 68.2164 ms
2026-06-06 15:57:55.722 +07:00 [INF] HTTP GET /api/health-records responded 200 in 74.8835 ms
2026-06-06 15:58:24.411 +07:00 [INF] HTTP OPTIONS /api/health-records responded 204 in 21.4717 ms
2026-06-06 15:58:24.419 +07:00 [INF] HTTP OPTIONS /api/medical-history/follow-ups responded 204 in 0.0520 ms
2026-06-06 15:58:24.495 +07:00 [INF] HTTP OPTIONS /api/reminders/upcoming responded 204 in 0.0432 ms
2026-06-06 15:58:24.493 +07:00 [INF] HTTP OPTIONS /api/vaccines/overdue responded 204 in 0.1093 ms
2026-06-06 15:58:24.712 +07:00 [INF] HTTP GET /api/health-records responded 200 in 173.3833 ms
2026-06-06 15:58:24.712 +07:00 [INF] HTTP GET /api/vaccines/overdue responded 200 in 124.2505 ms
2026-06-06 15:58:24.715 +07:00 [INF] HTTP GET /api/reminders/upcoming responded 200 in 176.5298 ms
2026-06-06 15:58:24.715 +07:00 [INF] HTTP GET /api/medical-history/follow-ups responded 200 in 176.4250 ms
2026-06-06 16:01:59.923 +07:00 [INF] HTTP OPTIONS /api/medical-history/follow-ups responded 204 in 0.2104 ms
2026-06-06 16:01:59.924 +07:00 [INF] HTTP OPTIONS /api/health-records responded 204 in 0.8034 ms
2026-06-06 16:02:00.085 +07:00 [INF] HTTP OPTIONS /api/reminders/upcoming responded 204 in 0.0304 ms
2026-06-06 16:02:00.084 +07:00 [INF] HTTP OPTIONS /api/vaccines/overdue responded 204 in 0.2390 ms
2026-06-06 16:02:00.228 +07:00 [INF] HTTP GET /api/health-records responded 200 in 100.5316 ms
2026-06-06 16:02:00.228 +07:00 [INF] HTTP GET /api/reminders/upcoming responded 200 in 97.1896 ms
2026-06-06 16:02:00.231 +07:00 [INF] HTTP GET /api/medical-history/follow-ups responded 200 in 106.7829 ms
2026-06-06 16:02:00.280 +07:00 [INF] HTTP GET /api/vaccines/overdue responded 200 in 94.7093 ms
2026-06-06 16:02:02.156 +07:00 [INF] HTTP GET /api/health-records responded 200 in 40.1629 ms
2026-06-06 16:03:53.056 +07:00 [INF] HTTP OPTIONS /api/medical-history responded 204 in 0.1998 ms
2026-06-06 16:03:53.060 +07:00 [INF] HTTP OPTIONS /api/medical-history/follow-ups responded 204 in 0.0454 ms
2026-06-06 16:03:53.076 +07:00 [INF] HTTP OPTIONS /api/health-records responded 204 in 24.9254 ms
2026-06-06 16:03:53.313 +07:00 [INF] HTTP GET /api/health-records responded 200 in 117.5612 ms
2026-06-06 16:03:53.316 +07:00 [INF] HTTP GET /api/medical-history/follow-ups responded 200 in 125.5960 ms
2026-06-06 16:03:53.320 +07:00 [INF] HTTP GET /api/medical-history responded 200 in 170.1798 ms
2026-06-06 16:03:53.896 +07:00 [INF] HTTP OPTIONS /api/vaccines/overdue responded 204 in 0.0269 ms
2026-06-06 16:03:53.897 +07:00 [INF] HTTP OPTIONS /api/reminders/upcoming responded 204 in 0.0163 ms
2026-06-06 16:03:53.907 +07:00 [INF] HTTP GET /api/health-records responded 200 in 12.7551 ms
2026-06-06 16:03:53.907 +07:00 [INF] HTTP GET /api/medical-history/follow-ups responded 200 in 12.2639 ms
2026-06-06 16:03:53.949 +07:00 [INF] HTTP GET /api/vaccines/overdue responded 200 in 34.5176 ms
2026-06-06 16:03:53.963 +07:00 [INF] HTTP GET /api/reminders/upcoming responded 200 in 43.9363 ms
2026-06-06 16:03:54.665 +07:00 [INF] HTTP GET /api/health-records responded 200 in 11.6900 ms
2026-06-06 16:03:54.704 +07:00 [INF] HTTP GET /api/medical-history/follow-ups responded 200 in 33.7210 ms
2026-06-06 16:03:54.682 +07:00 [INF] HTTP GET /api/medical-history responded 200 in 24.2750 ms
2026-06-06 16:03:55.187 +07:00 [INF] HTTP GET /api/health-records responded 200 in 5.5132 ms
2026-06-06 16:03:55.695 +07:00 [INF] HTTP GET /api/vaccines/overdue responded 200 in 7.6990 ms
2026-06-06 16:03:55.699 +07:00 [INF] HTTP GET /api/health-records responded 200 in 13.3304 ms
2026-06-06 16:03:55.699 +07:00 [INF] HTTP GET /api/medical-history/follow-ups responded 200 in 13.7231 ms
2026-06-06 16:03:55.725 +07:00 [INF] HTTP GET /api/reminders/upcoming responded 200 in 26.2045 ms
2026-06-06 16:03:59.461 +07:00 [INF] HTTP OPTIONS /api/health-records responded 204 in 0.0985 ms
2026-06-06 16:03:59.478 +07:00 [INF] HTTP GET /api/health-records responded 200 in 7.9699 ms
2026-06-06 16:03:59.921 +07:00 [INF] HTTP OPTIONS /api/medical-history responded 204 in 0.0422 ms
2026-06-06 16:03:59.921 +07:00 [INF] HTTP OPTIONS /api/medical-history/follow-ups responded 204 in 0.0375 ms
2026-06-06 16:03:59.927 +07:00 [INF] HTTP GET /api/health-records responded 200 in 6.2920 ms
2026-06-06 16:03:59.940 +07:00 [INF] HTTP GET /api/medical-history responded 200 in 10.2910 ms
2026-06-06 16:03:59.940 +07:00 [INF] HTTP GET /api/medical-history/follow-ups responded 200 in 8.7394 ms
2026-06-06 16:04:00.557 +07:00 [INF] HTTP OPTIONS /api/vaccines/overdue responded 204 in 0.0255 ms
2026-06-06 16:04:00.569 +07:00 [INF] HTTP OPTIONS /api/reminders/upcoming responded 204 in 9.1227 ms
2026-06-06 16:04:00.574 +07:00 [INF] HTTP GET /api/health-records responded 200 in 20.6524 ms
2026-06-06 16:04:00.590 +07:00 [INF] HTTP GET /api/vaccines/overdue responded 200 in 5.0650 ms
2026-06-06 16:04:00.574 +07:00 [INF] HTTP GET /api/medical-history/follow-ups responded 200 in 20.6455 ms
2026-06-06 16:04:00.595 +07:00 [INF] HTTP GET /api/reminders/upcoming responded 200 in 6.6423 ms
2026-06-06 16:04:02.733 +07:00 [INF] HTTP GET /api/health-records responded 200 in 12.5325 ms
2026-06-06 16:04:04.514 +07:00 [INF] HTTP GET /api/health-records responded 200 in 22.6857 ms
2026-06-06 16:04:04.531 +07:00 [INF] HTTP GET /api/medical-history/follow-ups responded 200 in 39.3113 ms
2026-06-06 16:04:04.514 +07:00 [INF] HTTP GET /api/vaccines/overdue responded 200 in 22.2029 ms
2026-06-06 16:04:04.515 +07:00 [INF] HTTP GET /api/reminders/upcoming responded 200 in 17.7142 ms
2026-06-06 16:08:23.710 +07:00 [INF] HTTP OPTIONS /api/health-records responded 204 in 5.0715 ms
2026-06-06 16:08:23.710 +07:00 [INF] HTTP OPTIONS /api/medical-history/follow-ups responded 204 in 5.0243 ms
2026-06-06 16:08:23.713 +07:00 [INF] HTTP OPTIONS /api/vaccines/overdue responded 204 in 0.0610 ms
2026-06-06 16:08:23.775 +07:00 [INF] HTTP OPTIONS /api/reminders/upcoming responded 204 in 0.0470 ms
2026-06-06 16:08:23.997 +07:00 [INF] HTTP GET /api/medical-history/follow-ups responded 200 in 167.0734 ms
2026-06-06 16:08:23.997 +07:00 [INF] HTTP GET /api/vaccines/overdue responded 200 in 166.1051 ms
2026-06-06 16:08:24.001 +07:00 [INF] HTTP GET /api/reminders/upcoming responded 200 in 158.0119 ms
2026-06-06 16:08:24.068 +07:00 [INF] HTTP GET /api/health-records responded 200 in 239.0712 ms
2026-06-06 16:09:15.757 +07:00 [INF] HTTP OPTIONS /api/medical-history/follow-ups responded 204 in 12.4441 ms
2026-06-06 16:09:15.767 +07:00 [INF] HTTP OPTIONS /api/health-records responded 204 in 1.9435 ms
2026-06-06 16:09:15.860 +07:00 [INF] HTTP OPTIONS /api/reminders/upcoming responded 204 in 0.0432 ms
2026-06-06 16:09:15.842 +07:00 [INF] HTTP OPTIONS /api/vaccines/overdue responded 204 in 0.1000 ms
2026-06-06 16:09:15.982 +07:00 [INF] HTTP GET /api/health-records responded 200 in 99.4891 ms
2026-06-06 16:09:15.982 +07:00 [INF] HTTP GET /api/vaccines/overdue responded 200 in 100.9443 ms
2026-06-06 16:09:15.997 +07:00 [INF] HTTP GET /api/medical-history/follow-ups responded 200 in 125.3162 ms
2026-06-06 16:09:16.009 +07:00 [INF] HTTP GET /api/reminders/upcoming responded 200 in 132.8837 ms
2026-06-06 16:09:17.893 +07:00 [INF] HTTP GET /api/health-records responded 200 in 40.6401 ms
2026-06-06 16:09:18.385 +07:00 [INF] HTTP OPTIONS /api/medical-history responded 204 in 0.0241 ms
2026-06-06 16:09:18.444 +07:00 [INF] HTTP GET /api/health-records responded 200 in 60.4040 ms
2026-06-06 16:09:18.455 +07:00 [INF] HTTP GET /api/medical-history/follow-ups responded 200 in 53.2405 ms
2026-06-06 16:09:18.538 +07:00 [INF] HTTP GET /api/medical-history responded 200 in 82.9818 ms
2026-06-06 16:09:19.027 +07:00 [INF] HTTP OPTIONS /api/vaccines responded 204 in 0.2005 ms
2026-06-06 16:09:19.047 +07:00 [INF] HTTP GET /api/vaccines/overdue responded 200 in 19.6651 ms
2026-06-06 16:09:19.047 +07:00 [INF] HTTP GET /api/health-records responded 200 in 19.9770 ms
2026-06-06 16:09:19.114 +07:00 [INF] HTTP GET /api/vaccines responded 200 in 55.8098 ms
2026-06-06 16:09:22.802 +07:00 [INF] HTTP OPTIONS /api/prescriptions responded 204 in 0.1886 ms
2026-06-06 16:09:23.065 +07:00 [INF] HTTP GET /api/prescriptions responded 200 in 200.7007 ms
2026-06-06 16:09:23.293 +07:00 [INF] HTTP OPTIONS /api/reminders responded 204 in 0.0496 ms
2026-06-06 16:09:23.298 +07:00 [INF] HTTP OPTIONS /api/reminders/upcoming responded 204 in 0.0444 ms
2026-06-06 16:09:23.392 +07:00 [INF] HTTP GET /api/reminders/upcoming responded 200 in 25.7438 ms
2026-06-06 16:09:23.424 +07:00 [INF] HTTP GET /api/reminders responded 200 in 66.7610 ms
2026-06-06 16:09:23.749 +07:00 [INF] HTTP GET /api/prescriptions responded 200 in 15.8138 ms
2026-06-06 16:09:24.302 +07:00 [INF] HTTP OPTIONS /api/health-records responded 204 in 0.0982 ms
2026-06-06 16:09:24.302 +07:00 [INF] HTTP OPTIONS /api/vaccines responded 204 in 0.3069 ms
2026-06-06 16:09:24.303 +07:00 [INF] HTTP OPTIONS /api/vaccines/overdue responded 204 in 0.0163 ms
2026-06-06 16:09:24.344 +07:00 [INF] HTTP GET /api/health-records responded 200 in 15.8395 ms
2026-06-06 16:09:24.347 +07:00 [INF] HTTP GET /api/vaccines responded 200 in 17.5512 ms
2026-06-06 16:09:24.387 +07:00 [INF] HTTP GET /api/vaccines/overdue responded 200 in 42.6842 ms
2026-06-06 16:09:25.676 +07:00 [INF] HTTP OPTIONS /api/medical-history/follow-ups responded 204 in 0.2068 ms
2026-06-06 16:09:25.702 +07:00 [INF] HTTP GET /api/vaccines/overdue responded 200 in 25.8778 ms
2026-06-06 16:09:25.727 +07:00 [INF] HTTP GET /api/health-records responded 200 in 50.4140 ms
2026-06-06 16:09:25.761 +07:00 [INF] HTTP GET /api/medical-history/follow-ups responded 200 in 39.1760 ms
2026-06-06 16:09:25.761 +07:00 [INF] HTTP GET /api/reminders/upcoming responded 200 in 84.7102 ms
2026-06-06 16:09:42.831 +07:00 [INF] HTTP OPTIONS /api/health-records responded 204 in 0.7605 ms
2026-06-06 16:09:42.915 +07:00 [INF] HTTP GET /api/health-records responded 200 in 11.1679 ms
2026-06-06 16:09:43.304 +07:00 [INF] HTTP OPTIONS /api/medical-history/follow-ups responded 204 in 0.0844 ms
2026-06-06 16:09:43.304 +07:00 [INF] HTTP OPTIONS /api/vaccines/overdue responded 204 in 0.0235 ms
2026-06-06 16:09:43.304 +07:00 [INF] HTTP OPTIONS /api/reminders/upcoming responded 204 in 0.0072 ms
2026-06-06 16:09:43.311 +07:00 [INF] HTTP GET /api/health-records responded 200 in 7.4040 ms
2026-06-06 16:09:43.337 +07:00 [INF] HTTP GET /api/medical-history/follow-ups responded 200 in 14.8236 ms
2026-06-06 16:09:43.348 +07:00 [INF] HTTP GET /api/reminders/upcoming responded 200 in 13.8078 ms
2026-06-06 16:09:43.372 +07:00 [INF] HTTP GET /api/vaccines/overdue responded 200 in 45.8718 ms
2026-06-06 16:09:48.126 +07:00 [INF] HTTP OPTIONS /api/health-records responded 204 in 0.0571 ms
2026-06-06 16:09:48.202 +07:00 [INF] HTTP GET /api/medical-history/follow-ups responded 200 in 76.4913 ms
2026-06-06 16:09:48.202 +07:00 [INF] HTTP GET /api/vaccines/overdue responded 200 in 73.9129 ms
2026-06-06 16:09:48.208 +07:00 [INF] HTTP GET /api/reminders/upcoming responded 200 in 55.9138 ms
2026-06-06 16:09:48.252 +07:00 [INF] HTTP GET /api/health-records responded 200 in 39.0485 ms
2026-06-06 16:09:54.962 +07:00 [INF] HTTP OPTIONS /api/health-records responded 204 in 1.8499 ms
2026-06-06 16:09:55.026 +07:00 [INF] HTTP GET /api/health-records responded 200 in 17.8356 ms
2026-06-06 16:09:55.355 +07:00 [INF] HTTP OPTIONS /api/medical-history/follow-ups responded 204 in 0.0308 ms
2026-06-06 16:09:55.355 +07:00 [INF] HTTP OPTIONS /api/vaccines/overdue responded 204 in 0.0039 ms
2026-06-06 16:09:55.381 +07:00 [INF] HTTP GET /api/health-records responded 200 in 26.0101 ms
2026-06-06 16:09:55.355 +07:00 [INF] HTTP OPTIONS /api/reminders/upcoming responded 204 in 0.0105 ms
2026-06-06 16:09:55.397 +07:00 [INF] HTTP GET /api/medical-history/follow-ups responded 200 in 9.5844 ms
2026-06-06 16:09:55.413 +07:00 [INF] HTTP GET /api/vaccines/overdue responded 200 in 23.4781 ms
2026-06-06 16:09:55.444 +07:00 [INF] HTTP GET /api/reminders/upcoming responded 200 in 39.0084 ms
2026-06-06 16:09:56.336 +07:00 [INF] HTTP OPTIONS /api/medical-history responded 204 in 1.2574 ms
2026-06-06 16:09:56.346 +07:00 [INF] HTTP GET /api/health-records responded 200 in 15.0964 ms
2026-06-06 16:09:56.398 +07:00 [INF] HTTP GET /api/medical-history/follow-ups responded 200 in 60.7891 ms
2026-06-06 16:09:56.447 +07:00 [INF] HTTP GET /api/medical-history responded 200 in 40.8543 ms
2026-06-06 16:09:56.721 +07:00 [INF] HTTP GET /api/health-records responded 200 in 9.2190 ms
2026-06-06 16:09:57.311 +07:00 [INF] HTTP GET /api/medical-history/follow-ups responded 200 in 72.4014 ms
2026-06-06 16:09:57.325 +07:00 [INF] HTTP GET /api/health-records responded 200 in 88.7484 ms
2026-06-06 16:09:57.358 +07:00 [INF] HTTP GET /api/vaccines/overdue responded 200 in 118.0498 ms
2026-06-06 16:09:57.377 +07:00 [INF] HTTP GET /api/reminders/upcoming responded 200 in 118.1510 ms
2026-06-06 16:11:24.253 +07:00 [INF] HTTP OPTIONS /api/health-records responded 204 in 0.6090 ms
2026-06-06 16:11:24.298 +07:00 [INF] HTTP OPTIONS /api/vaccines/overdue responded 204 in 0.0871 ms
2026-06-06 16:11:24.253 +07:00 [INF] HTTP OPTIONS /api/medical-history/follow-ups responded 204 in 0.0174 ms
2026-06-06 16:11:24.380 +07:00 [INF] HTTP OPTIONS /api/reminders/upcoming responded 204 in 0.0747 ms
2026-06-06 16:11:24.555 +07:00 [INF] HTTP GET /api/medical-history/follow-ups responded 200 in 140.4935 ms
2026-06-06 16:11:24.555 +07:00 [INF] HTTP GET /api/health-records responded 200 in 146.1692 ms
2026-06-06 16:11:24.562 +07:00 [INF] HTTP GET /api/vaccines/overdue responded 200 in 151.2535 ms
2026-06-06 16:11:24.567 +07:00 [INF] HTTP GET /api/reminders/upcoming responded 200 in 56.6305 ms
2026-06-06 16:11:42.440 +07:00 [INF] HTTP OPTIONS /api/reminders/upcoming responded 204 in 0.9843 ms
2026-06-06 16:11:42.441 +07:00 [INF] HTTP OPTIONS /api/reminders responded 204 in 0.9823 ms
2026-06-06 16:11:42.525 +07:00 [INF] HTTP GET /api/reminders/upcoming responded 200 in 38.7208 ms
2026-06-06 16:11:42.541 +07:00 [INF] HTTP GET /api/reminders responded 200 in 54.5176 ms
2026-06-06 16:11:44.341 +07:00 [INF] HTTP OPTIONS /api/prescriptions responded 204 in 0.1368 ms
2026-06-06 16:11:44.393 +07:00 [INF] HTTP GET /api/prescriptions responded 200 in 27.7878 ms
2026-06-06 16:11:44.991 +07:00 [INF] HTTP OPTIONS /api/health-records responded 204 in 0.4902 ms
2026-06-06 16:11:44.991 +07:00 [INF] HTTP OPTIONS /api/vaccines responded 204 in 0.0259 ms
2026-06-06 16:11:44.992 +07:00 [INF] HTTP OPTIONS /api/vaccines/overdue responded 204 in 0.0092 ms
2026-06-06 16:11:45.015 +07:00 [INF] HTTP GET /api/health-records responded 200 in 8.6916 ms
2026-06-06 16:11:45.034 +07:00 [INF] HTTP GET /api/vaccines/overdue responded 200 in 14.8223 ms
2026-06-06 16:11:45.044 +07:00 [INF] HTTP GET /api/vaccines responded 200 in 26.1794 ms
2026-06-06 16:11:45.659 +07:00 [INF] HTTP OPTIONS /api/medical-history responded 204 in 0.0656 ms
2026-06-06 16:11:45.660 +07:00 [INF] HTTP OPTIONS /api/medical-history/follow-ups responded 204 in 0.0162 ms
2026-06-06 16:11:45.668 +07:00 [INF] HTTP GET /api/health-records responded 200 in 8.9639 ms
2026-06-06 16:11:45.685 +07:00 [INF] HTTP GET /api/medical-history/follow-ups responded 200 in 7.1918 ms
2026-06-06 16:11:45.706 +07:00 [INF] HTTP GET /api/medical-history responded 200 in 30.3241 ms
2026-06-06 16:11:46.442 +07:00 [INF] HTTP GET /api/health-records responded 200 in 11.3860 ms
2026-06-06 16:11:47.223 +07:00 [INF] HTTP GET /api/vaccines/overdue responded 200 in 11.7522 ms
2026-06-06 16:11:47.223 +07:00 [INF] HTTP GET /api/health-records responded 200 in 11.7523 ms
2026-06-06 16:11:47.229 +07:00 [INF] HTTP GET /api/medical-history/follow-ups responded 200 in 17.3141 ms
2026-06-06 16:11:47.234 +07:00 [INF] HTTP GET /api/reminders/upcoming responded 200 in 18.9561 ms
2026-06-06 16:11:48.095 +07:00 [INF] HTTP GET /api/health-records responded 200 in 10.8882 ms
2026-06-06 16:11:48.102 +07:00 [INF] HTTP GET /api/vaccines/overdue responded 200 in 18.1620 ms
2026-06-06 16:11:48.102 +07:00 [INF] HTTP GET /api/vaccines responded 200 in 18.3612 ms
2026-06-06 16:11:50.950 +07:00 [INF] HTTP OPTIONS /api/prescriptions responded 204 in 1.8375 ms
2026-06-06 16:11:50.977 +07:00 [INF] HTTP GET /api/prescriptions responded 200 in 10.6666 ms
2026-06-06 16:11:51.441 +07:00 [INF] HTTP OPTIONS /api/health-records responded 204 in 0.0487 ms
2026-06-06 16:11:51.442 +07:00 [INF] HTTP OPTIONS /api/vaccines responded 204 in 0.0548 ms
2026-06-06 16:11:51.442 +07:00 [INF] HTTP OPTIONS /api/vaccines/overdue responded 204 in 0.0068 ms
2026-06-06 16:11:51.470 +07:00 [INF] HTTP GET /api/health-records responded 200 in 10.6523 ms
2026-06-06 16:11:51.484 +07:00 [INF] HTTP GET /api/vaccines responded 200 in 17.5607 ms
2026-06-06 16:11:51.496 +07:00 [INF] HTTP GET /api/vaccines/overdue responded 200 in 8.7312 ms
2026-06-06 16:11:55.326 +07:00 [INF] HTTP OPTIONS /api/medical-history/follow-ups responded 204 in 0.0853 ms
2026-06-06 16:11:55.344 +07:00 [INF] HTTP GET /api/vaccines/overdue responded 200 in 17.6333 ms
2026-06-06 16:11:55.344 +07:00 [INF] HTTP GET /api/health-records responded 200 in 18.1778 ms
2026-06-06 16:11:55.327 +07:00 [INF] HTTP OPTIONS /api/reminders/upcoming responded 204 in 0.0287 ms
2026-06-06 16:11:55.367 +07:00 [INF] HTTP GET /api/medical-history/follow-ups responded 200 in 10.0887 ms
2026-06-06 16:11:55.380 +07:00 [INF] HTTP GET /api/reminders/upcoming responded 200 in 7.4715 ms
2026-06-06 16:12:43.231 +07:00 [INF] HTTP OPTIONS /api/reminders/upcoming responded 204 in 0.5117 ms
2026-06-06 16:12:43.231 +07:00 [INF] HTTP OPTIONS /api/medical-history/follow-ups responded 204 in 0.5090 ms
2026-06-06 16:12:43.329 +07:00 [INF] HTTP OPTIONS /api/vaccines/overdue responded 204 in 0.0571 ms
2026-06-06 16:12:43.253 +07:00 [INF] HTTP OPTIONS /api/health-records responded 204 in 0.0540 ms
2026-06-06 16:12:43.506 +07:00 [INF] HTTP GET /api/medical-history/follow-ups responded 200 in 100.2964 ms
2026-06-06 16:12:43.507 +07:00 [INF] HTTP GET /api/reminders/upcoming responded 200 in 125.2545 ms
2026-06-06 16:12:43.529 +07:00 [INF] HTTP GET /api/vaccines/overdue responded 200 in 49.1835 ms
2026-06-06 16:12:43.563 +07:00 [INF] HTTP GET /api/health-records responded 200 in 44.9598 ms
